Component: ARM Compiler 5.06 update 7 (build 960) Tool: armlink [4d3601]

==============================================================================

Section Cross References

    startup_stm32h743xx.o(RESET) refers to startup_stm32h743xx.o(STACK) for __initial_sp
    startup_stm32h743xx.o(RESET) refers to startup_stm32h743xx.o(.text) for Reset_Handler
    startup_stm32h743xx.o(RESET) refers to stm32h7xx_it.o(i.NMI_Handler) for NMI_Handler
    startup_stm32h743xx.o(RESET) refers to stm32h7xx_it.o(i.HardFault_Handler) for HardFault_Handler
    startup_stm32h743xx.o(RESET) refers to stm32h7xx_it.o(i.MemManage_Handler) for MemManage_Handler
    startup_stm32h743xx.o(RESET) refers to stm32h7xx_it.o(i.BusFault_Handler) for BusFault_Handler
    startup_stm32h743xx.o(RESET) refers to stm32h7xx_it.o(i.UsageFault_Handler) for UsageFault_Handler
    startup_stm32h743xx.o(RESET) refers to port.o(.emb_text) for SVC_Handler
    startup_stm32h743xx.o(RESET) refers to stm32h7xx_it.o(i.DebugMon_Handler) for DebugMon_Handler
    startup_stm32h743xx.o(RESET) refers to cmsis_os2.o(i.SysTick_Handler) for SysTick_Handler
    startup_stm32h743xx.o(RESET) refers to stm32h7xx_it.o(i.DMA1_Stream0_IRQHandler) for DMA1_Stream0_IRQHandler
    startup_stm32h743xx.o(RESET) refers to stm32h7xx_it.o(i.DMA1_Stream1_IRQHandler) for DMA1_Stream1_IRQHandler
    startup_stm32h743xx.o(RESET) refers to stm32h7xx_it.o(i.DMA1_Stream2_IRQHandler) for DMA1_Stream2_IRQHandler
    startup_stm32h743xx.o(RESET) refers to stm32h7xx_it.o(i.DMA1_Stream3_IRQHandler) for DMA1_Stream3_IRQHandler
    startup_stm32h743xx.o(RESET) refers to stm32h7xx_it.o(i.DMA1_Stream4_IRQHandler) for DMA1_Stream4_IRQHandler
    startup_stm32h743xx.o(RESET) refers to stm32h7xx_it.o(i.DMA1_Stream5_IRQHandler) for DMA1_Stream5_IRQHandler
    startup_stm32h743xx.o(RESET) refers to stm32h7xx_it.o(i.DMA1_Stream6_IRQHandler) for DMA1_Stream6_IRQHandler
    startup_stm32h743xx.o(RESET) refers to stm32h7xx_it.o(i.FDCAN1_IT0_IRQHandler) for FDCAN1_IT0_IRQHandler
    startup_stm32h743xx.o(RESET) refers to stm32h7xx_it.o(i.FDCAN2_IT0_IRQHandler) for FDCAN2_IT0_IRQHandler
    startup_stm32h743xx.o(RESET) refers to stm32h7xx_it.o(i.USART1_IRQHandler) for USART1_IRQHandler
    startup_stm32h743xx.o(RESET) refers to stm32h7xx_it.o(i.USART3_IRQHandler) for USART3_IRQHandler
    startup_stm32h743xx.o(RESET) refers to stm32h7xx_it.o(i.DMA1_Stream7_IRQHandler) for DMA1_Stream7_IRQHandler
    startup_stm32h743xx.o(RESET) refers to stm32h7xx_it.o(i.UART4_IRQHandler) for UART4_IRQHandler
    startup_stm32h743xx.o(RESET) refers to stm32h7xx_it.o(i.TIM6_DAC_IRQHandler) for TIM6_DAC_IRQHandler
    startup_stm32h743xx.o(RESET) refers to stm32h7xx_it.o(i.SPI4_IRQHandler) for SPI4_IRQHandler
    startup_stm32h743xx.o(RESET) refers to stm32h7xx_it.o(i.SPI6_IRQHandler) for SPI6_IRQHandler
    startup_stm32h743xx.o(RESET) refers to stm32h7xx_it.o(i.BDMA_Channel0_IRQHandler) for BDMA_Channel0_IRQHandler
    startup_stm32h743xx.o(RESET) refers to stm32h7xx_it.o(i.BDMA_Channel1_IRQHandler) for BDMA_Channel1_IRQHandler
    startup_stm32h743xx.o(.text) refers to system_stm32h7xx.o(i.SystemInit) for SystemInit
    startup_stm32h743xx.o(.text) refers to entry.o(.ARM.Collect$$$$00000000) for __main
    main.o(i.HAL_TIM_PeriodElapsedCallback) refers to stm32h7xx_hal.o(i.HAL_IncTick) for HAL_IncTick
    main.o(i.HAL_TIM_PeriodElapsedCallback) refers to freertos.o(i.Task_Cycle_Count) for Task_Cycle_Count
    main.o(i.Printf_Array) refers to printfa.o(i.__0printf) for __2printf
    main.o(i.SystemClock_Config) refers to memseta.o(.text) for __aeabi_memclr4
    main.o(i.SystemClock_Config) refers to stm32h7xx_hal_pwr_ex.o(i.HAL_PWREx_ConfigSupply) for HAL_PWREx_ConfigSupply
    main.o(i.SystemClock_Config) refers to stm32h7xx_hal_rcc.o(i.HAL_RCC_OscConfig) for HAL_RCC_OscConfig
    main.o(i.SystemClock_Config) refers to main.o(i.Error_Handler) for Error_Handler
    main.o(i.SystemClock_Config) refers to stm32h7xx_hal_rcc.o(i.HAL_RCC_ClockConfig) for HAL_RCC_ClockConfig
    main.o(i.fputc) refers to stm32h7xx_hal_uart.o(i.HAL_UART_Transmit) for HAL_UART_Transmit
    main.o(i.fputc) refers to usart.o(.bss) for huart2
    main.o(i.main) refers to stm32h7xx_hal.o(i.HAL_Init) for HAL_Init
    main.o(i.main) refers to main.o(i.SystemClock_Config) for SystemClock_Config
    main.o(i.main) refers to gpio.o(i.MX_GPIO_Init) for MX_GPIO_Init
    main.o(i.main) refers to bdma.o(i.MX_BDMA_Init) for MX_BDMA_Init
    main.o(i.main) refers to dma.o(i.MX_DMA_Init) for MX_DMA_Init
    main.o(i.main) refers to usart.o(i.MX_UART4_Init) for MX_UART4_Init
    main.o(i.main) refers to spi.o(i.MX_SPI6_Init) for MX_SPI6_Init
    main.o(i.main) refers to fdcan.o(i.MX_FDCAN1_Init) for MX_FDCAN1_Init
    main.o(i.main) refers to fdcan.o(i.MX_FDCAN2_Init) for MX_FDCAN2_Init
    main.o(i.main) refers to usart.o(i.MX_USART1_UART_Init) for MX_USART1_UART_Init
    main.o(i.main) refers to usart.o(i.MX_USART2_UART_Init) for MX_USART2_UART_Init
[...]
    HAL_FDCAN_TxEventFifoCallback            0x08005695   Thumb Code     2  stm32h7xx_hal_fdcan.o(i.HAL_FDCAN_TxEventFifoCallback)
    HAL_FDCAN_TxFifoEmptyCallback            0x08005697   Thumb Code     2  stm32h7xx_hal_fdcan.o(i.HAL_FDCAN_TxFifoEmptyCallback)
    HAL_GPIO_Init                            0x08005699   Thumb Code   456  stm32h7xx_hal_gpio.o(i.HAL_GPIO_Init)
    HAL_GPIO_WritePin                        0x08005895   Thumb Code    12  stm32h7xx_hal_gpio.o(i.HAL_GPIO_WritePin)
    HAL_GetREVID                             0x080058a1   Thumb Code     8  stm32h7xx_hal.o(i.HAL_GetREVID)
    HAL_GetTick                              0x080058ad   Thumb Code     6  stm32h7xx_hal.o(i.HAL_GetTick)
    HAL_I2CEx_EnableFastModePlus             0x080058b9   Thumb Code    42  stm32h7xx_hal_i2c_ex.o(i.HAL_I2CEx_EnableFastModePlus)
    HAL_IncTick                              0x080058ed   Thumb Code    16  stm32h7xx_hal.o(i.HAL_IncTick)
    HAL_Init                                 0x08005905   Thumb Code    80  stm32h7xx_hal.o(i.HAL_Init)
    HAL_InitTick                             0x08005965   Thumb Code   140  stm32h7xx_hal_timebase_tim.o(i.HAL_InitTick)
    HAL_MspInit                              0x08005a05   Thumb Code    42  stm32h7xx_hal_msp.o(i.HAL_MspInit)
    HAL_NVIC_EnableIRQ                       0x08005a35   Thumb Code    40  stm32h7xx_hal_cortex.o(i.HAL_NVIC_EnableIRQ)
    HAL_NVIC_SetPriority                     0x08005a5d   Thumb Code   122  stm32h7xx_hal_cortex.o(i.HAL_NVIC_SetPriority)
    HAL_NVIC_SetPriorityGrouping             0x08005ad9   Thumb Code    32  stm32h7xx_hal_cortex.o(i.HAL_NVIC_SetPriorityGrouping)
    HAL_PWREx_ConfigSupply                   0x08005b01   Thumb Code    90  stm32h7xx_hal_pwr_ex.o(i.HAL_PWREx_ConfigSupply)
    HAL_RCCEx_GetD3PCLK1Freq                 0x08005b61   Thumb Code    26  stm32h7xx_hal_rcc_ex.o(i.HAL_RCCEx_GetD3PCLK1Freq)
    HAL_RCCEx_GetPLL1ClockFreq               0x08005b85   Thumb Code   536  stm32h7xx_hal_rcc_ex.o(i.HAL_RCCEx_GetPLL1ClockFreq)
    HAL_RCCEx_GetPLL2ClockFreq               0x08005db5   Thumb Code   536  stm32h7xx_hal_rcc_ex.o(i.HAL_RCCEx_GetPLL2ClockFreq)
    HAL_RCCEx_GetPLL3ClockFreq               0x08005fe5   Thumb Code   536  stm32h7xx_hal_rcc_ex.o(i.HAL_RCCEx_GetPLL3ClockFreq)
    HAL_RCCEx_GetPeriphCLKFreq               0x08006215   Thumb Code  2216  stm32h7xx_hal_rcc_ex.o(i.HAL_RCCEx_GetPeriphCLKFreq)
    HAL_RCCEx_PeriphCLKConfig                0x08006ac5   Thumb Code  3432  stm32h7xx_hal_rcc_ex.o(i.HAL_RCCEx_PeriphCLKConfig)
    HAL_RCC_ClockConfig                      0x0800782d   Thumb Code   774  stm32h7xx_hal_rcc.o(i.HAL_RCC_ClockConfig)
    HAL_RCC_GetClockConfig                   0x08007b4d   Thumb Code    98  stm32h7xx_hal_rcc.o(i.HAL_RCC_GetClockConfig)
    HAL_RCC_GetHCLKFreq                      0x08007bb9   Thumb Code    60  stm32h7xx_hal_rcc.o(i.HAL_RCC_GetHCLKFreq)
    HAL_RCC_GetPCLK1Freq                     0x08007c05   Thumb Code    26  stm32h7xx_hal_rcc.o(i.HAL_RCC_GetPCLK1Freq)
    HAL_RCC_GetPCLK2Freq                     0x08007c29   Thumb Code    26  stm32h7xx_hal_rcc.o(i.HAL_RCC_GetPCLK2Freq)
    HAL_RCC_GetSysClockFreq                  0x08007c4d   Thumb Code   524  stm32h7xx_hal_rcc.o(i.HAL_RCC_GetSysClockFreq)
    HAL_RCC_OscConfig                        0x08007e79   Thumb Code  2130  stm32h7xx_hal_rcc.o(i.HAL_RCC_OscConfig)
    HAL_SPI_ErrorCallback                    0x080086d1   Thumb Code     2  stm32h7xx_hal_spi.o(i.HAL_SPI_ErrorCallback)
    HAL_SPI_IRQHandler                       0x080086d5   Thumb Code   654  stm32h7xx_hal_spi.o(i.HAL_SPI_IRQHandler)
    HAL_SPI_Init                             0x08008969   Thumb Code   420  stm32h7xx_hal_spi.o(i.HAL_SPI_Init)
    HAL_SPI_MspInit                          0x08008b19   Thumb Code   658  spi.o(i.HAL_SPI_MspInit)
    HAL_SPI_RxCpltCallback                   0x08008de1   Thumb Code     2  stm32h7xx_hal_spi.o(i.HAL_SPI_RxCpltCallback)
    HAL_SPI_SuspendCallback                  0x08008de3   Thumb Code     2  stm32h7xx_hal_spi.o(i.HAL_SPI_SuspendCallback)
    HAL_SPI_TxCpltCallback                   0x08008de5   Thumb Code     2  stm32h7xx_hal_spi.o(i.HAL_SPI_TxCpltCallback)
    HAL_SPI_TxRxCpltCallback                 0x08008de7   Thumb Code     2  stm32h7xx_hal_spi.o(i.HAL_SPI_TxRxCpltCallback)
    HAL_TIMEx_Break2Callback                 0x08008de9   Thumb Code     2  stm32h7xx_hal_tim_ex.o(i.HAL_TIMEx_Break2Callback)
    HAL_TIMEx_BreakCallback                  0x08008deb   Thumb Code     2  stm32h7xx_hal_tim_ex.o(i.HAL_TIMEx_BreakCallback)
    HAL_TIMEx_CommutCallback                 0x08008ded   Thumb Code     2  stm32h7xx_hal_tim_ex.o(i.HAL_TIMEx_CommutCallback)
    HAL_TIM_Base_Init                        0x08008def   Thumb Code   110  stm32h7xx_hal_tim.o(i.HAL_TIM_Base_Init)
    HAL_TIM_Base_MspInit                     0x08008e5d   Thumb Code     2  stm32h7xx_hal_tim.o(i.HAL_TIM_Base_MspInit)
    HAL_TIM_Base_Start_IT                    0x08008e61   Thumb Code   146  stm32h7xx_hal_tim.o(i.HAL_TIM_Base_Start_IT)
    HAL_TIM_IC_CaptureCallback               0x08008f15   Thumb Code     2  stm32h7xx_hal_tim.o(i.HAL_TIM_IC_CaptureCallback)
    HAL_TIM_IRQHandler                       0x08008f17   Thumb Code   408  stm32h7xx_hal_tim.o(i.HAL_TIM_IRQHandler)
    HAL_TIM_OC_DelayElapsedCallback          0x080090af   Thumb Code     2  stm32h7xx_hal_tim.o(i.HAL_TIM_OC_DelayElapsedCallback)
    HAL_TIM_PWM_PulseFinishedCallback        0x080090b1   Thumb Code     2  stm32h7xx_hal_tim.o(i.HAL_TIM_PWM_PulseFinishedCallback)
    HAL_TIM_PeriodElapsedCallback            0x080090b5   Thumb Code    30  main.o(i.HAL_TIM_PeriodElapsedCallback)
    HAL_TIM_TriggerCallback                  0x080090d9   Thumb Code     2  stm32h7xx_hal_tim.o(i.HAL_TIM_TriggerCallback)
    HAL_UARTEx_DisableFifoMode               0x080090db   Thumb Code    78  stm32h7xx_hal_uart_ex.o(i.HAL_UARTEx_DisableFifoMode)
    HAL_UARTEx_ReceiveToIdle_DMA             0x08009129   Thumb Code    98  stm32h7xx_hal_uart_ex.o(i.HAL_UARTEx_ReceiveToIdle_DMA)
    HAL_UARTEx_RxEventCallback               0x0800918d   Thumb Code    82  usart.o(i.HAL_UARTEx_RxEventCallback)
    HAL_UARTEx_RxFifoFullCallback            0x08009205   Thumb Code     2  stm32h7xx_hal_uart_ex.o(i.HAL_UARTEx_RxFifoFullCallback)
    HAL_UARTEx_SetRxFifoThreshold            0x08009207   Thumb Code    94  stm32h7xx_hal_uart_ex.o(i.HAL_UARTEx_SetRxFifoThreshold)
    HAL_UARTEx_SetTxFifoThreshold            0x08009265   Thumb Code    94  stm32h7xx_hal_uart_ex.o(i.HAL_UARTEx_SetTxFifoThreshold)
    HAL_UARTEx_TxFifoEmptyCallback           0x080092c3   Thumb Code     2  stm32h7xx_hal_uart_ex.o(i.HAL_UARTEx_TxFifoEmptyCallback)
    HAL_UARTEx_WakeupCallback                0x080092c5   Thumb Code     2  stm32h7xx_hal_uart_ex.o(i.HAL_UARTEx_WakeupCallback)
    HAL_UART_AbortReceive                    0x080092c9   Thumb Code   220  stm32h7xx_hal_uart.o(i.HAL_UART_AbortReceive)
    HAL_UART_ErrorCallback                   0x080093a9   Thumb Code   136  usart.o(i.HAL_UART_ErrorCallback)
    HAL_UART_IRQHandler                      0x08009461   Thumb Code  1172  stm32h7xx_hal_uart.o(i.HAL_UART_IRQHandler)
    HAL_UART_Init                            0x080098f5   Thumb Code   120  stm32h7xx_hal_uart.o(i.HAL_UART_Init)
    HAL_UART_MspInit                         0x0800996d   Thumb Code   952  usart.o(i.HAL_UART_MspInit)
    HAL_UART_RxCpltCallback                  0x08009d61   Thumb Code     2  stm32h7xx_hal_uart.o(i.HAL_UART_RxCpltCallback)
    HAL_UART_RxHalfCpltCallback              0x08009d63   Thumb Code     2  stm32h7xx_hal_uart.o(i.HAL_UART_RxHalfCpltCallback)
    HAL_UART_Transmit                        0x08009d65   Thumb Code   194  stm32h7xx_hal_uart.o(i.HAL_UART_Transmit)
    HAL_UART_TxCpltCallback                  0x08009e29   Thumb Code    58  usart.o(i.HAL_UART_TxCpltCallback)
    HardFault_Handler                        0x08009e7d   Thumb Code    10  stm32h7xx_it.o(i.HardFault_Handler)
    MX_ADC3_Init                             0x08009efd   Thumb Code   116  adc.o(i.MX_ADC3_Init)
    MX_BDMA_Init                             0x08009f7d   Thumb Code    64  bdma.o(i.MX_BDMA_Init)
    MX_DMA_Init                              0x08009fc1   Thumb Code   160  dma.o(i.MX_DMA_Init)
    MX_FDCAN1_Init                           0x0800a065   Thumb Code   140  fdcan.o(i.MX_FDCAN1_Init)
    MX_FDCAN2_Init                           0x0800a0f9   Thumb Code   142  fdcan.o(i.MX_FDCAN2_Init)
    MX_FREERTOS_Init                         0x0800a191   Thumb Code   294  freertos.o(i.MX_FREERTOS_Init)
    MX_GPIO_Init                             0x0800a395   Thumb Code   652  gpio.o(i.MX_GPIO_Init)
    MX_SPI4_Init                             0x0800a641   Thumb Code    86  spi.o(i.MX_SPI4_Init)
    MX_SPI5_Init                             0x0800a6a1   Thumb Code    86  spi.o(i.MX_SPI5_Init)
    MX_SPI6_Init                             0x0800a701   Thumb Code    86  spi.o(i.MX_SPI6_Init)
    MX_UART4_Init                            0x0800a761   Thumb Code    98  usart.o(i.MX_UART4_Init)
    MX_USART1_UART_Init                      0x0800a7cd   Thumb Code    98  usart.o(i.MX_USART1_UART_Init)
    MX_USART2_UART_Init                      0x0800a839   Thumb Code    98  usart.o(i.MX_USART2_UART_Init)
    MX_USART3_UART_Init                      0x0800a8a5   Thumb Code    98  usart.o(i.MX_USART3_UART_Init)
    MemManage_Handler                        0x0800a911   Thumb Code     4  stm32h7xx_it.o(i.MemManage_Handler)
    NMI_Handler                              0x0800a915   Thumb Code     4  stm32h7xx_it.o(i.NMI_Handler)
    ProcessFIFOData                          0x0800abd1   Thumb Code   118  fdcan.o(i.ProcessFIFOData)
    SPI4_IRQHandler                          0x0800af91   Thumb Code    10  stm32h7xx_it.o(i.SPI4_IRQHandler)
    SPI6_IRQHandler                          0x0800afa1   Thumb Code    10  stm32h7xx_it.o(i.SPI6_IRQHandler)
    StartComm485_1_Task                      0x0800b0bd   Thumb Code    10  freertos.o(i.StartComm485_1_Task)
    StartComm485_2_Task                      0x0800b0c7   Thumb Code    10  freertos.o(i.StartComm485_2_Task)
    StartComm485_3_Task                      0x0800b0d1   Thumb Code    10  freertos.o(i.StartComm485_3_Task)
    StartCommCAN_1_Task                      0x0800b0db   Thumb Code    10  freertos.o(i.StartCommCAN_1_Task)
    StartCommCAN_2_Task                      0x0800b0e5   Thumb Code    10  freertos.o(i.StartCommCAN_2_Task)
    StartCommCAN_3_Task                      0x0800b0ef   Thumb Code    10  freertos.o(i.StartCommCAN_3_Task)
    StartCommLAN_1_Task                      0x0800b0f9   Thumb Code    10  freertos.o(i.StartCommLAN_1_Task)
    StartCommLAN_2_Task                      0x0800b103   Thumb Code    10  freertos.o(i.StartCommLAN_2_Task)
    StartDefaultTask                         0x0800b10d   Thumb Code    12  freertos.o(i.StartDefaultTask)
    SysTick_Handler                          0x0800b119   Thumb Code    22  cmsis_os2.o(i.SysTick_Handler)
    SystemClock_Config                       0x0800b131   Thumb Code   298  main.o(i.SystemClock_Config)
    SystemInit                               0x0800b269   Thumb Code   212  system_stm32h7xx.o(i.SystemInit)
    TIM6_DAC_IRQHandler                      0x0800b365   Thumb Code    10  stm32h7xx_it.o(i.TIM6_DAC_IRQHandler)
    TIM_Base_SetConfig                       0x0800b375   Thumb Code   186  stm32h7xx_hal_tim.o(i.TIM_Base_SetConfig)
    Task_Cycle_Count                         0x0800b451   Thumb Code   244  freertos.o(i.Task_Cycle_Count)
    UART4_IRQHandler                         0x0800b585   Thumb Code    10  stm32h7xx_it.o(i.UART4_IRQHandler)
    UART_AdvFeatureConfig                    0x0800b5ed   Thumb Code   248  stm32h7xx_hal_uart.o(i.UART_AdvFeatureConfig)
    UART_CheckIdleState                      0x0800b6e5   Thumb Code   234  stm32h7xx_hal_uart.o(i.UART_CheckIdleState)
    UART_SetConfig                           0x0800b9f5   Thumb Code  1402  stm32h7xx_hal_uart.o(i.UART_SetConfig)
    UART_Start_Receive_DMA                   0x0800bf81   Thumb Code   186  stm32h7xx_hal_uart.o(i.UART_Start_Receive_DMA)
    UART_WaitOnFlagUntilTimeout              0x0800c049   Thumb Code   172  stm32h7xx_hal_uart.o(i.UART_WaitOnFlagUntilTimeout)
    USART1_IRQHandler                        0x0800c0f5   Thumb Code    10  stm32h7xx_it.o(i.USART1_IRQHandler)
    USART3_IRQHandler                        0x0800c105   Thumb Code    10  stm32h7xx_it.o(i.USART3_IRQHandler)
    UsageFault_Handler                       0x0800c115   Thumb Code     4  stm32h7xx_it.o(i.UsageFault_Handler)
    __0printf                                0x0800c119   Thumb Code    22  printfa.o(i.__0printf)
    __1printf                                0x0800c119   Thumb Code     0  printfa.o(i.__0printf)
    __2printf                                0x0800c119   Thumb Code     0  printfa.o(i.__0printf)
    __c89printf                              0x0800c119   Thumb Code     0  printfa.o(i.__0printf)
    printf                                   0x0800c119   Thumb Code     0  printfa.o(i.__0printf)
    __aeabi_errno_addr                       0x0800c171   Thumb Code     4  errno.o(i.__aeabi_errno_addr)
    __rt_errno_addr                          0x0800c171   Thumb Code     0  errno.o(i.__aeabi_errno_addr)
    free                                     0x0800c179   Thumb Code    88  mallocr.o(i.__free$realloc)
    malloc                                   0x0800c1dd   Thumb Code    64  mallocr.o(i.__malloc$realloc)
    __scatterload_copy                       0x0800c22d   Thumb Code    14  handlers.o(i.__scatterload_copy)
    __scatterload_null                       0x0800c23b   Thumb Code     2  handlers.o(i.__scatterload_null)
    __scatterload_zeroinit                   0x0800c23d   Thumb Code    14  handlers.o(i.__scatterload_zeroinit)
    _is_digit                                0x0800c3d1   Thumb Code    14  scanf_fp.o(i._is_digit)
    cJSON_Delete                             0x0800cb31   Thumb Code    92  cjson.o(i.cJSON_Delete)
    cJSON_GetArrayItem                       0x0800cb91   Thumb Code    24  cjson.o(i.cJSON_GetArrayItem)
    cJSON_GetArraySize                       0x0800cba9   Thumb Code    28  cjson.o(i.cJSON_GetArraySize)
    cJSON_GetNumberValue                     0x0800cbc5   Thumb Code    24  cjson.o(i.cJSON_GetNumberValue)
    cJSON_GetObjectItem                      0x0800cbe5   Thumb Code    18  cjson.o(i.cJSON_GetObjectItem)
    cJSON_IsNumber                           0x0800cbf7   Thumb Code    22  cjson.o(i.cJSON_IsNumber)
    cJSON_Parse                              0x0800cc29   Thumb Code    16  cjson.o(i.cJSON_Parse)
    cJSON_ParseWithLengthOpts                0x0800cc39   Thumb Code   204  cjson.o(i.cJSON_ParseWithLengthOpts)
    cJSON_ParseWithOpts                      0x0800cd0d   Thumb Code    40  cjson.o(i.cJSON_ParseWithOpts)
    cJSON_To_ProtocolConvert                 0x0800cd35   Thumb Code  1794  protocolconvert.o(i.cJSON_To_ProtocolConvert)
    fputc                                    0x0800d489   Thumb Code    28  main.o(i.fputc)
    main                                     0x0800d56d   Thumb Code    96  main.o(i.main)
    osDelay                                  0x0800d5d1   Thumb Code    30  cmsis_os2.o(i.osDelay)
    osEventFlagsNew                          0x0800d5ef   Thumb Code    70  cmsis_os2.o(i.osEventFlagsNew)
    osEventFlagsSet                          0x0800d635   Thumb Code    88  cmsis_os2.o(i.osEventFlagsSet)
    osEventFlagsWait                         0x0800d691   Thumb Code   144  cmsis_os2.o(i.osEventFlagsWait)
    osKernelInitialize                       0x0800d721   Thumb Code    38  cmsis_os2.o(i.osKernelInitialize)
    osKernelStart                            0x0800d74d   Thumb Code    82  cmsis_os2.o(i.osKernelStart)
    osSemaphoreNew                           0x0800d7ad   Thumb Code   204  cmsis_os2.o(i.osSemaphoreNew)
    osSemaphoreRelease                       0x0800d879   Thumb Code    88  cmsis_os2.o(i.osSemaphoreRelease)
    osThreadNew                              0x0800d8d5   Thumb Code   184  cmsis_os2.o(i.osThreadNew)
    pvPortMalloc                             0x0800eac1   Thumb Code   306  heap_4.o(i.pvPortMalloc)
    pxPortInitialiseStack                    0x0800ec0d   Thumb Code    38  port.o(i.pxPortInitialiseStack)
    realloc                                  0x0800ec39   Thumb Code   102  mallocr.o(i.realloc)
    strtod                                   0x0800ece1   Thumb Code    34  strtod.o(i.strtod)
    uxListRemove                             0x0800ee3d   Thumb Code    40  list.o(i.uxListRemove)
    uxTaskResetEventItemValue                0x0800ee65   Thumb Code    24  tasks.o(i.uxTaskResetEventItemValue)
    vApplicationGetIdleTaskMemory            0x0800ee81   Thumb Code    14  cmsis_os2.o(i.vApplicationGetIdleTaskMemory)
    vApplicationGetTimerTaskMemory           0x0800ee99   Thumb Code    16  cmsis_os2.o(i.vApplicationGetTimerTaskMemory)
    vEventGroupSetBitsCallback               0x0800eeb1   Thumb Code    16  event_groups.o(i.vEventGroupSetBitsCallback)
    vListInitialise                          0x0800eec1   Thumb Code    26  list.o(i.vListInitialise)
    vListInitialiseItem                      0x0800eedb   Thumb Code     6  list.o(i.vListInitialiseItem)
    vListInsert                              0x0800eee1   Thumb Code    52  list.o(i.vListInsert)
    vListInsertEnd                           0x0800ef15   Thumb Code    24  list.o(i.vListInsertEnd)
    vPortEnterCritical                       0x0800ef2d   Thumb Code    76  port.o(i.vPortEnterCritical)
    vPortExitCritical                        0x0800ef81   Thumb Code    56  port.o(i.vPortExitCritical)
    vPortFree                                0x0800efbd   Thumb Code   150  heap_4.o(i.vPortFree)
    vPortSetupTimerInterrupt                 0x0800f061   Thumb Code    36  port.o(i.vPortSetupTimerInterrupt)
    vPortValidateInterruptPriority           0x0800f089   Thumb Code   106  port.o(i.vPortValidateInterruptPriority)
    vQueueAddToRegistry                      0x0800f101   Thumb Code    38  queue.o(i.vQueueAddToRegistry)
    vQueueDelete                             0x0800f12d   Thumb Code    50  queue.o(i.vQueueDelete)
    vQueueUnregisterQueue                    0x0800f161   Thumb Code    44  queue.o(i.vQueueUnregisterQueue)
    vQueueWaitForMessageRestricted           0x0800f191   Thumb Code    74  queue.o(i.vQueueWaitForMessageRestricted)
    vTaskDelay                               0x0800f1dd   Thumb Code    82  tasks.o(i.vTaskDelay)
    vTaskInternalSetTimeOutState             0x0800f239   Thumb Code    14  tasks.o(i.vTaskInternalSetTimeOutState)
    vTaskMissedYield                         0x0800f251   Thumb Code     8  tasks.o(i.vTaskMissedYield)
    vTaskPlaceOnEventList                    0x0800f25d   Thumb Code    52  tasks.o(i.vTaskPlaceOnEventList)
    vTaskPlaceOnEventListRestricted          0x0800f295   Thumb Code    60  tasks.o(i.vTaskPlaceOnEventListRestricted)
    vTaskPlaceOnUnorderedEventList           0x0800f2d5   Thumb Code   100  tasks.o(i.vTaskPlaceOnUnorderedEventList)
    vTaskRemoveFromUnorderedEventList        0x0800f341   Thumb Code   140  tasks.o(i.vTaskRemoveFromUnorderedEventList)
    vTaskStartScheduler                      0x0800f3e1   Thumb Code   156  tasks.o(i.vTaskStartScheduler)
    vTaskSuspendAll                          0x0800f499   Thumb Code    12  tasks.o(i.vTaskSuspendAll)
    vTaskSwitchContext                       0x0800f4a9   Thumb Code   122  tasks.o(i.vTaskSwitchContext)
    xEventGroupCreate                        0x0800f539   Thumb Code    30  event_groups.o(i.xEventGroupCreate)
    xEventGroupCreateStatic                  0x0800f557   Thumb Code    90  event_groups.o(i.xEventGroupCreateStatic)
    xEventGroupSetBits                       0x0800f5b1   Thumb Code   206  event_groups.o(i.xEventGroupSetBits)
    xEventGroupSetBitsFromISR                0x0800f681   Thumb Code    30  event_groups.o(i.xEventGroupSetBitsFromISR)
    xEventGroupWaitBits                      0x0800f6a5   Thumb Code   338  event_groups.o(i.xEventGroupWaitBits)
    xPortStartScheduler                      0x0800f7fd   Thumb Code   330  port.o(i.xPortStartScheduler)
    xPortSysTickHandler                      0x0800f965   Thumb Code    46  port.o(i.xPortSysTickHandler)
    xQueueCreateCountingSemaphore            0x0800f999   Thumb Code    92  queue.o(i.xQueueCreateCountingSemaphore)
    xQueueCreateCountingSemaphoreStatic      0x0800f9f5   Thumb Code   100  queue.o(i.xQueueCreateCountingSemaphoreStatic)
    xQueueGenericCreate                      0x0800fa59   Thumb Code    90  queue.o(i.xQueueGenericCreate)
    xQueueGenericCreateStatic                0x0800fab3   Thumb Code   224  queue.o(i.xQueueGenericCreateStatic)
    xQueueGenericReset                       0x0800fb95   Thumb Code   146  queue.o(i.xQueueGenericReset)
    xQueueGenericSend                        0x0800fc2d   Thumb Code   420  queue.o(i.xQueueGenericSend)
    xQueueGenericSendFromISR                 0x0800fdd5   Thumb Code   252  queue.o(i.xQueueGenericSendFromISR)
    xQueueGiveFromISR                        0x0800fed1   Thumb Code   224  queue.o(i.xQueueGiveFromISR)
    xQueueReceive                            0x0800ffb1   Thumb Code   356  queue.o(i.xQueueReceive)
    xTaskCheckForTimeOut                     0x08010119   Thumb Code   132  tasks.o(i.xTaskCheckForTimeOut)
    xTaskCreate                              0x080101a5   Thumb Code   100  tasks.o(i.xTaskCreate)
    xTaskCreateStatic                        0x08010209   Thumb Code   186  tasks.o(i.xTaskCreateStatic)
    xTaskGetSchedulerState                   0x080102c5   Thumb Code    24  tasks.o(i.xTaskGetSchedulerState)
    xTaskGetTickCount                        0x080102e5   Thumb Code     6  tasks.o(i.xTaskGetTickCount)
    xTaskIncrementTick                       0x080102f1   Thumb Code   280  tasks.o(i.xTaskIncrementTick)
    xTaskPriorityDisinherit                  0x08010435   Thumb Code   152  tasks.o(i.xTaskPriorityDisinherit)
    xTaskRemoveFromEventList                 0x080104d9   Thumb Code   126  tasks.o(i.xTaskRemoveFromEventList)
    xTaskResumeAll                           0x08010571   Thumb Code   222  tasks.o(i.xTaskResumeAll)
    xTimerCreateTimerTask                    0x08010675   Thumb Code   100  timers.o(i.xTimerCreateTimerTask)
    xTimerGenericCommand                     0x080106ed   Thumb Code   128  timers.o(i.xTimerGenericCommand)
    xTimerPendFunctionCallFromISR            0x08010771   Thumb Code    48  timers.o(i.xTimerPendFunctionCallFromISR)
    defaultTask_attributes                   0x080107a4   Data          36  freertos.o(.constdata)
    Comm485_1_Task_attributes                0x080107c8   Data          36  freertos.o(.constdata)
    Comm485_2_Task_attributes                0x080107ec   Data          36  freertos.o(.constdata)
    Comm485_3_Task_attributes                0x08010810   Data          36  freertos.o(.constdata)
    CommCAN_1_Task_attributes                0x08010834   Data          36  freertos.o(.constdata)
    CommCAN_2_Task_attributes                0x08010858   Data          36  freertos.o(.constdata)
    CommCAN_3_Task_attributes                0x0801087c   Data          36  freertos.o(.constdata)
    CommLAN_1_Task_attributes                0x080108a0   Data          36  freertos.o(.constdata)
    CommLAN_2_Task_attributes                0x080108c4   Data          36  freertos.o(.constdata)
    BinarySem_485_1_Tx_attributes            0x080108e8   Data          16  freertos.o(.constdata)
    BinarySem_485_1_Rx_attributes            0x080108f8   Data          16  freertos.o(.constdata)
    BinarySem_485_2_Tx_attributes            0x08010908   Data          16  freertos.o(.constdata)
    BinarySem_485_2_Rx_attributes            0x08010918   Data          16  freertos.o(.constdata)
    BinarySem_485_3_Tx_attributes            0x08010928   Data          16  freertos.o(.constdata)
    BinarySem_485_3_Rx_attributes            0x08010938   Data          16  freertos.o(.constdata)
    Comm485_1_Event_attributes               0x08010948   Data          16  freertos.o(.constdata)
    Comm485_2_Event_attributes               0x08010958   Data          16  freertos.o(.constdata)
    Comm485_3_Event_attributes               0x08010968   Data          16  freertos.o(.constdata)
    CommCAN_1_Event_attributes               0x08010978   Data          16  freertos.o(.constdata)
    CommCAN_2_Event_attributes               0x08010988   Data          16  freertos.o(.constdata)
    CommCAN_3_Event_attributes               0x08010998   Data          16  freertos.o(.constdata)
    CommLAN_1_Event_attributes               0x080109a8   Data          16  freertos.o(.constdata)
    CommLAN_2_Event_attributes               0x080109b8   Data          16  freertos.o(.constdata)
    UARTPrescTable                           0x08010a2c   Data          24  stm32h7xx_hal_uart.o(.constdata)
    D1CorePrescTable                         0x08010a54   Data          16  system_stm32h7xx.o(.constdata)
    __ctype_table                            0x08010a64   Data         129  ctype_o.o(.constdata)
    Region$$Table$$Base                      0x08010ec0   Number         0  anon$$obj.o(Region$$Table)
    Region$$Table$$Limit                     0x08010ee0   Number         0  anon$$obj.o(Region$$Table)
    defaultTaskHandle                        0x24000000   Data           4  freertos.o(.data)
    Comm485_1_TaskHandle                     0x24000004   Data           4  freertos.o(.data)
    Comm485_2_TaskHandle                     0x24000008   Data           4  freertos.o(.data)
    Comm485_3_TaskHandle                     0x2400000c   Data           4  freertos.o(.data)
    CommCAN_1_TaskHandle                     0x24000010   Data           4  freertos.o(.data)
    CommCAN_2_TaskHandle                     0x24000014   Data           4  freertos.o(.data)
    CommCAN_3_TaskHandle                     0x24000018   Data           4  freertos.o(.data)
    CommLAN_1_TaskHandle                     0x2400001c   Data           4  freertos.o(.data)
    CommLAN_2_TaskHandle                     0x24000020   Data           4  freertos.o(.data)
    BinarySem_485_1_TxHandle                 0x24000024   Data           4  freertos.o(.data)
    BinarySem_485_1_RxHandle                 0x24000028   Data           4  freertos.o(.data)
    BinarySem_485_2_TxHandle                 0x2400002c   Data           4  freertos.o(.data)
    BinarySem_485_2_RxHandle                 0x24000030   Data           4  freertos.o(.data)
    BinarySem_485_3_TxHandle                 0x24000034   Data           4  freertos.o(.data)
    BinarySem_485_3_RxHandle                 0x24000038   Data           4  freertos.o(.data)
    Comm485_1_EventHandle                    0x2400003c   Data           4  freertos.o(.data)
    Comm485_2_EventHandle                    0x24000040   Data           4  freertos.o(.data)
    Comm485_3_EventHandle                    0x24000044   Data           4  freertos.o(.data)
    CommCAN_1_EventHandle                    0x24000048   Data           4  freertos.o(.data)
    CommCAN_2_EventHandle                    0x2400004c   Data           4  freertos.o(.data)
    CommCAN_3_EventHandle                    0x24000050   Data           4  freertos.o(.data)
    CommLAN_1_EventHandle                    0x24000054   Data           4  freertos.o(.data)
    CommLAN_2_EventHandle                    0x24000058   Data           4  freertos.o(.data)
    uwTick                                   0x24000078   Data           4  stm32h7xx_hal.o(.data)
    uwTickPrio                               0x2400007c   Data           4  stm32h7xx_hal.o(.data)
    uwTickFreq                               0x24000080   Data           1  stm32h7xx_hal.o(.data)
    SystemCoreClock                          0x24000084   Data           4  system_stm32h7xx.o(.data)
    SystemD2Clock                            0x24000088   Data           4  system_stm32h7xx.o(.data)
    pxCurrentTCB                             0x2400008c   Data           4  tasks.o(.data)
    __stdout                                 0x24000120   Data           4  stdout.o(.data)
    __microlib_freelist                      0x24000124   Data           4  mvars.o(.data)
    __microlib_freelist_initialised          0x24000128   Data           4  mvars.o(.data)
    defaultTaskBuffer                        0x24000130   Data         512  freertos.o(.bss)
    defaultTaskControlBlock                  0x24000330   Data          92  freertos.o(.bss)
    Comm485_1_TaskBuffer                     0x2400038c   Data        8192  freertos.o(.bss)
    Comm485_1_TaskControlBlock               0x2400238c   Data          92  freertos.o(.bss)
    Comm485_2_TaskBuffer                     0x240023e8   Data        8192  freertos.o(.bss)
    Comm485_2_TaskControlBlock               0x240043e8   Data          92  freertos.o(.bss)
    Comm485_3_TaskBuffer                     0x24004444   Data        8192  freertos.o(.bss)
    Comm485_3_TaskControlBlock               0x24006444   Data          92  freertos.o(.bss)
    CommCAN_1_TaskBuffer                     0x240064a0   Data        8192  freertos.o(.bss)
    CommCAN_1_TaskControlBlock               0x240084a0   Data          92  freertos.o(.bss)
    CommCAN_2_TaskBuffer                     0x240084fc   Data        8192  freertos.o(.bss)
    CommCAN_2_TaskControlBlock               0x2400a4fc   Data          92  freertos.o(.bss)
    CommCAN_3_TaskBuffer                     0x2400a558   Data        8192  freertos.o(.bss)
    CommCAN_3_TaskControlBlock               0x2400c558   Data          92  freertos.o(.bss)
    CommLAN_1_TaskBuffer                     0x2400c5b4   Data        8192  freertos.o(.bss)
    CommLAN_1_TaskControlBlock               0x2400e5b4   Data          92  freertos.o(.bss)
    CommLAN_2_TaskBuffer                     0x2400e610   Data        8192  freertos.o(.bss)
    CommLAN_2_TaskControlBlock               0x24010610   Data          92  freertos.o(.bss)
    BinarySem_485_1_TxControlBlock           0x2401066c   Data          80  freertos.o(.bss)
    BinarySem_485_1_RxControlBlock           0x240106bc   Data          80  freertos.o(.bss)
    BinarySem_485_2_TxControlBlock           0x2401070c   Data          80  freertos.o(.bss)
    BinarySem_485_2_RxControlBlock           0x2401075c   Data          80  freertos.o(.bss)
    BinarySem_485_3_TxControlBlock           0x240107ac   Data          80  freertos.o(.bss)
    BinarySem_485_3_RxControlBlock           0x240107fc   Data          80  freertos.o(.bss)
    Comm485_1_EventControlBlock              0x2401084c   Data          32  freertos.o(.bss)
    Comm485_2_EventControlBlock              0x2401086c   Data          32  freertos.o(.bss)
    Comm485_3_EventControlBlock              0x2401088c   Data          32  freertos.o(.bss)
    CommCAN_1_EventControlBlock              0x240108ac   Data          32  freertos.o(.bss)
    CommCAN_2_EventControlBlock              0x240108cc   Data          32  freertos.o(.bss)
    CommCAN_3_EventControlBlock              0x240108ec   Data          32  freertos.o(.bss)
    CommLAN_1_EventControlBlock              0x2401090c   Data          32  freertos.o(.bss)
    CommLAN_2_EventControlBlock              0x2401092c   Data          32  freertos.o(.bss)
    hadc3                                    0x2401094c   Data         100  adc.o(.bss)
    CAN_1_SendBuff                           0x240109b0   Data        1604  fdcan.o(.bss)
    CAN_1_ReceiveBuff                        0x24010ff4   Data        1604  fdcan.o(.bss)
    CAN_2_SendBuff                           0x24011638   Data        1604  fdcan.o(.bss)
    CAN_2_ReceiveBuff                        0x24011c7c   Data        1604  fdcan.o(.bss)
    hfdcan1                                  0x240122c0   Data         160  fdcan.o(.bss)
    hfdcan2                                  0x24012360   Data         160  fdcan.o(.bss)
    hspi4                                    0x24012400   Data         136  spi.o(.bss)
    hspi5                                    0x24012488   Data         136  spi.o(.bss)
    hspi6                                    0x24012510   Data         136  spi.o(.bss)
    hdma_spi4_rx                             0x24012598   Data         120  spi.o(.bss)
    hdma_spi4_tx                             0x24012610   Data         120  spi.o(.bss)
    hdma_spi6_tx                             0x24012688   Data         120  spi.o(.bss)
    hdma_spi6_rx                             0x24012700   Data         120  spi.o(.bss)
    huart4                                   0x24013f78   Data         148  usart.o(.bss)
    huart1                                   0x2401400c   Data         148  usart.o(.bss)
    huart2                                   0x240140a0   Data         148  usart.o(.bss)
    huart3                                   0x24014134   Data         148  usart.o(.bss)
    hdma_uart4_rx                            0x240141c8   Data         120  usart.o(.bss)
    hdma_uart4_tx                            0x24014240   Data         120  usart.o(.bss)
    hdma_usart1_rx                           0x240142b8   Data         120  usart.o(.bss)
    hdma_usart1_tx                           0x24014330   Data         120  usart.o(.bss)
    hdma_usart3_rx                           0x240143a8   Data         120  usart.o(.bss)
    hdma_usart3_tx                           0x24014420   Data         120  usart.o(.bss)
    htim6                                    0x24014498   Data          76  stm32h7xx_hal_timebase_tim.o(.bss)
    xQueueRegistry                           0x240144e4   Data          64  queue.o(.bss)
    Node_PCS                                 0x24018db8   Data        4096  protocolconvert.o(.bss)
    Node_Air                                 0x24019db8   Data        2048  protocolconvert.o(.bss)
    Node_Meter                               0x2401a5b8   Data        4096  protocolconvert.o(.bss)
    Node_Fire                                0x2401b5b8   Data        4096  protocolconvert.o(.bss)
    Node_Doil                                0x2401c5b8   Data        2048  protocolconvert.o(.bss)
    Node_Pv                                  0x2401cdb8   Data        4096  protocolconvert.o(.bss)
    Node_Coolwater                           0x2401ddb8   Data        2048  protocolconvert.o(.bss)
    Node_Dehum                               0x2401e5b8   Data        2048  protocolconvert.o(.bss)
    ProtocolConvert_modbus                   0x2401edb8   Data       107008  protocolconvert.o(.bss)
    ProtocolConvert_CAN                      0x24038fb8   Data       114720  protocolconvert.o(.bss)
    PortConfig_modbus                        0x24054fd8   Data         240  protocolconvert.o(.bss)
    PortConfig_CAN                           0x240550c8   Data          60  protocolconvert.o(.bss)
    __heap_base                              0x24055108   Data           0  startup_stm32h743xx.o(HEAP)
    __heap_limit                             0x2405d108   Data           0  startup_stm32h743xx.o(HEAP)
    __initial_sp                             0x2405e108   Data           0  startup_stm32h743xx.o(STACK)



==============================================================================

Memory Map of the image

  Image Entry point : 0x08000299

  Load Region LR_IROM1 (Base: 0x08000000, Size: 0x00011010, Max: 0x00200000, ABSOLUTE, COMPRESSED[0x00010f00])

    Execution Region ER_IROM1 (Exec base: 0x08000000, Load base: 0x08000000, Size: 0x00010ee0, Max: 0x00200000, ABSOLUTE)

    Exec Addr    Load Addr    Size         Type   Attr      Idx    E Section Name        Object

    0x08000000   0x08000000   0x00000298   Data   RO            3    RESET               startup_stm32h743xx.o
    0x08000298   0x08000298   0x00000000   Code   RO         9601  * .ARM.Collect$$$$00000000  mc_w.l(entry.o)
    0x08000298   0x08000298   0x00000004   Code   RO         9921    .ARM.Collect$$$$00000001  mc_w.l(entry2.o)
    0x0800029c   0x0800029c   0x00000004   Code   RO         9924    .ARM.Collect$$$$00000004  mc_w.l(entry5.o)
    0x080002a0   0x080002a0   0x00000000   Code   RO         9926    .ARM.Collect$$$$00000008  mc_w.l(entry7b.o)
    0x080002a0   0x080002a0   0x00000000   Code   RO         9928    .ARM.Collect$$$$0000000A  mc_w.l(entry8b.o)
    0x080002a0   0x080002a0   0x00000008   Code   RO         9929    .ARM.Collect$$$$0000000B  mc_w.l(entry9a.o)
    0x080002a8   0x080002a8   0x00000004   Code   RO         9936    .ARM.Collect$$$$0000000E  mc_w.l(entry12b.o)
    0x080002ac   0x080002ac   0x00000000   Code   RO         9931    .ARM.Collect$$$$0000000F  mc_w.l(entry10a.o)
    0x080002ac   0x080002ac   0x00000000   Code   RO         9933    .ARM.Collect$$$$00000011  mc_w.l(entry11a.o)
    0x080002ac   0x080002ac   0x00000004   Code   RO         9922    .ARM.Collect$$$$00002712  mc_w.l(entry2.o)
    0x080002b0   0x080002b0   0x000000be   Code   RO         8336    .emb_text           port.o
    0x0800036e   0x0800036e   0x00000002   PAD
    0x08000370   0x08000370   0x00000024   Code   RO            4    .text               startup_stm32h743xx.o
    0x08000394   0x08000394   0x00000062   Code   RO         9604    .text               mc_w.l(uldiv.o)
    0x080003f6   0x080003f6   0x0000000c   Code   RO         9606    .text               mc_w.l(tolower.o)
    0x08000402   0x08000402   0x00000028   Code   RO         9608    .text               mc_w.l(memcpy.o)
    0x0800042a   0x0800042a   0x00000024   Code   RO         9614    .text               mc_w.l(memseta.o)
    0x0800044e   0x0800044e   0x0000000e   Code   RO         9616    .text               mc_w.l(strlen.o)
    0x0800045c   0x0800045c   0x0000001c   Code   RO         9618    .text               mc_w.l(strcmp.o)
    0x08000478   0x08000478   0x0000001e   Code   RO         9622    .text               mc_w.l(strncmp.o)
    0x08000496   0x08000496   0x0000001a   Code   RO         9919    .text               mc_w.l(atoi.o)
    0x080004b0   0x080004b0   0x0000002c   Code   RO         9938    .text               mc_w.l(uidiv.o)
    0x080004dc   0x080004dc   0x0000001e   Code   RO         9940    .text               mc_w.l(llshl.o)
    0x080004fa   0x080004fa   0x00000020   Code   RO         9942    .text               mc_w.l(llushr.o)
    0x0800051a   0x0800051a   0x00000002   PAD
    0x0800051c   0x0800051c   0x00000360   Code   RO         9959    .text               mc_w.l(scanf_fp.o)
    0x0800087c   0x0800087c   0x00000040   Code   RO         9965    .text               mc_w.l(_sgetc.o)
    0x080008bc   0x080008bc   0x0000009c   Code   RO         9967    .text               mc_w.l(strtod.o)
    0x08000958   0x08000958   0x00000070   Code   RO         9969    .text               mc_w.l(strtol.o)
    0x080009c8   0x080009c8   0x00000000   Code   RO         9971    .text               mc_w.l(iusefp.o)
    0x080009c8   0x080009c8   0x0000014e   Code   RO         9972    .text               mf_w.l(dadd.o)
    0x08000b16   0x08000b16   0x000000e4   Code   RO         9974    .text               mf_w.l(dmul.o)
    0x08000bfa   0x08000bfa   0x000000de   Code   RO         9976    .text               mf_w.l(ddiv.o)
    0x08000cd8   0x08000cd8   0x00000030   Code   RO         9978    .text               mf_w.l(dfixul.o)
    0x08000d08   0x08000d08   0x00000030   Code   RO         9980    .text               mf_w.l(cdrcmple.o)
    0x08000d38   0x08000d38   0x00000024   Code   RO         9982    .text               mc_w.l(init.o)
    0x08000d5c   0x08000d5c   0x00000024   Code   RO         9984    .text               mc_w.l(llsshr.o)
    0x08000d80   0x08000d80   0x00000008   Code   RO         9988    .text               mc_w.l(ctype_o.o)
    0x08000d88   0x08000d88   0x00000012   Code   RO        10010    .text               mc_w.l(isspace_o.o)
    0x08000d9a   0x08000d9a   0x0000001c   Code   RO        10016    .text               mc_w.l(_chval.o)
    0x08000db6   0x08000db6   0x0000009e   Code   RO        10020    .text               mc_w.l(_strtoul.o)
    0x08000e54   0x08000e54   0x000000ba   Code   RO        10022    .text               mf_w.l(depilogue.o)
    0x08000f0e   0x08000f0e   0x00000018   Code   RO        10024    .text               mf_w.l(dfltul.o)
    0x08000f26   0x08000f26   0x00000038   Code   RO        10026    .text               mf_w.l(d2f.o)
    0x08000f5e   0x08000f5e   0x0000006e   Code   RO        10031    .text               mf_w.l(fepilogue.o)
    0x08000fcc   0x08000fcc   0x00000056   Code   RO        10041    .text               mc_w.l(__dczerorl2.o)
    0x08001022   0x08001022   0x00000002   PAD
    0x08001024   0x08001024   0x00000164   Code   RO         1038    i.ADC_ConfigureBoostMode  stm32h7xx_hal_adc.o
    0x08001188   0x08001188   0x00000010   Code   RO          801    i.BDMA_Channel0_IRQHandler  stm32h7xx_it.o
    0x08001198   0x08001198   0x00000010   Code   RO          802    i.BDMA_Channel1_IRQHandler  stm32h7xx_it.o
    0x080011a8   0x080011a8   0x00000004   Code   RO          803    i.BusFault_Handler  stm32h7xx_it.o
    0x080011ac   0x080011ac   0x0000000a   Code   RO         9388    i.CAN_ID_offset_calc  protocolconvert.o
    0x080011b6   0x080011b6   0x00000002   PAD
    0x080011b8   0x080011b8   0x0000001c   Code   RO         8416    i.Comm485_1_Task    comm485_1.o
    0x080011d4   0x080011d4   0x0000001c   Code   RO         8450    i.Comm485_2_Task    comm485_2.o
    0x080011f0   0x080011f0   0x0000001c   Code   RO         8484    i.Comm485_3_Task    comm485_3.o
    0x0800120c   0x0800120c   0x00000048   Code   RO         8519    i.CommCAN_1_Receive_Pro  commcan_1.o
    0x08001254   0x08001254   0x00000068   Code   RO         8520    i.CommCAN_1_Send_Pro  commcan_1.o
    0x080012bc   0x080012bc   0x0000002c   Code   RO         8521    i.CommCAN_1_Task    commcan_1.o
    0x080012e8   0x080012e8   0x00000048   Code   RO         8568    i.CommCAN_2_Receive_Pro  commcan_2.o
    0x08001330   0x08001330   0x0000006c   Code   RO         8569    i.CommCAN_2_Send_Pro  commcan_2.o
    0x0800139c   0x0800139c   0x0000002c   Code   RO         8570    i.CommCAN_2_Task    commcan_2.o
    0x080013c8   0x080013c8   0x0000001c   Code   RO         8616    i.CommCAN_3_Task    commcan_3.o
    0x080013e4   0x080013e4   0x0000001c   Code   RO         8647    i.CommLAN_1_Task    commlan_1.o
    0x08001400   0x08001400   0x0000001c   Code   RO         8678    i.CommLAN_2_Task    commlan_2.o
    0x0800141c   0x0800141c   0x0000009a   Code   RO         9390    i.Comm_CAN_Pro      protocolconvert.o
    0x080014b6   0x080014b6   0x00000002   PAD
    0x080014b8   0x080014b8   0x00000424   Code   RO         9391    i.ConvertToNode_CAN  protocolconvert.o
    0x080018dc   0x080018dc   0x00000010   Code   RO          804    i.DMA1_Stream0_IRQHandler  stm32h7xx_it.o
    0x080018ec   0x080018ec   0x00000010   Code   RO          805    i.DMA1_Stream1_IRQHandler  stm32h7xx_it.o
    0x080018fc   0x080018fc   0x00000010   Code   RO          806    i.DMA1_Stream2_IRQHandler  stm32h7xx_it.o
    0x0800190c   0x0800190c   0x00000010   Code   RO          807    i.DMA1_Stream3_IRQHandler  stm32h7xx_it.o
    0x0800191c   0x0800191c   0x00000010   Code   RO          808    i.DMA1_Stream4_IRQHandler  stm32h7xx_it.o
    0x0800192c   0x0800192c   0x00000010   Code   RO          809    i.DMA1_Stream5_IRQHandler  stm32h7xx_it.o
    0x0800193c   0x0800193c   0x00000010   Code   RO          810    i.DMA1_Stream6_IRQHandler  stm32h7xx_it.o
    0x0800194c   0x0800194c   0x00000010   Code   RO          811    i.DMA1_Stream7_IRQHandler  stm32h7xx_it.o
    0x0800195c   0x0800195c   0x000000ec   Code   RO         2276    i.DMA_CalcBaseAndBitshift  stm32h7xx_hal_dma.o
    0x08001a48   0x08001a48   0x000000c4   Code   RO         2277    i.DMA_CalcDMAMUXChannelBaseAndMask  stm32h7xx_hal_dma.o
    0x08001b0c   0x08001b0c   0x00000098   Code   RO         2278    i.DMA_CalcDMAMUXRequestGenBaseAndMask  stm32h7xx_hal_dma.o
    0x08001ba4   0x08001ba4   0x000000ae   Code   RO         2279    i.DMA_CheckFifoParam  stm32h7xx_hal_dma.o
    0x08001c52   0x08001c52   0x00000002   PAD
    0x08001c54   0x08001c54   0x00000274   Code   RO         2280    i.DMA_SetConfig     stm32h7xx_hal_dma.o
    0x08001ec8   0x08001ec8   0x00000094   Code   RO         9393    i.DataToNode        protocolconvert.o
    0x08001f5c   0x08001f5c   0x00000002   Code   RO          812    i.DebugMon_Handler  stm32h7xx_it.o
    0x08001f5e   0x08001f5e   0x00000006   Code   RO           13    i.Error_Handler     main.o
    0x08001f64   0x08001f64   0x0000003c   Code   RO          538    i.FDCAN1_Filter_Cfg  fdcan.o
    0x08001fa0   0x08001fa0   0x00000010   Code   RO          813    i.FDCAN1_IT0_IRQHandler  stm32h7xx_it.o
    0x08001fb0   0x08001fb0   0x0000003c   Code   RO          539    i.FDCAN1_Send_Msg   fdcan.o
    0x08001fec   0x08001fec   0x00000030   Code   RO          540    i.FDCAN2_Filter_Cfg  fdcan.o
    0x0800201c   0x0800201c   0x00000010   Code   RO          814    i.FDCAN2_IT0_IRQHandler  stm32h7xx_it.o
    0x0800202c   0x0800202c   0x0000003c   Code   RO          541    i.FDCAN2_Send_Msg   fdcan.o
    0x08002068   0x08002068   0x00000220   Code   RO         4051    i.FDCAN_CalcultateRamBlockAddresses  stm32h7xx_hal_fdcan.o
    0x08002288   0x08002288   0x000000d0   Code   RO         4052    i.FDCAN_CopyMessageToRAM  stm32h7xx_hal_fdcan.o
    0x08002358   0x08002358   0x00000014   Code   RO         9395    i.GetBits_8         protocolconvert.o
    0x0800236c   0x0800236c   0x000000cc   Code   RO         9396    i.GetNode           protocolconvert.o
    0x08002438   0x08002438   0x00000020   Code   RO         9397    i.GetPortConfig_CAN  protocolconvert.o
    0x08002458   0x08002458   0x00000020   Code   RO         9399    i.GetProtocolConvert_CAN  protocolconvert.o
    0x08002478   0x08002478   0x0000001c   Code   RO         9400    i.GetProtocolConvert_modbus  protocolconvert.o
    0x08002494   0x08002494   0x0000054c   Code   RO         1046    i.HAL_ADC_ConfigChannel  stm32h7xx_hal_adc.o
    0x080029e0   0x080029e0   0x0000028c   Code   RO         1055    i.HAL_ADC_Init      stm32h7xx_hal_adc.o
    0x08002c6c   0x08002c6c   0x000000e0   Code   RO          437    i.HAL_ADC_MspInit   adc.o
    0x08002d4c   0x08002d4c   0x000004dc   Code   RO         2281    i.HAL_DMA_Abort     stm32h7xx_hal_dma.o
    0x08003228   0x08003228   0x00000398   Code   RO         2282    i.HAL_DMA_Abort_IT  stm32h7xx_hal_dma.o
    0x080035c0   0x080035c0   0x00000006   Code   RO         2284    i.HAL_DMA_GetError  stm32h7xx_hal_dma.o
    0x080035c6   0x080035c6   0x00000002   PAD
    0x080035c8   0x080035c8   0x00000af8   Code   RO         2286    i.HAL_DMA_IRQHandler  stm32h7xx_hal_dma.o
    0x080040c0   0x080040c0   0x00000520   Code   RO         2287    i.HAL_DMA_Init      stm32h7xx_hal_dma.o
    0x080045e0   0x080045e0   0x000003e0   Code   RO         2291    i.HAL_DMA_Start_IT  stm32h7xx_hal_dma.o
    0x080049c0   0x080049c0   0x000000a8   Code   RO         4054    i.HAL_FDCAN_ActivateNotification  stm32h7xx_hal_fdcan.o
    0x08004a68   0x08004a68   0x00000090   Code   RO         4056    i.HAL_FDCAN_AddMessageToTxFifoQ  stm32h7xx_hal_fdcan.o
    0x08004af8   0x08004af8   0x00000002   Code   RO         4057    i.HAL_FDCAN_ClockCalibrationCallback  stm32h7xx_hal_fdcan.o
    0x08004afa   0x08004afa   0x000000a8   Code   RO         4061    i.HAL_FDCAN_ConfigFilter  stm32h7xx_hal_fdcan.o
    0x08004ba2   0x08004ba2   0x00000002   Code   RO         4083    i.HAL_FDCAN_ErrorCallback  stm32h7xx_hal_fdcan.o
    0x08004ba4   0x08004ba4   0x00000002   Code   RO         4084    i.HAL_FDCAN_ErrorStatusCallback  stm32h7xx_hal_fdcan.o
    0x08004ba6   0x08004ba6   0x0000001e   Code   RO         4094    i.HAL_FDCAN_GetRxFifoFillLevel  stm32h7xx_hal_fdcan.o
    0x08004bc4   0x08004bc4   0x000001f4   Code   RO         4095    i.HAL_FDCAN_GetRxMessage  stm32h7xx_hal_fdcan.o
    0x08004db8   0x08004db8   0x00000002   Code   RO         4101    i.HAL_FDCAN_HighPriorityMessageCallback  stm32h7xx_hal_fdcan.o
    0x08004dba   0x08004dba   0x00000002   PAD
    0x08004dbc   0x08004dbc   0x000003d4   Code   RO         4102    i.HAL_FDCAN_IRQHandler  stm32h7xx_hal_fdcan.o
    0x08005190   0x08005190   0x000002e0   Code   RO         4103    i.HAL_FDCAN_Init    stm32h7xx_hal_fdcan.o
    0x08005470   0x08005470   0x0000017c   Code   RO          543    i.HAL_FDCAN_MspInit  fdcan.o
    0x080055ec   0x080055ec   0x00000002   Code   RO         4112    i.HAL_FDCAN_RxBufferNewMessageCallback  stm32h7xx_hal_fdcan.o
    0x080055ee   0x080055ee   0x00000002   PAD
    0x080055f0   0x080055f0   0x00000030   Code   RO          544    i.HAL_FDCAN_RxFifo0Callback  fdcan.o
    0x08005620   0x08005620   0x00000030   Code   RO          545    i.HAL_FDCAN_RxFifo1Callback  fdcan.o
    0x08005650   0x08005650   0x00000034   Code   RO         4115    i.HAL_FDCAN_Start   stm32h7xx_hal_fdcan.o
    0x08005684   0x08005684   0x00000002   Code   RO         4137    i.HAL_FDCAN_TT_GlobalTimeCallback  stm32h7xx_hal_fdcan.o
    0x08005686   0x08005686   0x00000002   Code   RO         4138    i.HAL_FDCAN_TT_ScheduleSyncCallback  stm32h7xx_hal_fdcan.o
    0x08005688   0x08005688   0x00000002   Code   RO         4143    i.HAL_FDCAN_TT_StopWatchCallback  stm32h7xx_hal_fdcan.o
    0x0800568a   0x0800568a   0x00000002   Code   RO         4144    i.HAL_FDCAN_TT_TimeMarkCallback  stm32h7xx_hal_fdcan.o
    0x0800568c   0x0800568c   0x00000002   Code   RO         4145    i.HAL_FDCAN_TimeoutOccurredCallback  stm32h7xx_hal_fdcan.o
    0x0800568e   0x0800568e   0x00000002   Code   RO         4146    i.HAL_FDCAN_TimestampWraparoundCallback  stm32h7xx_hal_fdcan.o
    0x08005690   0x08005690   0x00000002   Code   RO         4147    i.HAL_FDCAN_TxBufferAbortCallback  stm32h7xx_hal_fdcan.o
    0x08005692   0x08005692   0x00000002   Code   RO         4148    i.HAL_FDCAN_TxBufferCompleteCallback  stm32h7xx_hal_fdcan.o
    0x08005694   0x08005694   0x00000002   Code   RO         4149    i.HAL_FDCAN_TxEventFifoCallback  stm32h7xx_hal_fdcan.o
    0x08005696   0x08005696   0x00000002   Code   RO         4150    i.HAL_FDCAN_TxFifoEmptyCallback  stm32h7xx_hal_fdcan.o
    0x08005698   0x08005698   0x000001fc   Code   RO         2129    i.HAL_GPIO_Init     stm32h7xx_hal_gpio.o
    0x08005894   0x08005894   0x0000000c   Code   RO         2133    i.HAL_GPIO_WritePin  stm32h7xx_hal_gpio.o
    0x080058a0   0x080058a0   0x0000000c   Code   RO         3159    i.HAL_GetREVID      stm32h7xx_hal.o
    0x080058ac   0x080058ac   0x0000000c   Code   RO         3160    i.HAL_GetTick       stm32h7xx_hal.o
    0x080058b8   0x080058b8   0x00000034   Code   RO         3929    i.HAL_I2CEx_EnableFastModePlus  stm32h7xx_hal_i2c_ex.o
    0x080058ec   0x080058ec   0x00000018   Code   RO         3166    i.HAL_IncTick       stm32h7xx_hal.o
    0x08005904   0x08005904   0x00000060   Code   RO         3167    i.HAL_Init          stm32h7xx_hal.o
    0x08005964   0x08005964   0x000000a0   Code   RO          999    i.HAL_InitTick      stm32h7xx_hal_timebase_tim.o
    0x08005a04   0x08005a04   0x00000030   Code   RO          971    i.HAL_MspInit       stm32h7xx_hal_msp.o
    0x08005a34   0x08005a34   0x00000028   Code   RO         2991    i.HAL_NVIC_EnableIRQ  stm32h7xx_hal_cortex.o
    0x08005a5c   0x08005a5c   0x0000007a   Code   RO         2997    i.HAL_NVIC_SetPriority  stm32h7xx_hal_cortex.o
    0x08005ad6   0x08005ad6   0x00000002   PAD
    0x08005ad8   0x08005ad8   0x00000028   Code   RO         2998    i.HAL_NVIC_SetPriorityGrouping  stm32h7xx_hal_cortex.o
    0x08005b00   0x08005b00   0x00000060   Code   RO         2730    i.HAL_PWREx_ConfigSupply  stm32h7xx_hal_pwr_ex.o
    0x08005b60   0x08005b60   0x00000024   Code   RO         1680    i.HAL_RCCEx_GetD3PCLK1Freq  stm32h7xx_hal_rcc_ex.o
    0x08005b84   0x08005b84   0x00000230   Code   RO         1681    i.HAL_RCCEx_GetPLL1ClockFreq  stm32h7xx_hal_rcc_ex.o
    0x08005db4   0x08005db4   0x00000230   Code   RO         1682    i.HAL_RCCEx_GetPLL2ClockFreq  stm32h7xx_hal_rcc_ex.o
    0x08005fe4   0x08005fe4   0x00000230   Code   RO         1683    i.HAL_RCCEx_GetPLL3ClockFreq  stm32h7xx_hal_rcc_ex.o
    0x08006214   0x08006214   0x000008b0   Code   RO         1685    i.HAL_RCCEx_GetPeriphCLKFreq  stm32h7xx_hal_rcc_ex.o
    0x08006ac4   0x08006ac4   0x00000d68   Code   RO         1689    i.HAL_RCCEx_PeriphCLKConfig  stm32h7xx_hal_rcc_ex.o
    0x0800782c   0x0800782c   0x00000320   Code   RO         1565    i.HAL_RCC_ClockConfig  stm32h7xx_hal_rcc.o
    0x08007b4c   0x08007b4c   0x0000006c   Code   RO         1569    i.HAL_RCC_GetClockConfig  stm32h7xx_hal_rcc.o
    0x08007bb8   0x08007bb8   0x0000004c   Code   RO         1570    i.HAL_RCC_GetHCLKFreq  stm32h7xx_hal_rcc.o
    0x08007c04   0x08007c04   0x00000024   Code   RO         1572    i.HAL_RCC_GetPCLK1Freq  stm32h7xx_hal_rcc.o
    0x08007c28   0x08007c28   0x00000024   Code   RO         1573    i.HAL_RCC_GetPCLK2Freq  stm32h7xx_hal_rcc.o
    0x08007c4c   0x08007c4c   0x0000022c   Code   RO         1574    i.HAL_RCC_GetSysClockFreq  stm32h7xx_hal_rcc.o
    0x08007e78   0x08007e78   0x00000858   Code   RO         1577    i.HAL_RCC_OscConfig  stm32h7xx_hal_rcc.o
    0x080086d0   0x080086d0   0x00000002   Code   RO         4676    i.HAL_SPI_ErrorCallback  stm32h7xx_hal_spi.o
    0x080086d2   0x080086d2   0x00000002   PAD
    0x080086d4   0x080086d4   0x00000294   Code   RO         4679    i.HAL_SPI_IRQHandler  stm32h7xx_hal_spi.o
    0x08008968   0x08008968   0x000001b0   Code   RO         4680    i.HAL_SPI_Init      stm32h7xx_hal_spi.o
    0x08008b18   0x08008b18   0x000002c8   Code   RO          637    i.HAL_SPI_MspInit   spi.o
    0x08008de0   0x08008de0   0x00000002   Code   RO         4686    i.HAL_SPI_RxCpltCallback  stm32h7xx_hal_spi.o
    0x08008de2   0x08008de2   0x00000002   Code   RO         4688    i.HAL_SPI_SuspendCallback  stm32h7xx_hal_spi.o
    0x08008de4   0x08008de4   0x00000002   Code   RO         4695    i.HAL_SPI_TxCpltCallback  stm32h7xx_hal_spi.o
    0x08008de6   0x08008de6   0x00000002   Code   RO         4697    i.HAL_SPI_TxRxCpltCallback  stm32h7xx_hal_spi.o
    0x08008de8   0x08008de8   0x00000002   Code   RO         5730    i.HAL_TIMEx_Break2Callback  stm32h7xx_hal_tim_ex.o
    0x08008dea   0x08008dea   0x00000002   Code   RO         5731    i.HAL_TIMEx_BreakCallback  stm32h7xx_hal_tim_ex.o
    0x08008dec   0x08008dec   0x00000002   Code   RO         5732    i.HAL_TIMEx_CommutCallback  stm32h7xx_hal_tim_ex.o
    0x08008dee   0x08008dee   0x0000006e   Code   RO         5005    i.HAL_TIM_Base_Init  stm32h7xx_hal_tim.o
    0x08008e5c   0x08008e5c   0x00000002   Code   RO         5007    i.HAL_TIM_Base_MspInit  stm32h7xx_hal_tim.o
    0x08008e5e   0x08008e5e   0x00000002   PAD
    0x08008e60   0x08008e60   0x000000b4   Code   RO         5010    i.HAL_TIM_Base_Start_IT  stm32h7xx_hal_tim.o
    0x08008f14   0x08008f14   0x00000002   Code   RO         5039    i.HAL_TIM_IC_CaptureCallback  stm32h7xx_hal_tim.o
    0x08008f16   0x08008f16   0x00000198   Code   RO         5053    i.HAL_TIM_IRQHandler  stm32h7xx_hal_tim.o
    0x080090ae   0x080090ae   0x00000002   Code   RO         5056    i.HAL_TIM_OC_DelayElapsedCallback  stm32h7xx_hal_tim.o
    0x080090b0   0x080090b0   0x00000002   Code   RO         5083    i.HAL_TIM_PWM_PulseFinishedCallback  stm32h7xx_hal_tim.o
    0x080090b2   0x080090b2   0x00000002   PAD
    0x080090b4   0x080090b4   0x00000024   Code   RO           14    i.HAL_TIM_PeriodElapsedCallback  main.o
    0x080090d8   0x080090d8   0x00000002   Code   RO         5096    i.HAL_TIM_TriggerCallback  stm32h7xx_hal_tim.o
    0x080090da   0x080090da   0x0000004e   Code   RO         6446    i.HAL_UARTEx_DisableFifoMode  stm32h7xx_hal_uart_ex.o
    0x08009128   0x08009128   0x00000062   Code   RO         6452    i.HAL_UARTEx_ReceiveToIdle_DMA  stm32h7xx_hal_uart_ex.o
    0x0800918a   0x0800918a   0x00000002   PAD
    0x0800918c   0x0800918c   0x00000078   Code   RO          694    i.HAL_UARTEx_RxEventCallback  usart.o
    0x08009204   0x08009204   0x00000002   Code   RO         6454    i.HAL_UARTEx_RxFifoFullCallback  stm32h7xx_hal_uart_ex.o
    0x08009206   0x08009206   0x0000005e   Code   RO         6455    i.HAL_UARTEx_SetRxFifoThreshold  stm32h7xx_hal_uart_ex.o
    0x08009264   0x08009264   0x0000005e   Code   RO         6456    i.HAL_UARTEx_SetTxFifoThreshold  stm32h7xx_hal_uart_ex.o
    0x080092c2   0x080092c2   0x00000002   Code   RO         6458    i.HAL_UARTEx_TxFifoEmptyCallback  stm32h7xx_hal_uart_ex.o
    0x080092c4   0x080092c4   0x00000002   Code   RO         6459    i.HAL_UARTEx_WakeupCallback  stm32h7xx_hal_uart_ex.o
    0x080092c6   0x080092c6   0x00000002   PAD
    0x080092c8   0x080092c8   0x000000e0   Code   RO         6033    i.HAL_UART_AbortReceive  stm32h7xx_hal_uart.o
    0x080093a8   0x080093a8   0x000000b8   Code   RO          695    i.HAL_UART_ErrorCallback  usart.o
    0x08009460   0x08009460   0x00000494   Code   RO         6049    i.HAL_UART_IRQHandler  stm32h7xx_hal_uart.o
    0x080098f4   0x080098f4   0x00000078   Code   RO         6050    i.HAL_UART_Init     stm32h7xx_hal_uart.o
    0x0800996c   0x0800996c   0x000003f4   Code   RO          697    i.HAL_UART_MspInit  usart.o
    0x08009d60   0x08009d60   0x00000002   Code   RO         6057    i.HAL_UART_RxCpltCallback  stm32h7xx_hal_uart.o
    0x08009d62   0x08009d62   0x00000002   Code   RO         6058    i.HAL_UART_RxHalfCpltCallback  stm32h7xx_hal_uart.o
    0x08009d64   0x08009d64   0x000000c2   Code   RO         6059    i.HAL_UART_Transmit  stm32h7xx_hal_uart.o
    0x08009e26   0x08009e26   0x00000002   PAD
    0x08009e28   0x08009e28   0x00000054   Code   RO          698    i.HAL_UART_TxCpltCallback  usart.o
    0x08009e7c   0x08009e7c   0x00000024   Code   RO          815    i.HardFault_Handler  stm32h7xx_it.o
    0x08009ea0   0x08009ea0   0x0000000a   Code   RO         1070    i.LL_ADC_INJ_IsConversionOngoing  stm32h7xx_hal_adc.o
    0x08009eaa   0x08009eaa   0x0000000a   Code   RO         1072    i.LL_ADC_IsEnabled  stm32h7xx_hal_adc.o
    0x08009eb4   0x08009eb4   0x0000000a   Code   RO         1073    i.LL_ADC_IsInternalRegulatorEnabled  stm32h7xx_hal_adc.o
    0x08009ebe   0x08009ebe   0x0000000a   Code   RO         1074    i.LL_ADC_REG_IsConversionOngoing  stm32h7xx_hal_adc.o
    0x08009ec8   0x08009ec8   0x00000028   Code   RO         1078    i.LL_ADC_SetChannelSamplingTime  stm32h7xx_hal_adc.o
    0x08009ef0   0x08009ef0   0x0000000c   Code   RO         1079    i.LL_ADC_SetCommonPathInternalCh  stm32h7xx_hal_adc.o
    0x08009efc   0x08009efc   0x00000080   Code   RO          438    i.MX_ADC3_Init      adc.o
    0x08009f7c   0x08009f7c   0x00000044   Code   RO          482    i.MX_BDMA_Init      bdma.o
    0x08009fc0   0x08009fc0   0x000000a4   Code   RO          510    i.MX_DMA_Init       dma.o
    0x0800a064   0x0800a064   0x00000094   Code   RO          546    i.MX_FDCAN1_Init    fdcan.o
    0x0800a0f8   0x0800a0f8   0x00000098   Code   RO          547    i.MX_FDCAN2_Init    fdcan.o
    0x0800a190   0x0800a190   0x00000204   Code   RO          298    i.MX_FREERTOS_Init  freertos.o
    0x0800a394   0x0800a394   0x000002ac   Code   RO          270    i.MX_GPIO_Init      gpio.o
    0x0800a640   0x0800a640   0x00000060   Code   RO          638    i.MX_SPI4_Init      spi.o
    0x0800a6a0   0x0800a6a0   0x00000060   Code   RO          639    i.MX_SPI5_Init      spi.o
    0x0800a700   0x0800a700   0x00000060   Code   RO          640    i.MX_SPI6_Init      spi.o
    0x0800a760   0x0800a760   0x0000006c   Code   RO          699    i.MX_UART4_Init     usart.o
    0x0800a7cc   0x0800a7cc   0x0000006c   Code   RO          700    i.MX_USART1_UART_Init  usart.o
    0x0800a838   0x0800a838   0x0000006c   Code   RO          701    i.MX_USART2_UART_Init  usart.o
    0x0800a8a4   0x0800a8a4   0x0000006c   Code   RO          702    i.MX_USART3_UART_Init  usart.o
    0x0800a910   0x0800a910   0x00000004   Code   RO          816    i.MemManage_Handler  stm32h7xx_it.o
    0x0800a914   0x0800a914   0x00000004   Code   RO          817    i.NMI_Handler       stm32h7xx_it.o
    0x0800a918   0x0800a918   0x00000104   Code   RO         9402    i.Printf_ProtocolConvert_CAN  protocolconvert.o
    0x0800aa1c   0x0800aa1c   0x000001b4   Code   RO         9403    i.Printf_ProtocolConvert_modbus  protocolconvert.o
    0x0800abd0   0x0800abd0   0x00000076   Code   RO          548    i.ProcessFIFOData   fdcan.o
    0x0800ac46   0x0800ac46   0x00000002   PAD
    0x0800ac48   0x0800ac48   0x00000164   Code   RO         1692    i.RCCEx_PLL2_Config  stm32h7xx_hal_rcc_ex.o
    0x0800adac   0x0800adac   0x00000164   Code   RO         1693    i.RCCEx_PLL3_Config  stm32h7xx_hal_rcc_ex.o
    0x0800af10   0x0800af10   0x0000007e   Code   RO          549    i.Ret_FDCAN_DLC_BYTES  fdcan.o
    0x0800af8e   0x0800af8e   0x00000002   PAD
    0x0800af90   0x0800af90   0x00000010   Code   RO          818    i.SPI4_IRQHandler   stm32h7xx_it.o
    0x0800afa0   0x0800afa0   0x00000010   Code   RO          819    i.SPI6_IRQHandler   stm32h7xx_it.o
    0x0800afb0   0x0800afb0   0x000000d6   Code   RO         4700    i.SPI_CloseTransfer  stm32h7xx_hal_spi.o
    0x0800b086   0x0800b086   0x0000001c   Code   RO         4701    i.SPI_DMAAbortOnError  stm32h7xx_hal_spi.o
    0x0800b0a2   0x0800b0a2   0x0000001a   Code   RO         4711    i.SPI_GetPacketSize  stm32h7xx_hal_spi.o
    0x0800b0bc   0x0800b0bc   0x0000000a   Code   RO          299    i.StartComm485_1_Task  freertos.o
    0x0800b0c6   0x0800b0c6   0x0000000a   Code   RO          300    i.StartComm485_2_Task  freertos.o
    0x0800b0d0   0x0800b0d0   0x0000000a   Code   RO          301    i.StartComm485_3_Task  freertos.o
    0x0800b0da   0x0800b0da   0x0000000a   Code   RO          302    i.StartCommCAN_1_Task  freertos.o
    0x0800b0e4   0x0800b0e4   0x0000000a   Code   RO          303    i.StartCommCAN_2_Task  freertos.o
    0x0800b0ee   0x0800b0ee   0x0000000a   Code   RO          304    i.StartCommCAN_3_Task  freertos.o
    0x0800b0f8   0x0800b0f8   0x0000000a   Code   RO          305    i.StartCommLAN_1_Task  freertos.o
    0x0800b102   0x0800b102   0x0000000a   Code   RO          306    i.StartCommLAN_2_Task  freertos.o
    0x0800b10c   0x0800b10c   0x0000000c   Code   RO          307    i.StartDefaultTask  freertos.o
    0x0800b118   0x0800b118   0x00000016   Code   RO         7754    i.SysTick_Handler   cmsis_os2.o
    0x0800b12e   0x0800b12e   0x00000002   PAD
    0x0800b130   0x0800b130   0x00000138   Code   RO           16    i.SystemClock_Config  main.o
    0x0800b268   0x0800b268   0x000000fc   Code   RO         6570    i.SystemInit        system_stm32h7xx.o
    0x0800b364   0x0800b364   0x00000010   Code   RO          820    i.TIM6_DAC_IRQHandler  stm32h7xx_it.o
    0x0800b374   0x0800b374   0x000000dc   Code   RO         5098    i.TIM_Base_SetConfig  stm32h7xx_hal_tim.o
    0x0800b450   0x0800b450   0x00000134   Code   RO          308    i.Task_Cycle_Count  freertos.o
    0x0800b584   0x0800b584   0x00000010   Code   RO          821    i.UART4_IRQHandler  stm32h7xx_it.o
    0x0800b594   0x0800b594   0x00000058   Code   RO         6460    i.UARTEx_SetNbDataToProcess  stm32h7xx_hal_uart_ex.o
    0x0800b5ec   0x0800b5ec   0x000000f8   Code   RO         6064    i.UART_AdvFeatureConfig  stm32h7xx_hal_uart.o
    0x0800b6e4   0x0800b6e4   0x000000ea   Code   RO         6065    i.UART_CheckIdleState  stm32h7xx_hal_uart.o
    0x0800b7ce   0x0800b7ce   0x00000018   Code   RO         6066    i.UART_DMAAbortOnError  stm32h7xx_hal_uart.o
    0x0800b7e6   0x0800b7e6   0x0000005e   Code   RO         6067    i.UART_DMAError     stm32h7xx_hal_uart.o
    0x0800b844   0x0800b844   0x000000ae   Code   RO         6068    i.UART_DMAReceiveCplt  stm32h7xx_hal_uart.o
    0x0800b8f2   0x0800b8f2   0x00000026   Code   RO         6070    i.UART_DMARxHalfCplt  stm32h7xx_hal_uart.o
    0x0800b918   0x0800b918   0x0000006c   Code   RO         6076    i.UART_EndRxTransfer  stm32h7xx_hal_uart.o
    0x0800b984   0x0800b984   0x00000030   Code   RO         6077    i.UART_EndTransmit_IT  stm32h7xx_hal_uart.o
    0x0800b9b4   0x0800b9b4   0x00000040   Code   RO         6078    i.UART_EndTxTransfer  stm32h7xx_hal_uart.o
    0x0800b9f4   0x0800b9f4   0x0000058c   Code   RO         6083    i.UART_SetConfig    stm32h7xx_hal_uart.o
    0x0800bf80   0x0800bf80   0x000000c8   Code   RO         6084    i.UART_Start_Receive_DMA  stm32h7xx_hal_uart.o
    0x0800c048   0x0800c048   0x000000ac   Code   RO         6090    i.UART_WaitOnFlagUntilTimeout  stm32h7xx_hal_uart.o
    0x0800c0f4   0x0800c0f4   0x00000010   Code   RO          822    i.USART1_IRQHandler  stm32h7xx_it.o
    0x0800c104   0x0800c104   0x00000010   Code   RO          823    i.USART3_IRQHandler  stm32h7xx_it.o
    0x0800c114   0x0800c114   0x00000004   Code   RO          824    i.UsageFault_Handler  stm32h7xx_it.o
    0x0800c118   0x0800c118   0x00000020   Code   RO         9861    i.__0printf         mc_w.l(printfa.o)
    0x0800c138   0x0800c138   0x00000010   Code   RO         3004    i.__NVIC_GetPriorityGrouping  stm32h7xx_hal_cortex.o
    0x0800c148   0x0800c148   0x00000028   Code   RO         3005    i.__NVIC_SetPriority  stm32h7xx_hal_cortex.o
    0x0800c170   0x0800c170   0x00000008   Code   RO         9946    i.__aeabi_errno_addr  mc_w.l(errno.o)
    0x0800c178   0x0800c178   0x0000005c   Code   RO         9893    i.__free$realloc    mc_w.l(mallocr.o)
    0x0800c1d4   0x0800c1d4   0x00000006   Code   RO         7756    i.__get_IPSR        cmsis_os2.o
    0x0800c1da   0x0800c1da   0x00000002   PAD
    0x0800c1dc   0x0800c1dc   0x00000050   Code   RO         9894    i.__malloc$realloc  mc_w.l(mallocr.o)
    0x0800c22c   0x0800c22c   0x0000000e   Code   RO        10035    i.__scatterload_copy  mc_w.l(handlers.o)
    0x0800c23a   0x0800c23a   0x00000002   Code   RO        10036    i.__scatterload_null  mc_w.l(handlers.o)
    0x0800c23c   0x0800c23c   0x0000000e   Code   RO        10037    i.__scatterload_zeroinit  mc_w.l(handlers.o)
    0x0800c24a   0x0800c24a   0x00000002   PAD
    0x0800c24c   0x0800c24c   0x00000184   Code   RO         9868    i._fp_digits        mc_w.l(printfa.o)
    0x0800c3d0   0x0800c3d0   0x0000000e   Code   RO         9961    i._is_digit         mc_w.l(scanf_fp.o)
    0x0800c3de   0x0800c3de   0x00000002   PAD
    0x0800c3e0   0x0800c3e0   0x000006b4   Code   RO         9869    i._printf_core      mc_w.l(printfa.o)
    0x0800ca94   0x0800ca94   0x00000024   Code   RO         9870    i._printf_post_padding  mc_w.l(printfa.o)
    0x0800cab8   0x0800cab8   0x0000002e   Code   RO         9871    i._printf_pre_padding  mc_w.l(printfa.o)
    0x0800cae6   0x0800cae6   0x00000048   Code   RO         8708    i.buffer_skip_whitespace  cjson.o
    0x0800cb2e   0x0800cb2e   0x00000002   PAD
    0x0800cb30   0x0800cb30   0x00000060   Code   RO         8740    i.cJSON_Delete      cjson.o
    0x0800cb90   0x0800cb90   0x00000018   Code   RO         8750    i.cJSON_GetArrayItem  cjson.o
    0x0800cba8   0x0800cba8   0x0000001c   Code   RO         8751    i.cJSON_GetArraySize  cjson.o
    0x0800cbc4   0x0800cbc4   0x00000020   Code   RO         8753    i.cJSON_GetNumberValue  cjson.o
    0x0800cbe4   0x0800cbe4   0x00000012   Code   RO         8754    i.cJSON_GetObjectItem  cjson.o
    0x0800cbf6   0x0800cbf6   0x00000016   Code   RO         8765    i.cJSON_IsNumber    cjson.o
    0x0800cc0c   0x0800cc0c   0x0000001c   Code   RO         8771    i.cJSON_New_Item    cjson.o
    0x0800cc28   0x0800cc28   0x00000010   Code   RO         8772    i.cJSON_Parse       cjson.o
    0x0800cc38   0x0800cc38   0x000000d4   Code   RO         8774    i.cJSON_ParseWithLengthOpts  cjson.o
    0x0800cd0c   0x0800cd0c   0x00000028   Code   RO         8775    i.cJSON_ParseWithOpts  cjson.o
    0x0800cd34   0x0800cd34   0x0000070c   Code   RO         9405    i.cJSON_To_ProtocolConvert  protocolconvert.o
    0x0800d440   0x0800d440   0x00000048   Code   RO         8790    i.case_insensitive_strcmp  cjson.o
    0x0800d488   0x0800d488   0x00000020   Code   RO           17    i.fputc             main.o
    0x0800d4a8   0x0800d4a8   0x0000001e   Code   RO         8795    i.get_array_item    cjson.o
    0x0800d4c6   0x0800d4c6   0x00000004   Code   RO         8796    i.get_decimal_point  cjson.o
    0x0800d4ca   0x0800d4ca   0x00000052   Code   RO         8797    i.get_object_item   cjson.o
    0x0800d51c   0x0800d51c   0x00000050   Code   RO         9895    i.internal_alloc    mc_w.l(mallocr.o)
    0x0800d56c   0x0800d56c   0x00000064   Code   RO           18    i.main              main.o
    0x0800d5d0   0x0800d5d0   0x0000001e   Code   RO         7757    i.osDelay           cmsis_os2.o
    0x0800d5ee   0x0800d5ee   0x00000046   Code   RO         7762    i.osEventFlagsNew   cmsis_os2.o
    0x0800d634   0x0800d634   0x0000005c   Code   RO         7763    i.osEventFlagsSet   cmsis_os2.o
    0x0800d690   0x0800d690   0x00000090   Code   RO         7764    i.osEventFlagsWait  cmsis_os2.o
    0x0800d720   0x0800d720   0x0000002c   Code   RO         7771    i.osKernelInitialize  cmsis_os2.o
    0x0800d74c   0x0800d74c   0x00000060   Code   RO         7774    i.osKernelStart     cmsis_os2.o
    0x0800d7ac   0x0800d7ac   0x000000cc   Code   RO         7802    i.osSemaphoreNew    cmsis_os2.o
    0x0800d878   0x0800d878   0x0000005c   Code   RO         7803    i.osSemaphoreRelease  cmsis_os2.o
    0x0800d8d4   0x0800d8d4   0x000000b8   Code   RO         7816    i.osThreadNew       cmsis_os2.o
    0x0800d98c   0x0800d98c   0x000000f8   Code   RO         8799    i.parse_array       cjson.o
    0x0800da84   0x0800da84   0x0000005a   Code   RO         8800    i.parse_hex4        cjson.o
    0x0800dade   0x0800dade   0x00000002   PAD
    0x0800dae0   0x0800dae0   0x00000184   Code   RO         8801    i.parse_number      cjson.o
    0x0800dc64   0x0800dc64   0x0000014c   Code   RO         8802    i.parse_object      cjson.o
    0x0800ddb0   0x0800ddb0   0x0000018e   Code   RO         8803    i.parse_string      cjson.o
    0x0800df3e   0x0800df3e   0x00000002   PAD
    0x0800df40   0x0800df40   0x0000013c   Code   RO         8804    i.parse_value       cjson.o
    0x0800e07c   0x0800e07c   0x0000007c   Code   RO         7191    i.prvAddCurrentTaskToDelayedList  tasks.o
    0x0800e0f8   0x0800e0f8   0x000000b8   Code   RO         7192    i.prvAddNewTaskToReadyList  tasks.o
    0x0800e1b0   0x0800e1b0   0x00000074   Code   RO         7567    i.prvCheckForValidListAndQueue  timers.o
    0x0800e224   0x0800e224   0x00000048   Code   RO         7193    i.prvCheckTasksWaitingTermination  tasks.o
    0x0800e26c   0x0800e26c   0x0000002a   Code   RO         6778    i.prvCopyDataFromQueue  queue.o
    0x0800e296   0x0800e296   0x0000007e   Code   RO         6779    i.prvCopyDataToQueue  queue.o
    0x0800e314   0x0800e314   0x00000050   Code   RO         7194    i.prvDeleteTCB      tasks.o
    0x0800e364   0x0800e364   0x00000028   Code   RO         7568    i.prvGetNextExpireTime  timers.o
    0x0800e38c   0x0800e38c   0x0000007c   Code   RO         8281    i.prvHeapInit       heap_4.o
    0x0800e408   0x0800e408   0x00000028   Code   RO         7195    i.prvIdleTask       tasks.o
    0x0800e430   0x0800e430   0x0000002a   Code   RO         6782    i.prvInitialiseNewQueue  queue.o
    0x0800e45a   0x0800e45a   0x000000be   Code   RO         7196    i.prvInitialiseNewTask  tasks.o
    0x0800e518   0x0800e518   0x00000068   Code   RO         7197    i.prvInitialiseTaskLists  tasks.o
    0x0800e580   0x0800e580   0x00000068   Code   RO         8282    i.prvInsertBlockIntoFreeList  heap_4.o
    0x0800e5e8   0x0800e5e8   0x00000058   Code   RO         7570    i.prvInsertTimerInActiveList  timers.o
    0x0800e640   0x0800e640   0x0000001a   Code   RO         6783    i.prvIsQueueEmpty   queue.o
    0x0800e65a   0x0800e65a   0x0000001e   Code   RO         6784    i.prvIsQueueFull    queue.o
    0x0800e678   0x0800e678   0x00000074   Code   RO         7571    i.prvProcessExpiredTimer  timers.o
    0x0800e6ec   0x0800e6ec   0x00000164   Code   RO         7572    i.prvProcessReceivedCommands  timers.o
    0x0800e850   0x0800e850   0x00000074   Code   RO         7573    i.prvProcessTimerOrBlockTask  timers.o
    0x0800e8c4   0x0800e8c4   0x00000034   Code   RO         7199    i.prvResetNextTaskUnblockTime  tasks.o
    0x0800e8f8   0x0800e8f8   0x0000002c   Code   RO         7574    i.prvSampleTimeNow  timers.o
    0x0800e924   0x0800e924   0x000000a4   Code   RO         7575    i.prvSwitchTimerLists  timers.o
    0x0800e9c8   0x0800e9c8   0x00000040   Code   RO         8337    i.prvTaskExitError  port.o
    0x0800ea08   0x0800ea08   0x0000001e   Code   RO         6616    i.prvTestWaitCondition  event_groups.o
    0x0800ea26   0x0800ea26   0x0000001a   Code   RO         7576    i.prvTimerTask      timers.o
    0x0800ea40   0x0800ea40   0x0000007e   Code   RO         6785    i.prvUnlockQueue    queue.o
    0x0800eabe   0x0800eabe   0x00000002   PAD
    0x0800eac0   0x0800eac0   0x0000014c   Code   RO         8283    i.pvPortMalloc      heap_4.o
    0x0800ec0c   0x0800ec0c   0x0000002c   Code   RO         8338    i.pxPortInitialiseStack  port.o
    0x0800ec38   0x0800ec38   0x0000006c   Code   RO         9896    i.realloc           mc_w.l(mallocr.o)
    0x0800eca4   0x0800eca4   0x0000003c   Code   RO         8815    i.skip_utf8_bom     cjson.o
    0x0800ece0   0x0800ece0   0x00000030   Code   RO         9597    i.strtod            m_wv.l(strtod.o)
    0x0800ed10   0x0800ed10   0x0000012c   Code   RO         8818    i.utf16_literal_to_utf8  cjson.o
    0x0800ee3c   0x0800ee3c   0x00000028   Code   RO         6738    i.uxListRemove      list.o
    0x0800ee64   0x0800ee64   0x0000001c   Code   RO         7211    i.uxTaskResetEventItemValue  tasks.o
    0x0800ee80   0x0800ee80   0x00000018   Code   RO         7828    i.vApplicationGetIdleTaskMemory  cmsis_os2.o
    0x0800ee98   0x0800ee98   0x00000018   Code   RO         7829    i.vApplicationGetTimerTaskMemory  cmsis_os2.o
    0x0800eeb0   0x0800eeb0   0x00000010   Code   RO         6620    i.vEventGroupSetBitsCallback  event_groups.o
    0x0800eec0   0x0800eec0   0x0000001a   Code   RO         6739    i.vListInitialise   list.o
    0x0800eeda   0x0800eeda   0x00000006   Code   RO         6740    i.vListInitialiseItem  list.o
    0x0800eee0   0x0800eee0   0x00000034   Code   RO         6741    i.vListInsert       list.o
    0x0800ef14   0x0800ef14   0x00000018   Code   RO         6742    i.vListInsertEnd    list.o
    0x0800ef2c   0x0800ef2c   0x00000054   Code   RO         8340    i.vPortEnterCritical  port.o
    0x0800ef80   0x0800ef80   0x0000003c   Code   RO         8341    i.vPortExitCritical  port.o
    0x0800efbc   0x0800efbc   0x000000a4   Code   RO         8284    i.vPortFree         heap_4.o
    0x0800f060   0x0800f060   0x00000028   Code   RO         8342    i.vPortSetupTimerInterrupt  port.o
    0x0800f088   0x0800f088   0x00000078   Code   RO         8343    i.vPortValidateInterruptPriority  port.o
    0x0800f100   0x0800f100   0x0000002c   Code   RO         6791    i.vQueueAddToRegistry  queue.o
    0x0800f12c   0x0800f12c   0x00000032   Code   RO         6792    i.vQueueDelete      queue.o
    0x0800f15e   0x0800f15e   0x00000002   PAD
    0x0800f160   0x0800f160   0x00000030   Code   RO         6794    i.vQueueUnregisterQueue  queue.o
    0x0800f190   0x0800f190   0x0000004a   Code   RO         6795    i.vQueueWaitForMessageRestricted  queue.o
    0x0800f1da   0x0800f1da   0x00000002   PAD
    0x0800f1dc   0x0800f1dc   0x0000005c   Code   RO         7212    i.vTaskDelay        tasks.o
    0x0800f238   0x0800f238   0x00000018   Code   RO         7217    i.vTaskInternalSetTimeOutState  tasks.o
    0x0800f250   0x0800f250   0x0000000c   Code   RO         7218    i.vTaskMissedYield  tasks.o
    0x0800f25c   0x0800f25c   0x00000038   Code   RO         7220    i.vTaskPlaceOnEventList  tasks.o
    0x0800f294   0x0800f294   0x00000040   Code   RO         7221    i.vTaskPlaceOnEventListRestricted  tasks.o
    0x0800f2d4   0x0800f2d4   0x0000006c   Code   RO         7222    i.vTaskPlaceOnUnorderedEventList  tasks.o
    0x0800f340   0x0800f340   0x000000a0   Code   RO         7225    i.vTaskRemoveFromUnorderedEventList  tasks.o
    0x0800f3e0   0x0800f3e0   0x000000b8   Code   RO         7229    i.vTaskStartScheduler  tasks.o
    0x0800f498   0x0800f498   0x00000010   Code   RO         7231    i.vTaskSuspendAll   tasks.o
    0x0800f4a8   0x0800f4a8   0x00000090   Code   RO         7232    i.vTaskSwitchContext  tasks.o
    0x0800f538   0x0800f538   0x0000001e   Code   RO         6624    i.xEventGroupCreate  event_groups.o
    0x0800f556   0x0800f556   0x0000005a   Code   RO         6625    i.xEventGroupCreateStatic  event_groups.o
    0x0800f5b0   0x0800f5b0   0x000000ce   Code   RO         6627    i.xEventGroupSetBits  event_groups.o
    0x0800f67e   0x0800f67e   0x00000002   PAD
    0x0800f680   0x0800f680   0x00000024   Code   RO         6628    i.xEventGroupSetBitsFromISR  event_groups.o
    0x0800f6a4   0x0800f6a4   0x00000158   Code   RO         6630    i.xEventGroupWaitBits  event_groups.o
    0x0800f7fc   0x0800f7fc   0x00000168   Code   RO         8344    i.xPortStartScheduler  port.o
    0x0800f964   0x0800f964   0x00000034   Code   RO         8345    i.xPortSysTickHandler  port.o
    0x0800f998   0x0800f998   0x0000005c   Code   RO         6796    i.xQueueCreateCountingSemaphore  queue.o
    0x0800f9f4   0x0800f9f4   0x00000064   Code   RO         6797    i.xQueueCreateCountingSemaphoreStatic  queue.o
    0x0800fa58   0x0800fa58   0x0000005a   Code   RO         6800    i.xQueueGenericCreate  queue.o
    0x0800fab2   0x0800fab2   0x000000e0   Code   RO         6801    i.xQueueGenericCreateStatic  queue.o
    0x0800fb92   0x0800fb92   0x00000002   PAD
    0x0800fb94   0x0800fb94   0x00000098   Code   RO         6802    i.xQueueGenericReset  queue.o
    0x0800fc2c   0x0800fc2c   0x000001a8   Code   RO         6803    i.xQueueGenericSend  queue.o
    0x0800fdd4   0x0800fdd4   0x000000fc   Code   RO         6804    i.xQueueGenericSendFromISR  queue.o
    0x0800fed0   0x0800fed0   0x000000e0   Code   RO         6807    i.xQueueGiveFromISR  queue.o
    0x0800ffb0   0x0800ffb0   0x00000168   Code   RO         6813    i.xQueueReceive     queue.o
    0x08010118   0x08010118   0x0000008c   Code   RO         7234    i.xTaskCheckForTimeOut  tasks.o
    0x080101a4   0x080101a4   0x00000064   Code   RO         7235    i.xTaskCreate       tasks.o
    0x08010208   0x08010208   0x000000ba   Code   RO         7236    i.xTaskCreateStatic  tasks.o
    0x080102c2   0x080102c2   0x00000002   PAD
    0x080102c4   0x080102c4   0x00000020   Code   RO         7240    i.xTaskGetSchedulerState  tasks.o
    0x080102e4   0x080102e4   0x0000000c   Code   RO         7241    i.xTaskGetTickCount  tasks.o
    0x080102f0   0x080102f0   0x00000144   Code   RO         7243    i.xTaskIncrementTick  tasks.o
    0x08010434   0x08010434   0x000000a4   Code   RO         7246    i.xTaskPriorityDisinherit  tasks.o
    0x080104d8   0x080104d8   0x00000098   Code   RO         7248    i.xTaskRemoveFromEventList  tasks.o
    0x08010570   0x08010570   0x00000104   Code   RO         7249    i.xTaskResumeAll    tasks.o
    0x08010674   0x08010674   0x00000078   Code   RO         7585    i.xTimerCreateTimerTask  timers.o
    0x080106ec   0x080106ec   0x00000084   Code   RO         7586    i.xTimerGenericCommand  timers.o
    0x08010770   0x08010770   0x00000034   Code   RO         7592    i.xTimerPendFunctionCallFromISR  timers.o
    0x080107a4   0x080107a4   0x00000224   Data   RO          310    .constdata          freertos.o
    0x080109c8   0x080109c8   0x00000008   Data   RO         2293    .constdata          stm32h7xx_hal_dma.o
    0x080109d0   0x080109d0   0x0000005c   Data   RO         4151    .constdata          stm32h7xx_hal_fdcan.o
    0x08010a2c   0x08010a2c   0x00000018   Data   RO         6091    .constdata          stm32h7xx_hal_uart.o
    0x08010a44   0x08010a44   0x00000010   Data   RO         6462    .constdata          stm32h7xx_hal_uart_ex.o
    0x08010a54   0x08010a54   0x00000010   Data   RO         6571    .constdata          system_stm32h7xx.o
    0x08010a64   0x08010a64   0x00000081   Data   RO         9989    .constdata          mc_w.l(ctype_o.o)
    0x08010ae5   0x08010ae5   0x00000003   PAD
    0x08010ae8   0x08010ae8   0x00000004   Data   RO         9990    .constdata          mc_w.l(ctype_o.o)
    0x08010aec   0x08010aec   0x0000010f   Data   RO           19    .conststring        main.o
    0x08010bfb   0x08010bfb   0x00000001   PAD
    0x08010bfc   0x08010bfc   0x00000183   Data   RO          311    .conststring        freertos.o
    0x08010d7f   0x08010d7f   0x00000001   PAD
    0x08010d80   0x08010d80   0x0000013f   Data   RO         9407    .conststring        protocolconvert.o
    0x08010ebf   0x08010ebf   0x00000001   PAD
    0x08010ec0   0x08010ec0   0x00000020   Data   RO        10033    Region$$Table       anon$$obj.o


    Execution Region RW_IRAM1 (Exec base: 0x20000000, Load base: 0x08010ee0, Size: 0x00000000, Max: 0x00020000, ABSOLUTE)

    **** No section assigned to this execution region ****


    Execution Region RW_IRAM2 (Exec base: 0x24000000, Load base: 0x08010ee0, Size: 0x0005e108, Max: 0x00080000, ABSOLUTE, COMPRESSED[0x00000020])

    Exec Addr    Load Addr    Size         Type   Attr      Idx    E Section Name        Object

    0x24000000   COMPRESSED   0x0000006c   Data   RW          312    .data               freertos.o
    0x2400006c   COMPRESSED   0x00000004   Data   RW          551    .data               fdcan.o
    0x24000070   COMPRESSED   0x00000006   Data   RW          708    .data               usart.o
    0x24000076   COMPRESSED   0x00000002   PAD
    0x24000078   COMPRESSED   0x00000009   Data   RW         3189    .data               stm32h7xx_hal.o
    0x24000081   COMPRESSED   0x00000003   PAD
    0x24000084   COMPRESSED   0x00000008   Data   RW         6572    .data               system_stm32h7xx.o
    0x2400008c   COMPRESSED   0x0000003c   Data   RW         7252    .data               tasks.o
    0x240000c8   COMPRESSED   0x00000014   Data   RW         7594    .data               timers.o
    0x240000dc   COMPRESSED   0x00000004   Data   RW         7831    .data               cmsis_os2.o
    0x240000e0   COMPRESSED   0x00000020   Data   RW         8290    .data               heap_4.o
    0x24000100   COMPRESSED   0x0000000c   Data   RW         8346    .data               port.o
    0x2400010c   COMPRESSED   0x00000014   Data   RW         8820    .data               cjson.o
    0x24000120   COMPRESSED   0x00000004   Data   RW         9937    .data               mc_w.l(stdout.o)
    0x24000124   COMPRESSED   0x00000004   Data   RW         9944    .data               mc_w.l(mvars.o)
    0x24000128   COMPRESSED   0x00000004   Data   RW         9945    .data               mc_w.l(mvars.o)
    0x2400012c   COMPRESSED   0x00000004   Data   RW         9949    .data               mc_w.l(errno.o)
    0x24000130        -       0x0001081c   Zero   RW          309    .bss                freertos.o
    0x2401094c        -       0x00000064   Zero   RW          439    .bss                adc.o
    0x240109b0        -       0x00001a50   Zero   RW          550    .bss                fdcan.o
    0x24012400        -       0x00000378   Zero   RW          641    .bss                spi.o
    0x24012778        -       0x00001d20   Zero   RW          707    .bss                usart.o
    0x24014498        -       0x0000004c   Zero   RW         1002    .bss                stm32h7xx_hal_timebase_tim.o
    0x240144e4        -       0x00000040   Zero   RW         6817    .bss                queue.o
    0x24014524        -       0x000004c4   Zero   RW         7251    .bss                tasks.o
    0x240149e8        -       0x00000118   Zero   RW         7593    .bss                timers.o
    0x24014b00        -       0x000006b8   Zero   RW         7830    .bss                cmsis_os2.o
    0x240151b8        -       0x00003c00   Zero   RW         8289    .bss                heap_4.o
    0x24018db8        -       0x0003c34c   Zero   RW         9406    .bss                protocolconvert.o
    0x24055104   COMPRESSED   0x00000004   PAD
    0x24055108        -       0x00008000   Zero   RW            2    HEAP                startup_stm32h743xx.o
    0x2405d108        -       0x00001000   Zero   RW            1    STACK               startup_stm32h743xx.o


==============================================================================

Image component sizes


      Code (inc. data)   RO Data    RW Data    ZI Data      Debug   Object Name

       352         28          0          0        100       1993   adc.o
        68          4          0          0          0        887   bdma.o
      2908         86          0         20          0      21207   cjson.o
      1032         46          0          4       1720      72092   cmsis_os2.o
        28          4          0          0          0        497   comm485_1.o
        28          4          0          0          0        497   comm485_2.o
        28          4          0          0          0        497   comm485_3.o
       220         40          0          0          0       1578   commcan_1.o
       224         40          0          0          0       1582   commcan_2.o
        28          4          0          0          0        497   commcan_3.o
        28          4          0          0          0        497   commlan_1.o
        28          4          0          0          0        497   commlan_2.o
       164          4          0          0          0        930   dma.o
       752         12          0          0          0      27746   event_groups.o
      1248         92          0          4       6736       8472   fdcan.o
       916        286        935        108      67612      16390   freertos.o
       684         32          0          0          0       1515   gpio.o
       724         74          0         32      15360       4959   heap_4.o
       148          0          0          0          0       3670   list.o
       486         28        271          0          0    1379956   main.o
      1014         92          0         12          0      11749   port.o
      4188        408        319          0     246604      14112   protocolconvert.o
      2526         24          0          0         64      23287   queue.o
      1000         84          0          0        888       3563   spi.o
        36          8        664          0      36864        832   startup_stm32h743xx.o
       144         34          0          9          0      22041   stm32h7xx_hal.o
      2456        166          0          0          0      69504   stm32h7xx_hal_adc.o
       258         22          0          0          0      39254   stm32h7xx_hal_cortex.o
      8668        168          8          0          0      13865   stm32h7xx_hal_dma.o
      3560         54         92          0          0      22372   stm32h7xx_hal_fdcan.o
       520         52          0          0          0       2216   stm32h7xx_hal_gpio.o
        52         10          0          0          0       1159   stm32h7xx_hal_i2c_ex.o
        48          6          0          0          0        926   stm32h7xx_hal_msp.o
        96          6          0          0          0        769   stm32h7xx_hal_pwr_ex.o
      3748        124          0          0          0       7641   stm32h7xx_hal_rcc.o
      8084        186          0          0          0      10891   stm32h7xx_hal_rcc_ex.o
      1370         18          0          0          0       7559   stm32h7xx_hal_spi.o
       928         68          0          0          0       6726   stm32h7xx_hal_tim.o
         6          0          0          0          0       2292   stm32h7xx_hal_tim_ex.o
       160         20          0          0         76       1639   stm32h7xx_hal_timebase_tim.o
      4538        166         24          0          0      35701   stm32h7xx_hal_uart.o
       458         10         16          0          0       6429   stm32h7xx_hal_uart_ex.o
       342        134          0          0          0      11740   stm32h7xx_it.o
         0          0          0          0          0        416   stream_buffer.o
       252         40         16          8          0       1402   system_stm32h7xx.o
      3104        378          0         60       1220      29915   tasks.o
      1370        128          0         20        280      33795   timers.o
      1832        212          0          6       7456       6903   usart.o

    ----------------------------------------------------------------------
     60906       3414       2380        288     384984    1934657   Object Totals
         0          0         32          0          0          0   (incl. Generated)
        54          0          3          5          4          0   (incl. Padding)

    ----------------------------------------------------------------------

      Code (inc. data)   RO Data    RW Data    ZI Data      Debug   Library Member Name

        48         14          0          0          0        128   strtod.o
        86          0          0          0          0          0   __dczerorl2.o
        28          0          0          0          0         68   _chval.o
        64          0          0          0          0         84   _sgetc.o
       158          0          0          0          0         92   _strtoul.o
        26          0          0          0          0         80   atoi.o
         8          4        133          0          0         68   ctype_o.o
         0          0          0          0          0          0   entry.o
         0          0          0          0          0          0   entry10a.o
         0          0          0          0          0          0   entry11a.o
         4          0          0          0          0          0   entry12b.o
         8          4          0          0          0          0   entry2.o
         4          0          0          0          0          0   entry5.o
         0          0          0          0          0          0   entry7b.o
         0          0          0          0          0          0   entry8b.o
         8          4          0          0          0          0   entry9a.o
         8          4          0          4          0         68   errno.o
        30          0          0          0          0          0   handlers.o
        36          8          0          0          0         68   init.o
        18          0          0          0          0         76   isspace_o.o
         0          0          0          0          0          0   iusefp.o
        30          0          0          0          0         68   llshl.o
        36          0          0          0          0         68   llsshr.o
        32          0          0          0          0         68   llushr.o
       360         30          0          0          0        356   mallocr.o
        40          0          0          0          0         76   memcpy.o
        36          0          0          0          0        108   memseta.o
         0          0          0          8          0          0   mvars.o
      2218         90          0          0          0        464   printfa.o
       878         12          0          0          0        216   scanf_fp.o
         0          0          0          4          0          0   stdout.o
        28          0          0          0          0         76   strcmp.o
        14          0          0          0          0         68   strlen.o
        30          0          0          0          0         80   strncmp.o
       156         12          0          0          0        120   strtod.o
       112          0          0          0          0         88   strtol.o
        12          0          0          0          0         68   tolower.o
        44          0          0          0          0         80   uidiv.o
        98          0          0          0          0         92   uldiv.o
        48          0          0          0          0         68   cdrcmple.o
        56          0          0          0          0         88   d2f.o
       334          0          0          0          0        148   dadd.o
       222          0          0          0          0        100   ddiv.o
       186          0          0          0          0        176   depilogue.o
        48          0          0          0          0         68   dfixul.o
        24          0          0          0          0         76   dfltul.o
       228          0          0          0          0         96   dmul.o
       110          0          0          0          0        168   fepilogue.o

    ----------------------------------------------------------------------
      5922        182        136         16          0       3816   Library Totals
         8          0          3          0          0          0   (incl. Padding)

    ----------------------------------------------------------------------

      Code (inc. data)   RO Data    RW Data    ZI Data      Debug   Library Name

        48         14          0          0          0        128   m_wv.l
      4610        168        133         16          0       2700   mc_w.l
      1256          0          0          0          0        988   mf_w.l

    ----------------------------------------------------------------------
      5922        182        136         16          0       3816   Library Totals

    ----------------------------------------------------------------------

==============================================================================


      Code (inc. data)   RO Data    RW Data    ZI Data      Debug   

     66828       3596       2516        304     384984    1904133   Grand Totals
     66828       3596       2516         32     384984    1904133   ELF Image Totals (compressed)
     66828       3596       2516         32          0          0   ROM Totals

==============================================================================

    Total RO  Size (Code + RO Data)                69344 (  67.72kB)
    Total RW  Size (RW Data + ZI Data)            385288 ( 376.26kB)
    Total ROM Size (Code + RO Data + RW Data)      69376 (  67.75kB)

==============================================================================

