<html>
<body>
<pre>
<h1>µVision Build Log</h1>
<h2>Tool Versions:</h2>
IDE-Version: ¦ÌVision V5.32.0.0
Copyright (C) 2020 ARM Ltd and ARM Germany GmbH. All rights reserved.
License Information: 1 870899530@qq.com, 1, LIC=MPPLD-8AJTF-BS0YX-HNSZT-MS34G-3YY74
 
Tool Versions:
Toolchain:       MDK-ARM Plus  Version: 5.32.0.0
Toolchain Path:  D:\Software\Keil\Keil_v5\ARM\ARMCC\Bin
C Compiler:      Armcc.exe V5.06 update 7 (build 960)
Assembler:       Armasm.exe V5.06 update 7 (build 960)
Linker/Locator:  ArmLink.exe V5.06 update 7 (build 960)
Library Manager: ArmAr.exe V5.06 update 7 (build 960)
Hex Converter:   FromElf.exe V5.06 update 7 (build 960)
CPU DLL:         SARMCM3.DLL V5.32.0.0
Dialog DLL:      DCM.DLL V1.17.3.0
Target DLL:      Segger\JL2CM3.dll V2.99.38.0
Dialog DLL:      TCM.DLL V1.46.0.0
 
<h2>Project:</h2>
E:\stm32CubeMXproject\BCU_debug\MDK-ARM\BCU_debug.uvprojx
Project File Date:  12/10/2025

<h2>Output:</h2>
*** Using Compiler 'V5.06 update 7 (build 960)', folder: 'D:\Software\Keil\Keil_v5\ARM\ARMCC\Bin'
Rebuild target 'BCU_debug'
assembling startup_stm32h743xx.s...
compiling gpio.c...
compiling stm32h7xx_it.c...
compiling stm32h7xx_hal_timebase_tim.c...
compiling adc.c...
compiling main.c...
compiling bdma.c...
compiling fdcan.c...
compiling stm32h7xx_hal_rcc.c...
compiling dma.c...
compiling stm32h7xx_hal_msp.c...
compiling spi.c...
compiling freertos.c...
compiling usart.c...
compiling stm32h7xx_hal_adc_ex.c...
compiling stm32h7xx_hal_adc.c...
compiling stm32h7xx_hal_rcc_ex.c...
compiling stm32h7xx_hal_flash.c...
compiling stm32h7xx_hal_gpio.c...
compiling stm32h7xx_hal_flash_ex.c...
compiling stm32h7xx_hal_hsem.c...
compiling stm32h7xx_hal_dma_ex.c...
compiling stm32h7xx_hal_mdma.c...
compiling stm32h7xx_hal_pwr.c...
compiling stm32h7xx_hal_dma.c...
compiling stm32h7xx_hal_cortex.c...
compiling stm32h7xx_hal_pwr_ex.c...
compiling stm32h7xx_hal.c...
compiling stm32h7xx_hal_i2c_ex.c...
compiling stm32h7xx_hal_exti.c...
compiling croutine.c...
compiling stm32h7xx_hal_spi_ex.c...
compiling event_groups.c...
compiling list.c...
compiling stm32h7xx_hal_spi.c...
compiling stm32h7xx_hal_i2c.c...
compiling stm32h7xx_hal_fdcan.c...
compiling stm32h7xx_hal_tim_ex.c...
compiling stream_buffer.c...
compiling queue.c...
compiling stm32h7xx_hal_uart_ex.c...
compiling timers.c...
compiling system_stm32h7xx.c...
compiling tasks.c...
compiling stm32h7xx_hal_uart.c...
compiling heap_4.c...
compiling stm32h7xx_hal_tim.c...
compiling port.c...
compiling ModbusRTU.c...
compiling ModbusTCP_Client.c...
compiling ModbusTCP_Slave.c...
compiling CommLAN_1.c...
compiling cmsis_os2.c...
compiling CommLAN_2.c...
compiling cJSON.c...
..\User\Middle\cJSON.c(2052): warning:  #2803-D: unrecognized GCC pragma
      #pragma GCC diagnostic push
..\User\Middle\cJSON.c(2055): warning:  #2803-D: unrecognized GCC pragma
  #pragma GCC diagnostic ignored "-Wcast-qual"
..\User\Middle\cJSON.c(2063): warning:  #2803-D: unrecognized GCC pragma
      #pragma GCC diagnostic pop
..\User\Middle\cJSON.c: 3 warnings, 0 errors
compiling DI.c...
compiling Comm485.c...
compiling CommCAN.c...
compiling DO.c...
compiling ProtocolNode.c...
compiling ProtocolConvert.c...
linking...
Program Size: Code=59980 RO-data=2012 RW-data=292 ZI-data=552632  
FromELF: creating hex file...
"BCU_debug\BCU_debug.axf" - 0 Error(s), 3 Warning(s).

<h2>Software Packages used:</h2>

Package Vendor: ARM
                http://www.keil.com/pack/ARM.CMSIS.5.7.0.pack
                ARM.CMSIS.5.7.0
                CMSIS (Cortex Microcontroller Software Interface Standard)
   * Component: CORE Version: 5.4.0

Package Vendor: Keil
                https://www.keil.com/pack/Keil.STM32H7xx_DFP.3.1.1.pack
                Keil.STM32H7xx_DFP.3.1.1
                STMicroelectronics STM32H7 Series Device Support and Examples

<h2>Collection of Component include folders:</h2>
  .\RTE\_BCU_debug
  D:\Software\Keil\Arm\Packs\ARM\CMSIS\5.7.0\CMSIS\Core\Include
  D:\Software\Keil\Arm\Packs\Keil\STM32H7xx_DFP\3.1.1\Drivers\CMSIS\Device\ST\STM32H7xx\Include

<h2>Collection of Component Files used:</h2>

   * Component: ARM::CMSIS:CORE:5.4.0
      Include file:  CMSIS\Core\Include\tz_context.h
Build Time Elapsed:  00:00:03
</pre>
</body>
</html>
