Component: ARM Compiler 5.06 update 7 (build 960) Tool: armlink [4d3601]

==============================================================================

Section Cross References

    startup_stm32h743xx.o(STACK) refers (Special) to heapauxi.o(.text) for __use_two_region_memory
    startup_stm32h743xx.o(HEAP) refers (Special) to heapauxi.o(.text) for __use_two_region_memory
    startup_stm32h743xx.o(RESET) refers (Special) to heapauxi.o(.text) for __use_two_region_memory
    startup_stm32h743xx.o(RESET) refers to startup_stm32h743xx.o(STACK) for __initial_sp
    startup_stm32h743xx.o(RESET) refers to startup_stm32h743xx.o(.text) for Reset_Handler
    startup_stm32h743xx.o(RESET) refers to stm32h7xx_it.o(i.NMI_Handler) for NMI_Handler
    startup_stm32h743xx.o(RESET) refers to stm32h7xx_it.o(i.HardFault_Handler) for HardFault_Handler
    startup_stm32h743xx.o(RESET) refers to stm32h7xx_it.o(i.MemManage_Handler) for MemManage_Handler
    startup_stm32h743xx.o(RESET) refers to stm32h7xx_it.o(i.BusFault_Handler) for BusFault_Handler
    startup_stm32h743xx.o(RESET) refers to stm32h7xx_it.o(i.UsageFault_Handler) for UsageFault_Handler
    startup_stm32h743xx.o(RESET) refers to port.o(.emb_text) for SVC_Handler
    startup_stm32h743xx.o(RESET) refers to stm32h7xx_it.o(i.DebugMon_Handler) for DebugMon_Handler
    startup_stm32h743xx.o(RESET) refers to cmsis_os2.o(i.SysTick_Handler) for SysTick_Handler
    startup_stm32h743xx.o(RESET) refers to stm32h7xx_it.o(i.DMA1_Stream0_IRQHandler) for DMA1_Stream0_IRQHandler
    startup_stm32h743xx.o(RESET) refers to stm32h7xx_it.o(i.DMA1_Stream1_IRQHandler) for DMA1_Stream1_IRQHandler
    startup_stm32h743xx.o(RESET) refers to stm32h7xx_it.o(i.DMA1_Stream2_IRQHandler) for DMA1_Stream2_IRQHandler
    startup_stm32h743xx.o(RESET) refers to stm32h7xx_it.o(i.DMA1_Stream3_IRQHandler) for DMA1_Stream3_IRQHandler
    startup_stm32h743xx.o(RESET) refers to stm32h7xx_it.o(i.DMA1_Stream4_IRQHandler) for DMA1_Stream4_IRQHandler
    startup_stm32h743xx.o(RESET) refers to stm32h7xx_it.o(i.DMA1_Stream5_IRQHandler) for DMA1_Stream5_IRQHandler
    startup_stm32h743xx.o(RESET) refers to stm32h7xx_it.o(i.DMA1_Stream6_IRQHandler) for DMA1_Stream6_IRQHandler
    startup_stm32h743xx.o(RESET) refers to stm32h7xx_it.o(i.USART1_IRQHandler) for USART1_IRQHandler
    startup_stm32h743xx.o(RESET) refers to stm32h7xx_it.o(i.USART3_IRQHandler) for USART3_IRQHandler
    startup_stm32h743xx.o(RESET) refers to stm32h7xx_it.o(i.DMA1_Stream7_IRQHandler) for DMA1_Stream7_IRQHandler
    startup_stm32h743xx.o(RESET) refers to stm32h7xx_it.o(i.UART4_IRQHandler) for UART4_IRQHandler
    startup_stm32h743xx.o(RESET) refers to stm32h7xx_it.o(i.TIM6_DAC_IRQHandler) for TIM6_DAC_IRQHandler
    startup_stm32h743xx.o(RESET) refers to stm32h7xx_it.o(i.SPI4_IRQHandler) for SPI4_IRQHandler
    startup_stm32h743xx.o(RESET) refers to stm32h7xx_it.o(i.SPI6_IRQHandler) for SPI6_IRQHandler
    startup_stm32h743xx.o(RESET) refers to stm32h7xx_it.o(i.BDMA_Channel0_IRQHandler) for BDMA_Channel0_IRQHandler
    startup_stm32h743xx.o(RESET) refers to stm32h7xx_it.o(i.BDMA_Channel1_IRQHandler) for BDMA_Channel1_IRQHandler
    startup_stm32h743xx.o(.text) refers (Special) to heapauxi.o(.text) for __use_two_region_memory
    startup_stm32h743xx.o(.text) refers to system_stm32h7xx.o(i.SystemInit) for SystemInit
    startup_stm32h743xx.o(.text) refers to __main.o(!!!main) for __main
    startup_stm32h743xx.o(.text) refers to startup_stm32h743xx.o(HEAP) for Heap_Mem
    startup_stm32h743xx.o(.text) refers to startup_stm32h743xx.o(STACK) for Stack_Mem
    main.o(i.HAL_TIM_PeriodElapsedCallback) refers to stm32h7xx_hal.o(i.HAL_IncTick) for HAL_IncTick
    main.o(i.MX_ADC3_Init) refers to rt_memclr_w.o(.text) for __aeabi_memclr4
    main.o(i.MX_ADC3_Init) refers to stm32h7xx_hal_adc.o(i.HAL_ADC_Init) for HAL_ADC_Init
    main.o(i.MX_ADC3_Init) refers to stm32h7xx_hal_adc.o(i.HAL_ADC_ConfigChannel) for HAL_ADC_ConfigChannel
    main.o(i.MX_ADC3_Init) refers to main.o(.bss) for .bss
    main.o(i.MX_DMA_Init) refers to stm32h7xx_hal_cortex.o(i.HAL_NVIC_SetPriority) for HAL_NVIC_SetPriority
    main.o(i.MX_DMA_Init) refers to stm32h7xx_hal_cortex.o(i.HAL_NVIC_EnableIRQ) for HAL_NVIC_EnableIRQ
    main.o(i.MX_FDCAN1_Init) refers to stm32h7xx_hal_fdcan.o(i.HAL_FDCAN_Init) for HAL_FDCAN_Init
    main.o(i.MX_FDCAN1_Init) refers to main.o(.bss) for .bss
    main.o(i.MX_FDCAN2_Init) refers to stm32h7xx_hal_fdcan.o(i.HAL_FDCAN_Init) for HAL_FDCAN_Init
    main.o(i.MX_FDCAN2_Init) refers to main.o(.bss) for .bss
    main.o(i.MX_GPIO_Init) refers to rt_memclr_w.o(.text) for __aeabi_memclr4
    main.o(i.MX_GPIO_Init) refers to stm32h7xx_hal_gpio.o(i.HAL_GPIO_WritePin) for HAL_GPIO_WritePin
    main.o(i.MX_GPIO_Init) refers to stm32h7xx_hal_gpio.o(i.HAL_GPIO_Init) for HAL_GPIO_Init
    main.o(i.MX_SPI4_Init) refers to stm32h7xx_hal_spi.o(i.HAL_SPI_Init) for HAL_SPI_Init
    main.o(i.MX_SPI4_Init) refers to main.o(.bss) for .bss
[...]
    __rt_lib_init_stdio_1                    0x08000313   Thumb Code     0  libinit2.o(.ARM.Collect$$libinit$$00000025)
    __rt_lib_init_user_alloc_1               0x08000313   Thumb Code     0  libinit2.o(.ARM.Collect$$libinit$$0000000C)
    __rt_lib_shutdown                        0x08000315   Thumb Code     0  libshutdown.o(.ARM.Collect$$libshutdown$$00000000)
    __rt_lib_shutdown_cpp_1                  0x08000317   Thumb Code     0  libshutdown2.o(.ARM.Collect$$libshutdown$$00000004)
    __rt_lib_shutdown_fini_1                 0x08000317   Thumb Code     0  libshutdown2.o(.ARM.Collect$$libshutdown$$00000002)
    __rt_lib_shutdown_fp_trap_1              0x08000317   Thumb Code     0  libshutdown2.o(.ARM.Collect$$libshutdown$$00000009)
    __rt_lib_shutdown_heap_1                 0x08000317   Thumb Code     0  libshutdown2.o(.ARM.Collect$$libshutdown$$00000011)
    __rt_lib_shutdown_return                 0x08000317   Thumb Code     0  libshutdown2.o(.ARM.Collect$$libshutdown$$00000012)
    __rt_lib_shutdown_signal_1               0x08000317   Thumb Code     0  libshutdown2.o(.ARM.Collect$$libshutdown$$0000000C)
    __rt_lib_shutdown_stdio_1                0x08000317   Thumb Code     0  libshutdown2.o(.ARM.Collect$$libshutdown$$00000006)
    __rt_lib_shutdown_user_alloc_1           0x08000317   Thumb Code     0  libshutdown2.o(.ARM.Collect$$libshutdown$$0000000E)
    __rt_entry                               0x08000319   Thumb Code     0  __rtentry.o(.ARM.Collect$$rtentry$$00000000)
    __rt_entry_presh_1                       0x08000319   Thumb Code     0  __rtentry2.o(.ARM.Collect$$rtentry$$00000002)
    __rt_entry_sh                            0x08000319   Thumb Code     0  __rtentry4.o(.ARM.Collect$$rtentry$$00000004)
    __rt_entry_li                            0x0800031f   Thumb Code     0  __rtentry2.o(.ARM.Collect$$rtentry$$0000000A)
    __rt_entry_postsh_1                      0x0800031f   Thumb Code     0  __rtentry2.o(.ARM.Collect$$rtentry$$00000009)
    __rt_entry_main                          0x08000323   Thumb Code     0  __rtentry2.o(.ARM.Collect$$rtentry$$0000000D)
    __rt_entry_postli_1                      0x08000323   Thumb Code     0  __rtentry2.o(.ARM.Collect$$rtentry$$0000000C)
    __rt_exit                                0x0800032b   Thumb Code     0  rtexit.o(.ARM.Collect$$rtexit$$00000000)
    __rt_exit_ls                             0x0800032d   Thumb Code     0  rtexit2.o(.ARM.Collect$$rtexit$$00000003)
    __rt_exit_prels_1                        0x0800032d   Thumb Code     0  rtexit2.o(.ARM.Collect$$rtexit$$00000002)
    __rt_exit_exit                           0x08000331   Thumb Code     0  rtexit2.o(.ARM.Collect$$rtexit$$00000004)
    SVC_Handler                              0x08000339   Thumb Code    28  port.o(.emb_text)
    __asm___6_port_c_39a90d8d__prvStartFirstTask 0x08000359   Thumb Code    36  port.o(.emb_text)
    __asm___6_port_c_39a90d8d__prvEnableVFP  0x08000381   Thumb Code    16  port.o(.emb_text)
    PendSV_Handler                           0x08000395   Thumb Code    88  port.o(.emb_text)
    vPortGetIPSR                             0x080003f1   Thumb Code     6  port.o(.emb_text)
    Reset_Handler                            0x080003f9   Thumb Code     8  startup_stm32h743xx.o(.text)
    ADC3_IRQHandler                          0x08000413   Thumb Code     0  startup_stm32h743xx.o(.text)
    ADC_IRQHandler                           0x08000413   Thumb Code     0  startup_stm32h743xx.o(.text)
    BDMA_Channel2_IRQHandler                 0x08000413   Thumb Code     0  startup_stm32h743xx.o(.text)
    BDMA_Channel3_IRQHandler                 0x08000413   Thumb Code     0  startup_stm32h743xx.o(.text)
    BDMA_Channel4_IRQHandler                 0x08000413   Thumb Code     0  startup_stm32h743xx.o(.text)
    BDMA_Channel5_IRQHandler                 0x08000413   Thumb Code     0  startup_stm32h743xx.o(.text)
    BDMA_Channel6_IRQHandler                 0x08000413   Thumb Code     0  startup_stm32h743xx.o(.text)
    BDMA_Channel7_IRQHandler                 0x08000413   Thumb Code     0  startup_stm32h743xx.o(.text)
    CEC_IRQHandler                           0x08000413   Thumb Code     0  startup_stm32h743xx.o(.text)
    COMP1_IRQHandler                         0x08000413   Thumb Code     0  startup_stm32h743xx.o(.text)
    CRS_IRQHandler                           0x08000413   Thumb Code     0  startup_stm32h743xx.o(.text)
    DCMI_IRQHandler                          0x08000413   Thumb Code     0  startup_stm32h743xx.o(.text)
    DFSDM1_FLT0_IRQHandler                   0x08000413   Thumb Code     0  startup_stm32h743xx.o(.text)
    DFSDM1_FLT1_IRQHandler                   0x08000413   Thumb Code     0  startup_stm32h743xx.o(.text)
    DFSDM1_FLT2_IRQHandler                   0x08000413   Thumb Code     0  startup_stm32h743xx.o(.text)
    DFSDM1_FLT3_IRQHandler                   0x08000413   Thumb Code     0  startup_stm32h743xx.o(.text)
    DMA2D_IRQHandler                         0x08000413   Thumb Code     0  startup_stm32h743xx.o(.text)
    DMA2_Stream0_IRQHandler                  0x08000413   Thumb Code     0  startup_stm32h743xx.o(.text)
    DMA2_Stream1_IRQHandler                  0x08000413   Thumb Code     0  startup_stm32h743xx.o(.text)
    DMA2_Stream2_IRQHandler                  0x08000413   Thumb Code     0  startup_stm32h743xx.o(.text)
    DMA2_Stream3_IRQHandler                  0x08000413   Thumb Code     0  startup_stm32h743xx.o(.text)
    DMA2_Stream4_IRQHandler                  0x08000413   Thumb Code     0  startup_stm32h743xx.o(.text)
    DMA2_Stream5_IRQHandler                  0x08000413   Thumb Code     0  startup_stm32h743xx.o(.text)
    DMA2_Stream6_IRQHandler                  0x08000413   Thumb Code     0  startup_stm32h743xx.o(.text)
    DMA2_Stream7_IRQHandler                  0x08000413   Thumb Code     0  startup_stm32h743xx.o(.text)
    DMAMUX1_OVR_IRQHandler                   0x08000413   Thumb Code     0  startup_stm32h743xx.o(.text)
    DMAMUX2_OVR_IRQHandler                   0x08000413   Thumb Code     0  startup_stm32h743xx.o(.text)
    ECC_IRQHandler                           0x08000413   Thumb Code     0  startup_stm32h743xx.o(.text)
    ETH_IRQHandler                           0x08000413   Thumb Code     0  startup_stm32h743xx.o(.text)
    ETH_WKUP_IRQHandler                      0x08000413   Thumb Code     0  startup_stm32h743xx.o(.text)
    EXTI0_IRQHandler                         0x08000413   Thumb Code     0  startup_stm32h743xx.o(.text)
    EXTI15_10_IRQHandler                     0x08000413   Thumb Code     0  startup_stm32h743xx.o(.text)
    EXTI1_IRQHandler                         0x08000413   Thumb Code     0  startup_stm32h743xx.o(.text)
    EXTI2_IRQHandler                         0x08000413   Thumb Code     0  startup_stm32h743xx.o(.text)
    EXTI3_IRQHandler                         0x08000413   Thumb Code     0  startup_stm32h743xx.o(.text)
    EXTI4_IRQHandler                         0x08000413   Thumb Code     0  startup_stm32h743xx.o(.text)
    EXTI9_5_IRQHandler                       0x08000413   Thumb Code     0  startup_stm32h743xx.o(.text)
    FDCAN1_IT0_IRQHandler                    0x08000413   Thumb Code     0  startup_stm32h743xx.o(.text)
    FDCAN1_IT1_IRQHandler                    0x08000413   Thumb Code     0  startup_stm32h743xx.o(.text)
    FDCAN2_IT0_IRQHandler                    0x08000413   Thumb Code     0  startup_stm32h743xx.o(.text)
    FDCAN2_IT1_IRQHandler                    0x08000413   Thumb Code     0  startup_stm32h743xx.o(.text)
    FDCAN_CAL_IRQHandler                     0x08000413   Thumb Code     0  startup_stm32h743xx.o(.text)
    FLASH_IRQHandler                         0x08000413   Thumb Code     0  startup_stm32h743xx.o(.text)
    FMC_IRQHandler                           0x08000413   Thumb Code     0  startup_stm32h743xx.o(.text)
    FPU_IRQHandler                           0x08000413   Thumb Code     0  startup_stm32h743xx.o(.text)
    HRTIM1_FLT_IRQHandler                    0x08000413   Thumb Code     0  startup_stm32h743xx.o(.text)
    HRTIM1_Master_IRQHandler                 0x08000413   Thumb Code     0  startup_stm32h743xx.o(.text)
    HRTIM1_TIMA_IRQHandler                   0x08000413   Thumb Code     0  startup_stm32h743xx.o(.text)
    HRTIM1_TIMB_IRQHandler                   0x08000413   Thumb Code     0  startup_stm32h743xx.o(.text)
    HRTIM1_TIMC_IRQHandler                   0x08000413   Thumb Code     0  startup_stm32h743xx.o(.text)
    HRTIM1_TIMD_IRQHandler                   0x08000413   Thumb Code     0  startup_stm32h743xx.o(.text)
    HRTIM1_TIME_IRQHandler                   0x08000413   Thumb Code     0  startup_stm32h743xx.o(.text)
    HSEM1_IRQHandler                         0x08000413   Thumb Code     0  startup_stm32h743xx.o(.text)
    I2C1_ER_IRQHandler                       0x08000413   Thumb Code     0  startup_stm32h743xx.o(.text)
    I2C1_EV_IRQHandler                       0x08000413   Thumb Code     0  startup_stm32h743xx.o(.text)
    I2C2_ER_IRQHandler                       0x08000413   Thumb Code     0  startup_stm32h743xx.o(.text)
    I2C2_EV_IRQHandler                       0x08000413   Thumb Code     0  startup_stm32h743xx.o(.text)
    I2C3_ER_IRQHandler                       0x08000413   Thumb Code     0  startup_stm32h743xx.o(.text)
    I2C3_EV_IRQHandler                       0x08000413   Thumb Code     0  startup_stm32h743xx.o(.text)
    I2C4_ER_IRQHandler                       0x08000413   Thumb Code     0  startup_stm32h743xx.o(.text)
    I2C4_EV_IRQHandler                       0x08000413   Thumb Code     0  startup_stm32h743xx.o(.text)
    JPEG_IRQHandler                          0x08000413   Thumb Code     0  startup_stm32h743xx.o(.text)
    LPTIM1_IRQHandler                        0x08000413   Thumb Code     0  startup_stm32h743xx.o(.text)
    LPTIM2_IRQHandler                        0x08000413   Thumb Code     0  startup_stm32h743xx.o(.text)
    LPTIM3_IRQHandler                        0x08000413   Thumb Code     0  startup_stm32h743xx.o(.text)
    LPTIM4_IRQHandler                        0x08000413   Thumb Code     0  startup_stm32h743xx.o(.text)
    LPTIM5_IRQHandler                        0x08000413   Thumb Code     0  startup_stm32h743xx.o(.text)
    LPUART1_IRQHandler                       0x08000413   Thumb Code     0  startup_stm32h743xx.o(.text)
    LTDC_ER_IRQHandler                       0x08000413   Thumb Code     0  startup_stm32h743xx.o(.text)
    LTDC_IRQHandler                          0x08000413   Thumb Code     0  startup_stm32h743xx.o(.text)
    MDIOS_IRQHandler                         0x08000413   Thumb Code     0  startup_stm32h743xx.o(.text)
    MDIOS_WKUP_IRQHandler                    0x08000413   Thumb Code     0  startup_stm32h743xx.o(.text)
    MDMA_IRQHandler                          0x08000413   Thumb Code     0  startup_stm32h743xx.o(.text)
    OTG_FS_EP1_IN_IRQHandler                 0x08000413   Thumb Code     0  startup_stm32h743xx.o(.text)
    OTG_FS_EP1_OUT_IRQHandler                0x08000413   Thumb Code     0  startup_stm32h743xx.o(.text)
    OTG_FS_IRQHandler                        0x08000413   Thumb Code     0  startup_stm32h743xx.o(.text)
    OTG_FS_WKUP_IRQHandler                   0x08000413   Thumb Code     0  startup_stm32h743xx.o(.text)
    OTG_HS_EP1_IN_IRQHandler                 0x08000413   Thumb Code     0  startup_stm32h743xx.o(.text)
    OTG_HS_EP1_OUT_IRQHandler                0x08000413   Thumb Code     0  startup_stm32h743xx.o(.text)
    OTG_HS_IRQHandler                        0x08000413   Thumb Code     0  startup_stm32h743xx.o(.text)
    OTG_HS_WKUP_IRQHandler                   0x08000413   Thumb Code     0  startup_stm32h743xx.o(.text)
    PVD_AVD_IRQHandler                       0x08000413   Thumb Code     0  startup_stm32h743xx.o(.text)
    QUADSPI_IRQHandler                       0x08000413   Thumb Code     0  startup_stm32h743xx.o(.text)
    RCC_IRQHandler                           0x08000413   Thumb Code     0  startup_stm32h743xx.o(.text)
    RNG_IRQHandler                           0x08000413   Thumb Code     0  startup_stm32h743xx.o(.text)
    RTC_Alarm_IRQHandler                     0x08000413   Thumb Code     0  startup_stm32h743xx.o(.text)
    RTC_WKUP_IRQHandler                      0x08000413   Thumb Code     0  startup_stm32h743xx.o(.text)
    SAI1_IRQHandler                          0x08000413   Thumb Code     0  startup_stm32h743xx.o(.text)
    SAI2_IRQHandler                          0x08000413   Thumb Code     0  startup_stm32h743xx.o(.text)
    SAI3_IRQHandler                          0x08000413   Thumb Code     0  startup_stm32h743xx.o(.text)
    SAI4_IRQHandler                          0x08000413   Thumb Code     0  startup_stm32h743xx.o(.text)
    SDMMC1_IRQHandler                        0x08000413   Thumb Code     0  startup_stm32h743xx.o(.text)
    SDMMC2_IRQHandler                        0x08000413   Thumb Code     0  startup_stm32h743xx.o(.text)
    SPDIF_RX_IRQHandler                      0x08000413   Thumb Code     0  startup_stm32h743xx.o(.text)
    SPI1_IRQHandler                          0x08000413   Thumb Code     0  startup_stm32h743xx.o(.text)
    SPI2_IRQHandler                          0x08000413   Thumb Code     0  startup_stm32h743xx.o(.text)
    SPI3_IRQHandler                          0x08000413   Thumb Code     0  startup_stm32h743xx.o(.text)
    SPI5_IRQHandler                          0x08000413   Thumb Code     0  startup_stm32h743xx.o(.text)
    SWPMI1_IRQHandler                        0x08000413   Thumb Code     0  startup_stm32h743xx.o(.text)
    TAMP_STAMP_IRQHandler                    0x08000413   Thumb Code     0  startup_stm32h743xx.o(.text)
    TIM15_IRQHandler                         0x08000413   Thumb Code     0  startup_stm32h743xx.o(.text)
    TIM16_IRQHandler                         0x08000413   Thumb Code     0  startup_stm32h743xx.o(.text)
    TIM17_IRQHandler                         0x08000413   Thumb Code     0  startup_stm32h743xx.o(.text)
    TIM1_BRK_IRQHandler                      0x08000413   Thumb Code     0  startup_stm32h743xx.o(.text)
    TIM1_CC_IRQHandler                       0x08000413   Thumb Code     0  startup_stm32h743xx.o(.text)
    TIM1_TRG_COM_IRQHandler                  0x08000413   Thumb Code     0  startup_stm32h743xx.o(.text)
    TIM1_UP_IRQHandler                       0x08000413   Thumb Code     0  startup_stm32h743xx.o(.text)
    TIM2_IRQHandler                          0x08000413   Thumb Code     0  startup_stm32h743xx.o(.text)
    TIM3_IRQHandler                          0x08000413   Thumb Code     0  startup_stm32h743xx.o(.text)
    TIM4_IRQHandler                          0x08000413   Thumb Code     0  startup_stm32h743xx.o(.text)
    TIM5_IRQHandler                          0x08000413   Thumb Code     0  startup_stm32h743xx.o(.text)
    TIM7_IRQHandler                          0x08000413   Thumb Code     0  startup_stm32h743xx.o(.text)
    TIM8_BRK_TIM12_IRQHandler                0x08000413   Thumb Code     0  startup_stm32h743xx.o(.text)
    TIM8_CC_IRQHandler                       0x08000413   Thumb Code     0  startup_stm32h743xx.o(.text)
    TIM8_TRG_COM_TIM14_IRQHandler            0x08000413   Thumb Code     0  startup_stm32h743xx.o(.text)
    TIM8_UP_TIM13_IRQHandler                 0x08000413   Thumb Code     0  startup_stm32h743xx.o(.text)
    UART5_IRQHandler                         0x08000413   Thumb Code     0  startup_stm32h743xx.o(.text)
    UART7_IRQHandler                         0x08000413   Thumb Code     0  startup_stm32h743xx.o(.text)
    UART8_IRQHandler                         0x08000413   Thumb Code     0  startup_stm32h743xx.o(.text)
    USART2_IRQHandler                        0x08000413   Thumb Code     0  startup_stm32h743xx.o(.text)
    USART6_IRQHandler                        0x08000413   Thumb Code     0  startup_stm32h743xx.o(.text)
    WAKEUP_PIN_IRQHandler                    0x08000413   Thumb Code     0  startup_stm32h743xx.o(.text)
    WWDG_IRQHandler                          0x08000413   Thumb Code     0  startup_stm32h743xx.o(.text)
    __user_initial_stackheap                 0x08000415   Thumb Code     0  startup_stm32h743xx.o(.text)
    __aeabi_uldivmod                         0x08000439   Thumb Code     0  lludivv7m.o(.text)
    _ll_udiv                                 0x08000439   Thumb Code   238  lludivv7m.o(.text)
    __aeabi_memcpy                           0x08000527   Thumb Code     0  rt_memcpy_v6.o(.text)
    __rt_memcpy                              0x08000527   Thumb Code   138  rt_memcpy_v6.o(.text)
    _memcpy_lastbytes                        0x0800058d   Thumb Code     0  rt_memcpy_v6.o(.text)
    __aeabi_memcpy4                          0x080005b1   Thumb Code     0  rt_memcpy_w.o(.text)
    __aeabi_memcpy8                          0x080005b1   Thumb Code     0  rt_memcpy_w.o(.text)
    __rt_memcpy_w                            0x080005b1   Thumb Code   100  rt_memcpy_w.o(.text)
    _memcpy_lastbytes_aligned                0x080005f9   Thumb Code     0  rt_memcpy_w.o(.text)
    __aeabi_memset                           0x08000615   Thumb Code    16  aeabi_memset.o(.text)
    __aeabi_memclr4                          0x08000625   Thumb Code     0  rt_memclr_w.o(.text)
    __aeabi_memclr8                          0x08000625   Thumb Code     0  rt_memclr_w.o(.text)
    __rt_memclr_w                            0x08000625   Thumb Code    78  rt_memclr_w.o(.text)
    _memset_w                                0x08000629   Thumb Code     0  rt_memclr_w.o(.text)
    __use_two_region_memory                  0x08000673   Thumb Code     2  heapauxi.o(.text)
    __rt_heap_escrow$2region                 0x08000675   Thumb Code     2  heapauxi.o(.text)
    __rt_heap_expand$2region                 0x08000677   Thumb Code     2  heapauxi.o(.text)
    __aeabi_memclr                           0x08000679   Thumb Code     0  rt_memclr.o(.text)
    __rt_memclr                              0x08000679   Thumb Code    68  rt_memclr.o(.text)
    _memset                                  0x0800067d   Thumb Code     0  rt_memclr.o(.text)
    __user_setup_stackheap                   0x080006bd   Thumb Code    74  sys_stackheap_outer.o(.text)
    exit                                     0x08000707   Thumb Code    18  exit.o(.text)
    __user_libspace                          0x08000719   Thumb Code     8  libspace.o(.text)
    __user_perproc_libspace                  0x08000719   Thumb Code     0  libspace.o(.text)
    __user_perthread_libspace                0x08000719   Thumb Code     0  libspace.o(.text)
    _sys_exit                                0x08000721   Thumb Code     8  sys_exit.o(.text)
    __I$use$semihosting                      0x0800072d   Thumb Code     0  use_no_semi.o(.text)
    __use_no_semihosting_swi                 0x0800072d   Thumb Code     2  use_no_semi.o(.text)
    __semihosting_library_function           0x0800072f   Thumb Code     0  indicate_semi.o(.text)
    ADC_ConfigureBoostMode                   0x08000731   Thumb Code   236  stm32h7xx_hal_adc.o(i.ADC_ConfigureBoostMode)
    BDMA_Channel0_IRQHandler                 0x08000839   Thumb Code     6  stm32h7xx_it.o(i.BDMA_Channel0_IRQHandler)
    BDMA_Channel1_IRQHandler                 0x08000845   Thumb Code     6  stm32h7xx_it.o(i.BDMA_Channel1_IRQHandler)
    BusFault_Handler                         0x08000851   Thumb Code     2  stm32h7xx_it.o(i.BusFault_Handler)
    DMA1_Stream0_IRQHandler                  0x08000855   Thumb Code     6  stm32h7xx_it.o(i.DMA1_Stream0_IRQHandler)
    DMA1_Stream1_IRQHandler                  0x08000861   Thumb Code     6  stm32h7xx_it.o(i.DMA1_Stream1_IRQHandler)
    DMA1_Stream2_IRQHandler                  0x0800086d   Thumb Code     6  stm32h7xx_it.o(i.DMA1_Stream2_IRQHandler)
    DMA1_Stream3_IRQHandler                  0x08000879   Thumb Code     6  stm32h7xx_it.o(i.DMA1_Stream3_IRQHandler)
    DMA1_Stream4_IRQHandler                  0x08000885   Thumb Code     6  stm32h7xx_it.o(i.DMA1_Stream4_IRQHandler)
    DMA1_Stream5_IRQHandler                  0x08000891   Thumb Code     6  stm32h7xx_it.o(i.DMA1_Stream5_IRQHandler)
    DMA1_Stream6_IRQHandler                  0x0800089d   Thumb Code     6  stm32h7xx_it.o(i.DMA1_Stream6_IRQHandler)
    DMA1_Stream7_IRQHandler                  0x080008a9   Thumb Code     6  stm32h7xx_it.o(i.DMA1_Stream7_IRQHandler)
    DebugMon_Handler                         0x08000acd   Thumb Code     2  stm32h7xx_it.o(i.DebugMon_Handler)
    Error_Handler                            0x08000acf   Thumb Code     4  main.o(i.Error_Handler)
    HAL_ADC_ConfigChannel                    0x08000c9d   Thumb Code   926  stm32h7xx_hal_adc.o(i.HAL_ADC_ConfigChannel)
    HAL_ADC_Init                             0x08001075   Thumb Code   498  stm32h7xx_hal_adc.o(i.HAL_ADC_Init)
    HAL_ADC_MspInit                          0x0800129d   Thumb Code   162  stm32h7xx_hal_msp.o(i.HAL_ADC_MspInit)
    HAL_DMA_Abort                            0x08001351   Thumb Code   836  stm32h7xx_hal_dma.o(i.HAL_DMA_Abort)
    HAL_DMA_Abort_IT                         0x080016b1   Thumb Code   602  stm32h7xx_hal_dma.o(i.HAL_DMA_Abort_IT)
    HAL_DMA_IRQHandler                       0x08001935   Thumb Code  1756  stm32h7xx_hal_dma.o(i.HAL_DMA_IRQHandler)
    HAL_DMA_Init                             0x0800201d   Thumb Code   926  stm32h7xx_hal_dma.o(i.HAL_DMA_Init)
    HAL_FDCAN_Init                           0x080023e1   Thumb Code   572  stm32h7xx_hal_fdcan.o(i.HAL_FDCAN_Init)
    HAL_FDCAN_MspInit                        0x08002625   Thumb Code   296  stm32h7xx_hal_msp.o(i.HAL_FDCAN_MspInit)
    HAL_GPIO_Init                            0x08002761   Thumb Code   506  stm32h7xx_hal_gpio.o(i.HAL_GPIO_Init)
    HAL_GPIO_WritePin                        0x0800298d   Thumb Code    10  stm32h7xx_hal_gpio.o(i.HAL_GPIO_WritePin)
    HAL_GetREVID                             0x08002999   Thumb Code     8  stm32h7xx_hal.o(i.HAL_GetREVID)
    HAL_GetTick                              0x080029a5   Thumb Code     6  stm32h7xx_hal.o(i.HAL_GetTick)
    HAL_I2CEx_EnableFastModePlus             0x080029b1   Thumb Code    30  stm32h7xx_hal_i2c_ex.o(i.HAL_I2CEx_EnableFastModePlus)
    HAL_IncTick                              0x080029d9   Thumb Code    12  stm32h7xx_hal.o(i.HAL_IncTick)
    HAL_Init                                 0x080029e9   Thumb Code    74  stm32h7xx_hal.o(i.HAL_Init)
    HAL_InitTick                             0x08002a45   Thumb Code   120  stm32h7xx_hal_timebase_tim.o(i.HAL_InitTick)
    HAL_MspInit                              0x08002ad1   Thumb Code    32  stm32h7xx_hal_msp.o(i.HAL_MspInit)
    HAL_NVIC_EnableIRQ                       0x08002af5   Thumb Code    26  stm32h7xx_hal_cortex.o(i.HAL_NVIC_EnableIRQ)
    HAL_NVIC_SetPriority                     0x08002b11   Thumb Code    60  stm32h7xx_hal_cortex.o(i.HAL_NVIC_SetPriority)
    HAL_NVIC_SetPriorityGrouping             0x08002b51   Thumb Code    28  stm32h7xx_hal_cortex.o(i.HAL_NVIC_SetPriorityGrouping)
    HAL_PWREx_ConfigSupply                   0x08002b75   Thumb Code    78  stm32h7xx_hal_pwr_ex.o(i.HAL_PWREx_ConfigSupply)
    HAL_RCCEx_GetD3PCLK1Freq                 0x08002bc9   Thumb Code    26  stm32h7xx_hal_rcc_ex.o(i.HAL_RCCEx_GetD3PCLK1Freq)
    HAL_RCCEx_GetPLL1ClockFreq               0x08002bed   Thumb Code   298  stm32h7xx_hal_rcc_ex.o(i.HAL_RCCEx_GetPLL1ClockFreq)
    HAL_RCCEx_GetPLL2ClockFreq               0x08002d35   Thumb Code   296  stm32h7xx_hal_rcc_ex.o(i.HAL_RCCEx_GetPLL2ClockFreq)
    HAL_RCCEx_GetPLL3ClockFreq               0x08002e79   Thumb Code   296  stm32h7xx_hal_rcc_ex.o(i.HAL_RCCEx_GetPLL3ClockFreq)
    HAL_RCCEx_GetPeriphCLKFreq               0x08002fbd   Thumb Code   694  stm32h7xx_hal_rcc_ex.o(i.HAL_RCCEx_GetPeriphCLKFreq)
    HAL_RCCEx_PeriphCLKConfig                0x08003285   Thumb Code  2472  stm32h7xx_hal_rcc_ex.o(i.HAL_RCCEx_PeriphCLKConfig)
    HAL_RCC_ClockConfig                      0x08003c31   Thumb Code   580  stm32h7xx_hal_rcc.o(i.HAL_RCC_ClockConfig)
    HAL_RCC_GetClockConfig                   0x08003e8d   Thumb Code    84  stm32h7xx_hal_rcc.o(i.HAL_RCC_GetClockConfig)
    HAL_RCC_GetHCLKFreq                      0x08003ee9   Thumb Code    52  stm32h7xx_hal_rcc.o(i.HAL_RCC_GetHCLKFreq)
    HAL_RCC_GetPCLK1Freq                     0x08003f2d   Thumb Code    26  stm32h7xx_hal_rcc.o(i.HAL_RCC_GetPCLK1Freq)
    HAL_RCC_GetPCLK2Freq                     0x08003f51   Thumb Code    26  stm32h7xx_hal_rcc.o(i.HAL_RCC_GetPCLK2Freq)
    HAL_RCC_GetSysClockFreq                  0x08003f75   Thumb Code   278  stm32h7xx_hal_rcc.o(i.HAL_RCC_GetSysClockFreq)
    HAL_RCC_OscConfig                        0x080040ad   Thumb Code  1410  stm32h7xx_hal_rcc.o(i.HAL_RCC_OscConfig)
    HAL_SPI_ErrorCallback                    0x0800462f   Thumb Code     2  stm32h7xx_hal_spi.o(i.HAL_SPI_ErrorCallback)
    HAL_SPI_IRQHandler                       0x08004631   Thumb Code   544  stm32h7xx_hal_spi.o(i.HAL_SPI_IRQHandler)
    HAL_SPI_Init                             0x08004855   Thumb Code   366  stm32h7xx_hal_spi.o(i.HAL_SPI_Init)
    HAL_SPI_MspInit                          0x080049d1   Thumb Code   564  stm32h7xx_hal_msp.o(i.HAL_SPI_MspInit)
    HAL_SPI_RxCpltCallback                   0x08004c39   Thumb Code     2  stm32h7xx_hal_spi.o(i.HAL_SPI_RxCpltCallback)
    HAL_SPI_SuspendCallback                  0x08004c3b   Thumb Code     2  stm32h7xx_hal_spi.o(i.HAL_SPI_SuspendCallback)
    HAL_SPI_TxCpltCallback                   0x08004c3d   Thumb Code     2  stm32h7xx_hal_spi.o(i.HAL_SPI_TxCpltCallback)
    HAL_SPI_TxRxCpltCallback                 0x08004c3f   Thumb Code     2  stm32h7xx_hal_spi.o(i.HAL_SPI_TxRxCpltCallback)
    HAL_TIMEx_Break2Callback                 0x08004c41   Thumb Code     2  stm32h7xx_hal_tim_ex.o(i.HAL_TIMEx_Break2Callback)
    HAL_TIMEx_BreakCallback                  0x08004c43   Thumb Code     2  stm32h7xx_hal_tim_ex.o(i.HAL_TIMEx_BreakCallback)
    HAL_TIMEx_CommutCallback                 0x08004c45   Thumb Code     2  stm32h7xx_hal_tim_ex.o(i.HAL_TIMEx_CommutCallback)
    HAL_TIM_Base_Init                        0x08004c47   Thumb Code    98  stm32h7xx_hal_tim.o(i.HAL_TIM_Base_Init)
    HAL_TIM_Base_MspInit                     0x08004ca9   Thumb Code     2  stm32h7xx_hal_tim.o(i.HAL_TIM_Base_MspInit)
    HAL_TIM_Base_Start_IT                    0x08004cad   Thumb Code   106  stm32h7xx_hal_tim.o(i.HAL_TIM_Base_Start_IT)
    HAL_TIM_IC_CaptureCallback               0x08004d39   Thumb Code     2  stm32h7xx_hal_tim.o(i.HAL_TIM_IC_CaptureCallback)
    HAL_TIM_IRQHandler                       0x08004d3b   Thumb Code   328  stm32h7xx_hal_tim.o(i.HAL_TIM_IRQHandler)
    HAL_TIM_OC_DelayElapsedCallback          0x08004e83   Thumb Code     2  stm32h7xx_hal_tim.o(i.HAL_TIM_OC_DelayElapsedCallback)
    HAL_TIM_PWM_PulseFinishedCallback        0x08004e85   Thumb Code     2  stm32h7xx_hal_tim.o(i.HAL_TIM_PWM_PulseFinishedCallback)
    HAL_TIM_PeriodElapsedCallback            0x08004e89   Thumb Code    14  main.o(i.HAL_TIM_PeriodElapsedCallback)
    HAL_TIM_TriggerCallback                  0x08004e9d   Thumb Code     2  stm32h7xx_hal_tim.o(i.HAL_TIM_TriggerCallback)
    HAL_UARTEx_DisableFifoMode               0x08004e9f   Thumb Code    64  stm32h7xx_hal_uart_ex.o(i.HAL_UARTEx_DisableFifoMode)
    HAL_UARTEx_RxEventCallback               0x08004edf   Thumb Code     2  stm32h7xx_hal_uart.o(i.HAL_UARTEx_RxEventCallback)
    HAL_UARTEx_RxFifoFullCallback            0x08004ee1   Thumb Code     2  stm32h7xx_hal_uart_ex.o(i.HAL_UARTEx_RxFifoFullCallback)
    HAL_UARTEx_SetRxFifoThreshold            0x08004ee3   Thumb Code    76  stm32h7xx_hal_uart_ex.o(i.HAL_UARTEx_SetRxFifoThreshold)
    HAL_UARTEx_SetTxFifoThreshold            0x08004f2f   Thumb Code    76  stm32h7xx_hal_uart_ex.o(i.HAL_UARTEx_SetTxFifoThreshold)
    HAL_UARTEx_TxFifoEmptyCallback           0x08004f7b   Thumb Code     2  stm32h7xx_hal_uart_ex.o(i.HAL_UARTEx_TxFifoEmptyCallback)
    HAL_UARTEx_WakeupCallback                0x08004f7d   Thumb Code     2  stm32h7xx_hal_uart_ex.o(i.HAL_UARTEx_WakeupCallback)
    HAL_UART_ErrorCallback                   0x08004f7f   Thumb Code     2  stm32h7xx_hal_uart.o(i.HAL_UART_ErrorCallback)
    HAL_UART_IRQHandler                      0x08004f81   Thumb Code   878  stm32h7xx_hal_uart.o(i.HAL_UART_IRQHandler)
    HAL_UART_Init                            0x08005309   Thumb Code   106  stm32h7xx_hal_uart.o(i.HAL_UART_Init)
    HAL_UART_MspInit                         0x08005375   Thumb Code   806  stm32h7xx_hal_msp.o(i.HAL_UART_MspInit)
    HAL_UART_Transmit                        0x080056d9   Thumb Code   176  stm32h7xx_hal_uart.o(i.HAL_UART_Transmit)
    HAL_UART_TxCpltCallback                  0x08005789   Thumb Code     2  stm32h7xx_hal_uart.o(i.HAL_UART_TxCpltCallback)
    HardFault_Handler                        0x0800578b   Thumb Code     2  stm32h7xx_it.o(i.HardFault_Handler)
    MemManage_Handler                        0x08005e0d   Thumb Code     2  stm32h7xx_it.o(i.MemManage_Handler)
    NMI_Handler                              0x08005e0f   Thumb Code     2  stm32h7xx_it.o(i.NMI_Handler)
    SPI4_IRQHandler                          0x08006051   Thumb Code     6  stm32h7xx_it.o(i.SPI4_IRQHandler)
    SPI6_IRQHandler                          0x0800605d   Thumb Code     6  stm32h7xx_it.o(i.SPI6_IRQHandler)
    StartComm485_1_Task                      0x0800613f   Thumb Code     8  main.o(i.StartComm485_1_Task)
    StartComm485_2_Task                      0x08006149   Thumb Code    30  main.o(i.StartComm485_2_Task)
    StartComm485_3_Task                      0x0800617d   Thumb Code     8  main.o(i.StartComm485_3_Task)
    StartCommCAN_1_Task                      0x08006185   Thumb Code     8  main.o(i.StartCommCAN_1_Task)
    StartCommCAN_2_Task                      0x0800618d   Thumb Code     8  main.o(i.StartCommCAN_2_Task)
    StartCommCAN_3_Task                      0x08006195   Thumb Code     8  main.o(i.StartCommCAN_3_Task)
    StartCommLAN_1_Task                      0x0800619d   Thumb Code     8  main.o(i.StartCommLAN_1_Task)
    StartCommLAN_2_Task                      0x080061a5   Thumb Code     8  main.o(i.StartCommLAN_2_Task)
    StartDefaultTask                         0x080061ad   Thumb Code     8  main.o(i.StartDefaultTask)
    SysTick_Handler                          0x080061b5   Thumb Code    26  cmsis_os2.o(i.SysTick_Handler)
    SystemClock_Config                       0x080061d1   Thumb Code   204  main.o(i.SystemClock_Config)
    SystemInit                               0x080062a9   Thumb Code   180  system_stm32h7xx.o(i.SystemInit)
    TIM6_DAC_IRQHandler                      0x08006385   Thumb Code     6  stm32h7xx_it.o(i.TIM6_DAC_IRQHandler)
    TIM_Base_SetConfig                       0x08006391   Thumb Code   176  stm32h7xx_hal_tim.o(i.TIM_Base_SetConfig)
    UART4_IRQHandler                         0x08006461   Thumb Code     6  stm32h7xx_it.o(i.UART4_IRQHandler)
    UART_AdvFeatureConfig                    0x080064b1   Thumb Code   200  stm32h7xx_hal_uart.o(i.UART_AdvFeatureConfig)
    UART_CheckIdleState                      0x08006579   Thumb Code   170  stm32h7xx_hal_uart.o(i.UART_CheckIdleState)
    UART_SetConfig                           0x0800668d   Thumb Code   876  stm32h7xx_hal_uart.o(i.UART_SetConfig)
    UART_WaitOnFlagUntilTimeout              0x08006a39   Thumb Code   148  stm32h7xx_hal_uart.o(i.UART_WaitOnFlagUntilTimeout)
    USART1_IRQHandler                        0x08006acd   Thumb Code     6  stm32h7xx_it.o(i.USART1_IRQHandler)
    USART3_IRQHandler                        0x08006ad9   Thumb Code     6  stm32h7xx_it.o(i.USART3_IRQHandler)
    UsageFault_Handler                       0x08006ae5   Thumb Code     2  stm32h7xx_it.o(i.UsageFault_Handler)
    main                                     0x08006b09   Thumb Code   530  main.o(i.main)
    osDelay                                  0x08006d59   Thumb Code    28  cmsis_os2.o(i.osDelay)
    osEventFlagsNew                          0x08006d75   Thumb Code    44  cmsis_os2.o(i.osEventFlagsNew)
    osKernelInitialize                       0x08006da1   Thumb Code    32  cmsis_os2.o(i.osKernelInitialize)
    osKernelStart                            0x08006dc5   Thumb Code    48  cmsis_os2.o(i.osKernelStart)
    osSemaphoreNew                           0x08006dfd   Thumb Code   152  cmsis_os2.o(i.osSemaphoreNew)
    osThreadNew                              0x08006e95   Thumb Code   144  cmsis_os2.o(i.osThreadNew)
    pvPortMalloc                             0x080076bd   Thumb Code   216  heap_4.o(i.pvPortMalloc)
    pxPortInitialiseStack                    0x08007799   Thumb Code    42  port.o(i.pxPortInitialiseStack)
    uxListRemove                             0x080077c9   Thumb Code    38  list.o(i.uxListRemove)
    vApplicationGetIdleTaskMemory            0x080077f1   Thumb Code    18  cmsis_os2.o(i.vApplicationGetIdleTaskMemory)
    vApplicationGetTimerTaskMemory           0x08007809   Thumb Code    20  cmsis_os2.o(i.vApplicationGetTimerTaskMemory)
    vListInitialise                          0x08007821   Thumb Code    22  list.o(i.vListInitialise)
    vListInitialiseItem                      0x08007837   Thumb Code     6  list.o(i.vListInitialiseItem)
    vListInsert                              0x0800783d   Thumb Code    48  list.o(i.vListInsert)
    vListInsertEnd                           0x0800786d   Thumb Code    24  list.o(i.vListInsertEnd)
    vPortEnterCritical                       0x08007885   Thumb Code    54  port.o(i.vPortEnterCritical)
    vPortExitCritical                        0x080078c5   Thumb Code    34  port.o(i.vPortExitCritical)
    vPortFree                                0x080078ed   Thumb Code    94  heap_4.o(i.vPortFree)
    vPortSetupTimerInterrupt                 0x08007951   Thumb Code    32  port.o(i.vPortSetupTimerInterrupt)
    vPortValidateInterruptPriority           0x08007975   Thumb Code    74  port.o(i.vPortValidateInterruptPriority)
    vQueueAddToRegistry                      0x080079c9   Thumb Code    34  queue.o(i.vQueueAddToRegistry)
    vQueueDelete                             0x080079f1   Thumb Code    46  queue.o(i.vQueueDelete)
    vQueueUnregisterQueue                    0x08007a21   Thumb Code    36  queue.o(i.vQueueUnregisterQueue)
    vQueueWaitForMessageRestricted           0x08007a49   Thumb Code    68  queue.o(i.vQueueWaitForMessageRestricted)
    vTaskDelay                               0x08007a8d   Thumb Code    66  tasks.o(i.vTaskDelay)
    vTaskInternalSetTimeOutState             0x08007ad9   Thumb Code    12  tasks.o(i.vTaskInternalSetTimeOutState)
    vTaskMissedYield                         0x08007ae9   Thumb Code     8  tasks.o(i.vTaskMissedYield)
    vTaskPlaceOnEventList                    0x08007af5   Thumb Code    44  tasks.o(i.vTaskPlaceOnEventList)
    vTaskPlaceOnEventListRestricted          0x08007b25   Thumb Code    52  tasks.o(i.vTaskPlaceOnEventListRestricted)
    vTaskStartScheduler                      0x08007b5d   Thumb Code   118  tasks.o(i.vTaskStartScheduler)
    vTaskSuspendAll                          0x08007be5   Thumb Code    10  tasks.o(i.vTaskSuspendAll)
    vTaskSwitchContext                       0x08007bf5   Thumb Code    90  tasks.o(i.vTaskSwitchContext)
    xEventGroupCreate                        0x08007c59   Thumb Code    28  event_groups.o(i.xEventGroupCreate)
    xEventGroupCreateStatic                  0x08007c75   Thumb Code    42  event_groups.o(i.xEventGroupCreateStatic)
    xPortStartScheduler                      0x08007ca1   Thumb Code   222  port.o(i.xPortStartScheduler)
    xPortSysTickHandler                      0x08007d95   Thumb Code    38  port.o(i.xPortSysTickHandler)
    xQueueCreateCountingSemaphore            0x08007dc1   Thumb Code    58  queue.o(i.xQueueCreateCountingSemaphore)
    xQueueCreateCountingSemaphoreStatic      0x08007dfb   Thumb Code    64  queue.o(i.xQueueCreateCountingSemaphoreStatic)
    xQueueGenericCreate                      0x08007e3b   Thumb Code    66  queue.o(i.xQueueGenericCreate)
    xQueueGenericCreateStatic                0x08007e7d   Thumb Code   102  queue.o(i.xQueueGenericCreateStatic)
    xQueueGenericReset                       0x08007ee5   Thumb Code   144  queue.o(i.xQueueGenericReset)
    xQueueGenericSend                        0x08007f79   Thumb Code   346  queue.o(i.xQueueGenericSend)
    xQueueGenericSendFromISR                 0x080080d9   Thumb Code   190  queue.o(i.xQueueGenericSendFromISR)
    xQueueReceive                            0x08008199   Thumb Code   310  queue.o(i.xQueueReceive)
    xTaskCheckForTimeOut                     0x080082d5   Thumb Code   116  tasks.o(i.xTaskCheckForTimeOut)
    xTaskCreate                              0x0800834d   Thumb Code    90  tasks.o(i.xTaskCreate)
    xTaskCreateStatic                        0x080083a7   Thumb Code    86  tasks.o(i.xTaskCreateStatic)
    xTaskGetSchedulerState                   0x080083fd   Thumb Code    22  tasks.o(i.xTaskGetSchedulerState)
    xTaskGetTickCount                        0x08008419   Thumb Code     6  tasks.o(i.xTaskGetTickCount)
    xTaskIncrementTick                       0x08008425   Thumb Code   192  tasks.o(i.xTaskIncrementTick)
    xTaskPriorityDisinherit                  0x080084ed   Thumb Code   116  tasks.o(i.xTaskPriorityDisinherit)
    xTaskRemoveFromEventList                 0x08008569   Thumb Code   100  tasks.o(i.xTaskRemoveFromEventList)
    xTaskResumeAll                           0x080085d9   Thumb Code   184  tasks.o(i.xTaskResumeAll)
    xTimerCreateTimerTask                    0x0800869d   Thumb Code    78  timers.o(i.xTimerCreateTimerTask)
    xTimerGenericCommand                     0x080086fd   Thumb Code    98  timers.o(i.xTimerGenericCommand)
    _fp_init                                 0x08008765   Thumb Code    10  fpinit.o(x$fpl$fpinit)
    __fplib_config_fpu_vfp                   0x0800876d   Thumb Code     0  fpinit.o(x$fpl$fpinit)
    __fplib_config_pureend_doubles           0x0800876d   Thumb Code     0  fpinit.o(x$fpl$fpinit)
    defaultTask_attributes                   0x08008770   Data          36  main.o(.constdata)
    Comm485_1_Task_attributes                0x08008794   Data          36  main.o(.constdata)
    Comm485_2_Task_attributes                0x080087b8   Data          36  main.o(.constdata)
    Comm485_3_Task_attributes                0x080087dc   Data          36  main.o(.constdata)
    CommCAN_1_Task_attributes                0x08008800   Data          36  main.o(.constdata)
    CommCAN_2_Task_attributes                0x08008824   Data          36  main.o(.constdata)
    CommCAN_3_Task_attributes                0x08008848   Data          36  main.o(.constdata)
    CommLAN_1_Task_attributes                0x0800886c   Data          36  main.o(.constdata)
    CommLAN_2_Task_attributes                0x08008890   Data          36  main.o(.constdata)
    BinarySem_485_1_Tx_attributes            0x080088b4   Data          16  main.o(.constdata)
    BinarySem_485_1_Rx_attributes            0x080088c4   Data          16  main.o(.constdata)
    BinarySem_485_2_Tx_attributes            0x080088d4   Data          16  main.o(.constdata)
    BinarySem_485_2_Rx_attributes            0x080088e4   Data          16  main.o(.constdata)
    BinarySem_485_3_Tx_attributes            0x080088f4   Data          16  main.o(.constdata)
    BinarySem_485_3_Rx_attributes            0x08008904   Data          16  main.o(.constdata)
    Comm485_1_Event_attributes               0x08008914   Data          16  main.o(.constdata)
    Comm485_2_Event_attributes               0x08008924   Data          16  main.o(.constdata)
    Comm485_3_Event_attributes               0x08008934   Data          16  main.o(.constdata)
    CommCAN_1_Event_attributes               0x08008944   Data          16  main.o(.constdata)
    CommCAN_2_Event_attributes               0x08008954   Data          16  main.o(.constdata)
    CommCAN_3_Event_attributes               0x08008964   Data          16  main.o(.constdata)
    CommLAN_1_Event_attributes               0x08008974   Data          16  main.o(.constdata)
    CommLAN_2_Event_attributes               0x08008984   Data          16  main.o(.constdata)
    UARTPrescTable                           0x080089f8   Data          24  stm32h7xx_hal_uart.o(.constdata)
    D1CorePrescTable                         0x08008a20   Data          16  system_stm32h7xx.o(.constdata)
    Region$$Table$$Base                      0x08008bb4   Number         0  anon$$obj.o(Region$$Table)
    Region$$Table$$Limit                     0x08008bd4   Number         0  anon$$obj.o(Region$$Table)
    defaultTaskHandle                        0x24000000   Data           4  main.o(.data)
    Comm485_1_TaskHandle                     0x24000004   Data           4  main.o(.data)
    Comm485_2_TaskHandle                     0x24000008   Data           4  main.o(.data)
    Comm485_3_TaskHandle                     0x2400000c   Data           4  main.o(.data)
    CommCAN_1_TaskHandle                     0x24000010   Data           4  main.o(.data)
    CommCAN_2_TaskHandle                     0x24000014   Data           4  main.o(.data)
    CommCAN_3_TaskHandle                     0x24000018   Data           4  main.o(.data)
    CommLAN_1_TaskHandle                     0x2400001c   Data           4  main.o(.data)
    CommLAN_2_TaskHandle                     0x24000020   Data           4  main.o(.data)
    BinarySem_485_1_TxHandle                 0x24000024   Data           4  main.o(.data)
    BinarySem_485_1_RxHandle                 0x24000028   Data           4  main.o(.data)
    BinarySem_485_2_TxHandle                 0x2400002c   Data           4  main.o(.data)
    BinarySem_485_2_RxHandle                 0x24000030   Data           4  main.o(.data)
    BinarySem_485_3_TxHandle                 0x24000034   Data           4  main.o(.data)
    BinarySem_485_3_RxHandle                 0x24000038   Data           4  main.o(.data)
    Comm485_1_EventHandle                    0x2400003c   Data           4  main.o(.data)
    Comm485_2_EventHandle                    0x24000040   Data           4  main.o(.data)
    Comm485_3_EventHandle                    0x24000044   Data           4  main.o(.data)
    CommCAN_1_EventHandle                    0x24000048   Data           4  main.o(.data)
    CommCAN_2_EventHandle                    0x2400004c   Data           4  main.o(.data)
    CommCAN_3_EventHandle                    0x24000050   Data           4  main.o(.data)
    CommLAN_1_EventHandle                    0x24000054   Data           4  main.o(.data)
    CommLAN_2_EventHandle                    0x24000058   Data           4  main.o(.data)
    uwTickFreq                               0x24000060   Data           1  stm32h7xx_hal.o(.data)
    uwTickPrio                               0x24000064   Data           4  stm32h7xx_hal.o(.data)
    uwTick                                   0x24000068   Data           4  stm32h7xx_hal.o(.data)
    SystemCoreClock                          0x2400006c   Data           4  system_stm32h7xx.o(.data)
    SystemD2Clock                            0x24000070   Data           4  system_stm32h7xx.o(.data)
    pxCurrentTCB                             0x24000074   Data           4  tasks.o(.data)
    hadc3                                    0x240000f4   Data         100  main.o(.bss)
    hfdcan1                                  0x24000158   Data         160  main.o(.bss)
    hfdcan2                                  0x240001f8   Data         160  main.o(.bss)
    hspi4                                    0x24000298   Data         136  main.o(.bss)
    hspi5                                    0x24000320   Data         136  main.o(.bss)
    hspi6                                    0x240003a8   Data         136  main.o(.bss)
    huart4                                   0x24000430   Data         148  main.o(.bss)
    huart1                                   0x240004c4   Data         148  main.o(.bss)
    huart2                                   0x24000558   Data         148  main.o(.bss)
    huart3                                   0x240005ec   Data         148  main.o(.bss)
    hdma_spi4_rx                             0x24000680   Data         120  main.o(.bss)
    hdma_spi4_tx                             0x240006f8   Data         120  main.o(.bss)
    hdma_spi6_tx                             0x24000770   Data         120  main.o(.bss)
    hdma_spi6_rx                             0x240007e8   Data         120  main.o(.bss)
    hdma_uart4_rx                            0x24000860   Data         120  main.o(.bss)
    hdma_uart4_tx                            0x240008d8   Data         120  main.o(.bss)
    hdma_usart1_rx                           0x24000950   Data         120  main.o(.bss)
    hdma_usart1_tx                           0x240009c8   Data         120  main.o(.bss)
    hdma_usart3_rx                           0x24000a40   Data         120  main.o(.bss)
    hdma_usart3_tx                           0x24000ab8   Data         120  main.o(.bss)
    defaultTaskBuffer                        0x24000b30   Data         512  main.o(.bss)
    defaultTaskControlBlock                  0x24000d30   Data          92  main.o(.bss)
    Comm485_1_TaskBuffer                     0x24000d8c   Data        8192  main.o(.bss)
    Comm485_1_TaskControlBlock               0x24002d8c   Data          92  main.o(.bss)
    Comm485_2_TaskBuffer                     0x24002de8   Data        8192  main.o(.bss)
    Comm485_2_TaskControlBlock               0x24004de8   Data          92  main.o(.bss)
    Comm485_3_TaskBuffer                     0x24004e44   Data        8192  main.o(.bss)
    Comm485_3_TaskControlBlock               0x24006e44   Data          92  main.o(.bss)
    CommCAN_1_TaskBuffer                     0x24006ea0   Data        8192  main.o(.bss)
    CommCAN_1_TaskControlBlock               0x24008ea0   Data          92  main.o(.bss)
    CommCAN_2_TaskBuffer                     0x24008efc   Data        8192  main.o(.bss)
    CommCAN_2_TaskControlBlock               0x2400aefc   Data          92  main.o(.bss)
    CommCAN_3_TaskBuffer                     0x2400af58   Data        8192  main.o(.bss)
    CommCAN_3_TaskControlBlock               0x2400cf58   Data          92  main.o(.bss)
    CommLAN_1_TaskBuffer                     0x2400cfb4   Data        8192  main.o(.bss)
    CommLAN_1_TaskControlBlock               0x2400efb4   Data          92  main.o(.bss)
    CommLAN_2_TaskBuffer                     0x2400f010   Data        8192  main.o(.bss)
    CommLAN_2_TaskControlBlock               0x24011010   Data          92  main.o(.bss)
    BinarySem_485_1_TxControlBlock           0x2401106c   Data          80  main.o(.bss)
    BinarySem_485_1_RxControlBlock           0x240110bc   Data          80  main.o(.bss)
    BinarySem_485_2_TxControlBlock           0x2401110c   Data          80  main.o(.bss)
    BinarySem_485_2_RxControlBlock           0x2401115c   Data          80  main.o(.bss)
    BinarySem_485_3_TxControlBlock           0x240111ac   Data          80  main.o(.bss)
    BinarySem_485_3_RxControlBlock           0x240111fc   Data          80  main.o(.bss)
    Comm485_1_EventControlBlock              0x2401124c   Data          32  main.o(.bss)
    Comm485_2_EventControlBlock              0x2401126c   Data          32  main.o(.bss)
    Comm485_3_EventControlBlock              0x2401128c   Data          32  main.o(.bss)
    CommCAN_1_EventControlBlock              0x240112ac   Data          32  main.o(.bss)
    CommCAN_2_EventControlBlock              0x240112cc   Data          32  main.o(.bss)
    CommCAN_3_EventControlBlock              0x240112ec   Data          32  main.o(.bss)
    CommLAN_1_EventControlBlock              0x2401130c   Data          32  main.o(.bss)
    CommLAN_2_EventControlBlock              0x2401132c   Data          32  main.o(.bss)
    htim6                                    0x2401134c   Data          76  stm32h7xx_hal_timebase_tim.o(.bss)
    xQueueRegistry                           0x24011398   Data          64  queue.o(.bss)
    __libspace_start                         0x24015c6c   Data          96  libspace.o(.bss)
    __temporary_stack_top$libspace           0x24015ccc   Data           0  libspace.o(.bss)



==============================================================================

Memory Map of the image

  Image Entry point : 0x08000299

  Load Region LR_IROM1 (Base: 0x08000000, Size: 0x00008cc8, Max: 0x00200000, ABSOLUTE)

    Execution Region ER_IROM1 (Exec base: 0x08000000, Load base: 0x08000000, Size: 0x00008bd4, Max: 0x00200000, ABSOLUTE)

    Exec Addr    Load Addr    Size         Type   Attr      Idx    E Section Name        Object

    0x08000000   0x08000000   0x00000298   Data   RO            3    RESET               startup_stm32h743xx.o
    0x08000298   0x08000298   0x00000008   Code   RO         7844  * !!!main             c_w.l(__main.o)
    0x080002a0   0x080002a0   0x00000034   Code   RO         8015    !!!scatter          c_w.l(__scatter.o)
    0x080002d4   0x080002d4   0x0000001a   Code   RO         8017    !!handler_copy      c_w.l(__scatter_copy.o)
    0x080002ee   0x080002ee   0x00000002   PAD
    0x080002f0   0x080002f0   0x0000001c   Code   RO         8019    !!handler_zi        c_w.l(__scatter_zi.o)
    0x0800030c   0x0800030c   0x00000002   Code   RO         7883    .ARM.Collect$$libinit$$00000000  c_w.l(libinit.o)
    0x0800030e   0x0800030e   0x00000004   Code   RO         7895    .ARM.Collect$$libinit$$00000001  c_w.l(libinit2.o)
    0x08000312   0x08000312   0x00000000   Code   RO         7898    .ARM.Collect$$libinit$$00000004  c_w.l(libinit2.o)
    0x08000312   0x08000312   0x00000000   Code   RO         7901    .ARM.Collect$$libinit$$0000000A  c_w.l(libinit2.o)
    0x08000312   0x08000312   0x00000000   Code   RO         7903    .ARM.Collect$$libinit$$0000000C  c_w.l(libinit2.o)
    0x08000312   0x08000312   0x00000000   Code   RO         7905    .ARM.Collect$$libinit$$0000000E  c_w.l(libinit2.o)
    0x08000312   0x08000312   0x00000000   Code   RO         7908    .ARM.Collect$$libinit$$00000011  c_w.l(libinit2.o)
    0x08000312   0x08000312   0x00000000   Code   RO         7910    .ARM.Collect$$libinit$$00000013  c_w.l(libinit2.o)
    0x08000312   0x08000312   0x00000000   Code   RO         7912    .ARM.Collect$$libinit$$00000015  c_w.l(libinit2.o)
    0x08000312   0x08000312   0x00000000   Code   RO         7914    .ARM.Collect$$libinit$$00000017  c_w.l(libinit2.o)
    0x08000312   0x08000312   0x00000000   Code   RO         7916    .ARM.Collect$$libinit$$00000019  c_w.l(libinit2.o)
    0x08000312   0x08000312   0x00000000   Code   RO         7918    .ARM.Collect$$libinit$$0000001B  c_w.l(libinit2.o)
    0x08000312   0x08000312   0x00000000   Code   RO         7920    .ARM.Collect$$libinit$$0000001D  c_w.l(libinit2.o)
    0x08000312   0x08000312   0x00000000   Code   RO         7922    .ARM.Collect$$libinit$$0000001F  c_w.l(libinit2.o)
    0x08000312   0x08000312   0x00000000   Code   RO         7924    .ARM.Collect$$libinit$$00000021  c_w.l(libinit2.o)
    0x08000312   0x08000312   0x00000000   Code   RO         7926    .ARM.Collect$$libinit$$00000023  c_w.l(libinit2.o)
    0x08000312   0x08000312   0x00000000   Code   RO         7928    .ARM.Collect$$libinit$$00000025  c_w.l(libinit2.o)
    0x08000312   0x08000312   0x00000000   Code   RO         7932    .ARM.Collect$$libinit$$0000002C  c_w.l(libinit2.o)
    0x08000312   0x08000312   0x00000000   Code   RO         7934    .ARM.Collect$$libinit$$0000002E  c_w.l(libinit2.o)
    0x08000312   0x08000312   0x00000000   Code   RO         7936    .ARM.Collect$$libinit$$00000030  c_w.l(libinit2.o)
    0x08000312   0x08000312   0x00000000   Code   RO         7938    .ARM.Collect$$libinit$$00000032  c_w.l(libinit2.o)
    0x08000312   0x08000312   0x00000002   Code   RO         7939    .ARM.Collect$$libinit$$00000033  c_w.l(libinit2.o)
    0x08000314   0x08000314   0x00000002   Code   RO         7970    .ARM.Collect$$libshutdown$$00000000  c_w.l(libshutdown.o)
    0x08000316   0x08000316   0x00000000   Code   RO         7996    .ARM.Collect$$libshutdown$$00000002  c_w.l(libshutdown2.o)
    0x08000316   0x08000316   0x00000000   Code   RO         7998    .ARM.Collect$$libshutdown$$00000004  c_w.l(libshutdown2.o)
    0x08000316   0x08000316   0x00000000   Code   RO         8000    .ARM.Collect$$libshutdown$$00000006  c_w.l(libshutdown2.o)
    0x08000316   0x08000316   0x00000000   Code   RO         8003    .ARM.Collect$$libshutdown$$00000009  c_w.l(libshutdown2.o)
    0x08000316   0x08000316   0x00000000   Code   RO         8006    .ARM.Collect$$libshutdown$$0000000C  c_w.l(libshutdown2.o)
    0x08000316   0x08000316   0x00000000   Code   RO         8008    .ARM.Collect$$libshutdown$$0000000E  c_w.l(libshutdown2.o)
    0x08000316   0x08000316   0x00000000   Code   RO         8011    .ARM.Collect$$libshutdown$$00000011  c_w.l(libshutdown2.o)
    0x08000316   0x08000316   0x00000002   Code   RO         8012    .ARM.Collect$$libshutdown$$00000012  c_w.l(libshutdown2.o)
    0x08000318   0x08000318   0x00000000   Code   RO         7846    .ARM.Collect$$rtentry$$00000000  c_w.l(__rtentry.o)
    0x08000318   0x08000318   0x00000000   Code   RO         7854    .ARM.Collect$$rtentry$$00000002  c_w.l(__rtentry2.o)
    0x08000318   0x08000318   0x00000006   Code   RO         7866    .ARM.Collect$$rtentry$$00000004  c_w.l(__rtentry4.o)
    0x0800031e   0x0800031e   0x00000000   Code   RO         7856    .ARM.Collect$$rtentry$$00000009  c_w.l(__rtentry2.o)
    0x0800031e   0x0800031e   0x00000004   Code   RO         7857    .ARM.Collect$$rtentry$$0000000A  c_w.l(__rtentry2.o)
    0x08000322   0x08000322   0x00000000   Code   RO         7859    .ARM.Collect$$rtentry$$0000000C  c_w.l(__rtentry2.o)
    0x08000322   0x08000322   0x00000008   Code   RO         7860    .ARM.Collect$$rtentry$$0000000D  c_w.l(__rtentry2.o)
    0x0800032a   0x0800032a   0x00000002   Code   RO         7887    .ARM.Collect$$rtexit$$00000000  c_w.l(rtexit.o)
    0x0800032c   0x0800032c   0x00000000   Code   RO         7943    .ARM.Collect$$rtexit$$00000002  c_w.l(rtexit2.o)
    0x0800032c   0x0800032c   0x00000004   Code   RO         7944    .ARM.Collect$$rtexit$$00000003  c_w.l(rtexit2.o)
    0x08000330   0x08000330   0x00000006   Code   RO         7945    .ARM.Collect$$rtexit$$00000004  c_w.l(rtexit2.o)
    0x08000336   0x08000336   0x00000002   PAD
    0x08000338   0x08000338   0x000000be   Code   RO         7751    .emb_text           port.o
    0x080003f6   0x080003f6   0x00000002   PAD
    0x080003f8   0x080003f8   0x00000040   Code   RO            4    .text               startup_stm32h743xx.o
    0x08000438   0x08000438   0x000000ee   Code   RO         7830    .text               c_w.l(lludivv7m.o)
    0x08000526   0x08000526   0x0000008a   Code   RO         7832    .text               c_w.l(rt_memcpy_v6.o)
    0x080005b0   0x080005b0   0x00000064   Code   RO         7834    .text               c_w.l(rt_memcpy_w.o)
    0x08000614   0x08000614   0x00000010   Code   RO         7838    .text               c_w.l(aeabi_memset.o)
    0x08000624   0x08000624   0x0000004e   Code   RO         7840    .text               c_w.l(rt_memclr_w.o)
    0x08000672   0x08000672   0x00000006   Code   RO         7842    .text               c_w.l(heapauxi.o)
    0x08000678   0x08000678   0x00000044   Code   RO         7851    .text               c_w.l(rt_memclr.o)
    0x080006bc   0x080006bc   0x0000004a   Code   RO         7870    .text               c_w.l(sys_stackheap_outer.o)
    0x08000706   0x08000706   0x00000012   Code   RO         7872    .text               c_w.l(exit.o)
    0x08000718   0x08000718   0x00000008   Code   RO         7884    .text               c_w.l(libspace.o)
    0x08000720   0x08000720   0x0000000c   Code   RO         7940    .text               c_w.l(sys_exit.o)
    0x0800072c   0x0800072c   0x00000002   Code   RO         7959    .text               c_w.l(use_no_semi.o)
    0x0800072e   0x0800072e   0x00000000   Code   RO         7961    .text               c_w.l(indicate_semi.o)
    0x0800072e   0x0800072e   0x00000002   PAD
    0x08000730   0x08000730   0x00000108   Code   RO          681    i.ADC_ConfigureBoostMode  stm32h7xx_hal_adc.o
    0x08000838   0x08000838   0x0000000c   Code   RO          413    i.BDMA_Channel0_IRQHandler  stm32h7xx_it.o
    0x08000844   0x08000844   0x0000000c   Code   RO          414    i.BDMA_Channel1_IRQHandler  stm32h7xx_it.o
    0x08000850   0x08000850   0x00000002   Code   RO          415    i.BusFault_Handler  stm32h7xx_it.o
    0x08000852   0x08000852   0x00000002   PAD
    0x08000854   0x08000854   0x0000000c   Code   RO          416    i.DMA1_Stream0_IRQHandler  stm32h7xx_it.o
    0x08000860   0x08000860   0x0000000c   Code   RO          417    i.DMA1_Stream1_IRQHandler  stm32h7xx_it.o
    0x0800086c   0x0800086c   0x0000000c   Code   RO          418    i.DMA1_Stream2_IRQHandler  stm32h7xx_it.o
    0x08000878   0x08000878   0x0000000c   Code   RO          419    i.DMA1_Stream3_IRQHandler  stm32h7xx_it.o
    0x08000884   0x08000884   0x0000000c   Code   RO          420    i.DMA1_Stream4_IRQHandler  stm32h7xx_it.o
    0x08000890   0x08000890   0x0000000c   Code   RO          421    i.DMA1_Stream5_IRQHandler  stm32h7xx_it.o
    0x0800089c   0x0800089c   0x0000000c   Code   RO          422    i.DMA1_Stream6_IRQHandler  stm32h7xx_it.o
    0x080008a8   0x080008a8   0x0000000c   Code   RO          423    i.DMA1_Stream7_IRQHandler  stm32h7xx_it.o
    0x080008b4   0x080008b4   0x000000b4   Code   RO         1774    i.DMA_CalcBaseAndBitshift  stm32h7xx_hal_dma.o
    0x08000968   0x08000968   0x0000009c   Code   RO         1775    i.DMA_CalcDMAMUXChannelBaseAndMask  stm32h7xx_hal_dma.o
    0x08000a04   0x08000a04   0x00000074   Code   RO         1776    i.DMA_CalcDMAMUXRequestGenBaseAndMask  stm32h7xx_hal_dma.o
    0x08000a78   0x08000a78   0x00000054   Code   RO         1777    i.DMA_CheckFifoParam  stm32h7xx_hal_dma.o
    0x08000acc   0x08000acc   0x00000002   Code   RO          424    i.DebugMon_Handler  stm32h7xx_it.o
    0x08000ace   0x08000ace   0x00000004   Code   RO           13    i.Error_Handler     main.o
    0x08000ad2   0x08000ad2   0x00000002   PAD
    0x08000ad4   0x08000ad4   0x000001c8   Code   RO         3544    i.FDCAN_CalcultateRamBlockAddresses  stm32h7xx_hal_fdcan.o
    0x08000c9c   0x08000c9c   0x000003d8   Code   RO          689    i.HAL_ADC_ConfigChannel  stm32h7xx_hal_adc.o
    0x08001074   0x08001074   0x00000228   Code   RO          698    i.HAL_ADC_Init      stm32h7xx_hal_adc.o
    0x0800129c   0x0800129c   0x000000b4   Code   RO          568    i.HAL_ADC_MspInit   stm32h7xx_hal_msp.o
    0x08001350   0x08001350   0x00000360   Code   RO         1779    i.HAL_DMA_Abort     stm32h7xx_hal_dma.o
    0x080016b0   0x080016b0   0x00000284   Code   RO         1780    i.HAL_DMA_Abort_IT  stm32h7xx_hal_dma.o
    0x08001934   0x08001934   0x000006e8   Code   RO         1784    i.HAL_DMA_IRQHandler  stm32h7xx_hal_dma.o
    0x0800201c   0x0800201c   0x000003c4   Code   RO         1785    i.HAL_DMA_Init      stm32h7xx_hal_dma.o
    0x080023e0   0x080023e0   0x00000244   Code   RO         3596    i.HAL_FDCAN_Init    stm32h7xx_hal_fdcan.o
    0x08002624   0x08002624   0x0000013c   Code   RO          570    i.HAL_FDCAN_MspInit  stm32h7xx_hal_msp.o
    0x08002760   0x08002760   0x0000022c   Code   RO         1627    i.HAL_GPIO_Init     stm32h7xx_hal_gpio.o
    0x0800298c   0x0800298c   0x0000000a   Code   RO         1631    i.HAL_GPIO_WritePin  stm32h7xx_hal_gpio.o
    0x08002996   0x08002996   0x00000002   PAD
    0x08002998   0x08002998   0x0000000c   Code   RO         2652    i.HAL_GetREVID      stm32h7xx_hal.o
    0x080029a4   0x080029a4   0x0000000c   Code   RO         2653    i.HAL_GetTick       stm32h7xx_hal.o
    0x080029b0   0x080029b0   0x00000028   Code   RO         3422    i.HAL_I2CEx_EnableFastModePlus  stm32h7xx_hal_i2c_ex.o
    0x080029d8   0x080029d8   0x00000010   Code   RO         2659    i.HAL_IncTick       stm32h7xx_hal.o
    0x080029e8   0x080029e8   0x0000005c   Code   RO         2660    i.HAL_Init          stm32h7xx_hal.o
    0x08002a44   0x08002a44   0x0000008c   Code   RO          642    i.HAL_InitTick      stm32h7xx_hal_timebase_tim.o
    0x08002ad0   0x08002ad0   0x00000024   Code   RO          571    i.HAL_MspInit       stm32h7xx_hal_msp.o
    0x08002af4   0x08002af4   0x0000001a   Code   RO         2489    i.HAL_NVIC_EnableIRQ  stm32h7xx_hal_cortex.o
    0x08002b0e   0x08002b0e   0x00000002   PAD
    0x08002b10   0x08002b10   0x00000040   Code   RO         2495    i.HAL_NVIC_SetPriority  stm32h7xx_hal_cortex.o
    0x08002b50   0x08002b50   0x00000024   Code   RO         2496    i.HAL_NVIC_SetPriorityGrouping  stm32h7xx_hal_cortex.o
    0x08002b74   0x08002b74   0x00000054   Code   RO         2228    i.HAL_PWREx_ConfigSupply  stm32h7xx_hal_pwr_ex.o
    0x08002bc8   0x08002bc8   0x00000024   Code   RO         1248    i.HAL_RCCEx_GetD3PCLK1Freq  stm32h7xx_hal_rcc_ex.o
    0x08002bec   0x08002bec   0x00000148   Code   RO         1249    i.HAL_RCCEx_GetPLL1ClockFreq  stm32h7xx_hal_rcc_ex.o
    0x08002d34   0x08002d34   0x00000144   Code   RO         1250    i.HAL_RCCEx_GetPLL2ClockFreq  stm32h7xx_hal_rcc_ex.o
    0x08002e78   0x08002e78   0x00000144   Code   RO         1251    i.HAL_RCCEx_GetPLL3ClockFreq  stm32h7xx_hal_rcc_ex.o
    0x08002fbc   0x08002fbc   0x000002c8   Code   RO         1253    i.HAL_RCCEx_GetPeriphCLKFreq  stm32h7xx_hal_rcc_ex.o
    0x08003284   0x08003284   0x000009ac   Code   RO         1257    i.HAL_RCCEx_PeriphCLKConfig  stm32h7xx_hal_rcc_ex.o
    0x08003c30   0x08003c30   0x0000025c   Code   RO         1133    i.HAL_RCC_ClockConfig  stm32h7xx_hal_rcc.o
    0x08003e8c   0x08003e8c   0x0000005c   Code   RO         1137    i.HAL_RCC_GetClockConfig  stm32h7xx_hal_rcc.o
    0x08003ee8   0x08003ee8   0x00000044   Code   RO         1138    i.HAL_RCC_GetHCLKFreq  stm32h7xx_hal_rcc.o
    0x08003f2c   0x08003f2c   0x00000024   Code   RO         1140    i.HAL_RCC_GetPCLK1Freq  stm32h7xx_hal_rcc.o
    0x08003f50   0x08003f50   0x00000024   Code   RO         1141    i.HAL_RCC_GetPCLK2Freq  stm32h7xx_hal_rcc.o
    0x08003f74   0x08003f74   0x00000138   Code   RO         1142    i.HAL_RCC_GetSysClockFreq  stm32h7xx_hal_rcc.o
    0x080040ac   0x080040ac   0x00000582   Code   RO         1145    i.HAL_RCC_OscConfig  stm32h7xx_hal_rcc.o
    0x0800462e   0x0800462e   0x00000002   Code   RO         4169    i.HAL_SPI_ErrorCallback  stm32h7xx_hal_spi.o
    0x08004630   0x08004630   0x00000224   Code   RO         4172    i.HAL_SPI_IRQHandler  stm32h7xx_hal_spi.o
    0x08004854   0x08004854   0x0000017c   Code   RO         4173    i.HAL_SPI_Init      stm32h7xx_hal_spi.o
    0x080049d0   0x080049d0   0x00000268   Code   RO          573    i.HAL_SPI_MspInit   stm32h7xx_hal_msp.o
    0x08004c38   0x08004c38   0x00000002   Code   RO         4179    i.HAL_SPI_RxCpltCallback  stm32h7xx_hal_spi.o
    0x08004c3a   0x08004c3a   0x00000002   Code   RO         4181    i.HAL_SPI_SuspendCallback  stm32h7xx_hal_spi.o
    0x08004c3c   0x08004c3c   0x00000002   Code   RO         4188    i.HAL_SPI_TxCpltCallback  stm32h7xx_hal_spi.o
    0x08004c3e   0x08004c3e   0x00000002   Code   RO         4190    i.HAL_SPI_TxRxCpltCallback  stm32h7xx_hal_spi.o
    0x08004c40   0x08004c40   0x00000002   Code   RO         5207    i.HAL_TIMEx_Break2Callback  stm32h7xx_hal_tim_ex.o
    0x08004c42   0x08004c42   0x00000002   Code   RO         5208    i.HAL_TIMEx_BreakCallback  stm32h7xx_hal_tim_ex.o
    0x08004c44   0x08004c44   0x00000002   Code   RO         5209    i.HAL_TIMEx_CommutCallback  stm32h7xx_hal_tim_ex.o
    0x08004c46   0x08004c46   0x00000062   Code   RO         4493    i.HAL_TIM_Base_Init  stm32h7xx_hal_tim.o
    0x08004ca8   0x08004ca8   0x00000002   Code   RO         4495    i.HAL_TIM_Base_MspInit  stm32h7xx_hal_tim.o
    0x08004caa   0x08004caa   0x00000002   PAD
    0x08004cac   0x08004cac   0x0000008c   Code   RO         4498    i.HAL_TIM_Base_Start_IT  stm32h7xx_hal_tim.o
    0x08004d38   0x08004d38   0x00000002   Code   RO         4527    i.HAL_TIM_IC_CaptureCallback  stm32h7xx_hal_tim.o
    0x08004d3a   0x08004d3a   0x00000148   Code   RO         4541    i.HAL_TIM_IRQHandler  stm32h7xx_hal_tim.o
    0x08004e82   0x08004e82   0x00000002   Code   RO         4544    i.HAL_TIM_OC_DelayElapsedCallback  stm32h7xx_hal_tim.o
    0x08004e84   0x08004e84   0x00000002   Code   RO         4571    i.HAL_TIM_PWM_PulseFinishedCallback  stm32h7xx_hal_tim.o
    0x08004e86   0x08004e86   0x00000002   PAD
    0x08004e88   0x08004e88   0x00000014   Code   RO           14    i.HAL_TIM_PeriodElapsedCallback  main.o
    0x08004e9c   0x08004e9c   0x00000002   Code   RO         4584    i.HAL_TIM_TriggerCallback  stm32h7xx_hal_tim.o
    0x08004e9e   0x08004e9e   0x00000040   Code   RO         5918    i.HAL_UARTEx_DisableFifoMode  stm32h7xx_hal_uart_ex.o
    0x08004ede   0x08004ede   0x00000002   Code   RO         5507    i.HAL_UARTEx_RxEventCallback  stm32h7xx_hal_uart.o
    0x08004ee0   0x08004ee0   0x00000002   Code   RO         5926    i.HAL_UARTEx_RxFifoFullCallback  stm32h7xx_hal_uart_ex.o
    0x08004ee2   0x08004ee2   0x0000004c   Code   RO         5927    i.HAL_UARTEx_SetRxFifoThreshold  stm32h7xx_hal_uart_ex.o
    0x08004f2e   0x08004f2e   0x0000004c   Code   RO         5928    i.HAL_UARTEx_SetTxFifoThreshold  stm32h7xx_hal_uart_ex.o
    0x08004f7a   0x08004f7a   0x00000002   Code   RO         5930    i.HAL_UARTEx_TxFifoEmptyCallback  stm32h7xx_hal_uart_ex.o
    0x08004f7c   0x08004f7c   0x00000002   Code   RO         5931    i.HAL_UARTEx_WakeupCallback  stm32h7xx_hal_uart_ex.o
    0x08004f7e   0x08004f7e   0x00000002   Code   RO         5523    i.HAL_UART_ErrorCallback  stm32h7xx_hal_uart.o
    0x08004f80   0x08004f80   0x00000388   Code   RO         5526    i.HAL_UART_IRQHandler  stm32h7xx_hal_uart.o
    0x08005308   0x08005308   0x0000006a   Code   RO         5527    i.HAL_UART_Init     stm32h7xx_hal_uart.o
    0x08005372   0x08005372   0x00000002   PAD
    0x08005374   0x08005374   0x00000364   Code   RO          575    i.HAL_UART_MspInit  stm32h7xx_hal_msp.o
    0x080056d8   0x080056d8   0x000000b0   Code   RO         5536    i.HAL_UART_Transmit  stm32h7xx_hal_uart.o
    0x08005788   0x08005788   0x00000002   Code   RO         5539    i.HAL_UART_TxCpltCallback  stm32h7xx_hal_uart.o
    0x0800578a   0x0800578a   0x00000002   Code   RO          425    i.HardFault_Handler  stm32h7xx_it.o
    0x0800578c   0x0800578c   0x00000008   Code   RO          710    i.LL_ADC_INJ_IsConversionOngoing  stm32h7xx_hal_adc.o
    0x08005794   0x08005794   0x00000008   Code   RO          711    i.LL_ADC_REG_IsConversionOngoing  stm32h7xx_hal_adc.o
    0x0800579c   0x0800579c   0x0000001e   Code   RO          714    i.LL_ADC_SetChannelSamplingTime  stm32h7xx_hal_adc.o
    0x080057ba   0x080057ba   0x00000002   PAD
    0x080057bc   0x080057bc   0x00000074   Code   RO           15    i.MX_ADC3_Init      main.o
    0x08005830   0x08005830   0x0000009c   Code   RO           16    i.MX_DMA_Init       main.o
    0x080058cc   0x080058cc   0x00000060   Code   RO           17    i.MX_FDCAN1_Init    main.o
    0x0800592c   0x0800592c   0x00000060   Code   RO           18    i.MX_FDCAN2_Init    main.o
    0x0800598c   0x0800598c   0x000001f4   Code   RO           19    i.MX_GPIO_Init      main.o
    0x08005b80   0x08005b80   0x00000054   Code   RO           20    i.MX_SPI4_Init      main.o
    0x08005bd4   0x08005bd4   0x00000054   Code   RO           21    i.MX_SPI5_Init      main.o
    0x08005c28   0x08005c28   0x00000054   Code   RO           22    i.MX_SPI6_Init      main.o
    0x08005c7c   0x08005c7c   0x00000064   Code   RO           23    i.MX_UART4_Init     main.o
    0x08005ce0   0x08005ce0   0x00000064   Code   RO           24    i.MX_USART1_UART_Init  main.o
    0x08005d44   0x08005d44   0x00000064   Code   RO           25    i.MX_USART2_UART_Init  main.o
    0x08005da8   0x08005da8   0x00000064   Code   RO           26    i.MX_USART3_UART_Init  main.o
    0x08005e0c   0x08005e0c   0x00000002   Code   RO          426    i.MemManage_Handler  stm32h7xx_it.o
    0x08005e0e   0x08005e0e   0x00000002   Code   RO          427    i.NMI_Handler       stm32h7xx_it.o
    0x08005e10   0x08005e10   0x00000120   Code   RO         1260    i.RCCEx_PLL2_Config  stm32h7xx_hal_rcc_ex.o
    0x08005f30   0x08005f30   0x00000120   Code   RO         1261    i.RCCEx_PLL3_Config  stm32h7xx_hal_rcc_ex.o
    0x08006050   0x08006050   0x0000000c   Code   RO          428    i.SPI4_IRQHandler   stm32h7xx_it.o
    0x0800605c   0x0800605c   0x0000000c   Code   RO          429    i.SPI6_IRQHandler   stm32h7xx_it.o
    0x08006068   0x08006068   0x000000bc   Code   RO         4193    i.SPI_CloseTransfer  stm32h7xx_hal_spi.o
    0x08006124   0x08006124   0x0000001a   Code   RO         4194    i.SPI_DMAAbortOnError  stm32h7xx_hal_spi.o
    0x0800613e   0x0800613e   0x00000008   Code   RO           27    i.StartComm485_1_Task  main.o
    0x08006146   0x08006146   0x00000002   PAD
    0x08006148   0x08006148   0x00000034   Code   RO           28    i.StartComm485_2_Task  main.o
    0x0800617c   0x0800617c   0x00000008   Code   RO           29    i.StartComm485_3_Task  main.o
    0x08006184   0x08006184   0x00000008   Code   RO           30    i.StartCommCAN_1_Task  main.o
    0x0800618c   0x0800618c   0x00000008   Code   RO           31    i.StartCommCAN_2_Task  main.o
    0x08006194   0x08006194   0x00000008   Code   RO           32    i.StartCommCAN_3_Task  main.o
    0x0800619c   0x0800619c   0x00000008   Code   RO           33    i.StartCommLAN_1_Task  main.o
    0x080061a4   0x080061a4   0x00000008   Code   RO           34    i.StartCommLAN_2_Task  main.o
    0x080061ac   0x080061ac   0x00000008   Code   RO           35    i.StartDefaultTask  main.o
    0x080061b4   0x080061b4   0x0000001a   Code   RO         7183    i.SysTick_Handler   cmsis_os2.o
    0x080061ce   0x080061ce   0x00000002   PAD
    0x080061d0   0x080061d0   0x000000d8   Code   RO           36    i.SystemClock_Config  main.o
    0x080062a8   0x080062a8   0x000000dc   Code   RO         6037    i.SystemInit        system_stm32h7xx.o
    0x08006384   0x08006384   0x0000000c   Code   RO          430    i.TIM6_DAC_IRQHandler  stm32h7xx_it.o
    0x08006390   0x08006390   0x000000d0   Code   RO         4586    i.TIM_Base_SetConfig  stm32h7xx_hal_tim.o
    0x08006460   0x08006460   0x0000000c   Code   RO          431    i.UART4_IRQHandler  stm32h7xx_it.o
    0x0800646c   0x0800646c   0x00000044   Code   RO         5932    i.UARTEx_SetNbDataToProcess  stm32h7xx_hal_uart_ex.o
    0x080064b0   0x080064b0   0x000000c8   Code   RO         5541    i.UART_AdvFeatureConfig  stm32h7xx_hal_uart.o
    0x08006578   0x08006578   0x000000aa   Code   RO         5542    i.UART_CheckIdleState  stm32h7xx_hal_uart.o
    0x08006622   0x08006622   0x00000014   Code   RO         5543    i.UART_DMAAbortOnError  stm32h7xx_hal_uart.o
    0x08006636   0x08006636   0x00000002   PAD
    0x08006638   0x08006638   0x00000054   Code   RO         5553    i.UART_EndRxTransfer  stm32h7xx_hal_uart.o
    0x0800668c   0x0800668c   0x000003ac   Code   RO         5559    i.UART_SetConfig    stm32h7xx_hal_uart.o
    0x08006a38   0x08006a38   0x00000094   Code   RO         5566    i.UART_WaitOnFlagUntilTimeout  stm32h7xx_hal_uart.o
    0x08006acc   0x08006acc   0x0000000c   Code   RO          432    i.USART1_IRQHandler  stm32h7xx_it.o
    0x08006ad8   0x08006ad8   0x0000000c   Code   RO          433    i.USART3_IRQHandler  stm32h7xx_it.o
    0x08006ae4   0x08006ae4   0x00000002   Code   RO          434    i.UsageFault_Handler  stm32h7xx_it.o
    0x08006ae6   0x08006ae6   0x00000022   Code   RO         2502    i.__NVIC_SetPriority  stm32h7xx_hal_cortex.o
    0x08006b08   0x08006b08   0x00000250   Code   RO           37    i.main              main.o
    0x08006d58   0x08006d58   0x0000001c   Code   RO         7185    i.osDelay           cmsis_os2.o
    0x08006d74   0x08006d74   0x0000002c   Code   RO         7190    i.osEventFlagsNew   cmsis_os2.o
    0x08006da0   0x08006da0   0x00000024   Code   RO         7199    i.osKernelInitialize  cmsis_os2.o
    0x08006dc4   0x08006dc4   0x00000038   Code   RO         7202    i.osKernelStart     cmsis_os2.o
    0x08006dfc   0x08006dfc   0x00000098   Code   RO         7230    i.osSemaphoreNew    cmsis_os2.o
    0x08006e94   0x08006e94   0x00000090   Code   RO         7244    i.osThreadNew       cmsis_os2.o
    0x08006f24   0x08006f24   0x0000005c   Code   RO         6644    i.prvAddCurrentTaskToDelayedList  tasks.o
    0x08006f80   0x08006f80   0x000000d0   Code   RO         6645    i.prvAddNewTaskToReadyList  tasks.o
    0x08007050   0x08007050   0x00000058   Code   RO         7009    i.prvCheckForValidListAndQueue  timers.o
    0x080070a8   0x080070a8   0x00000026   Code   RO         6241    i.prvCopyDataFromQueue  queue.o
    0x080070ce   0x080070ce   0x0000006c   Code   RO         6242    i.prvCopyDataToQueue  queue.o
    0x0800713a   0x0800713a   0x00000034   Code   RO         6646    i.prvDeleteTCB      tasks.o
    0x0800716e   0x0800716e   0x00000002   PAD
    0x08007170   0x08007170   0x00000050   Code   RO         7696    i.prvHeapInit       heap_4.o
    0x080071c0   0x080071c0   0x00000060   Code   RO         6647    i.prvIdleTask       tasks.o
    0x08007220   0x08007220   0x00000022   Code   RO         6244    i.prvInitialiseNewQueue  queue.o
    0x08007242   0x08007242   0x000000b0   Code   RO         6648    i.prvInitialiseNewTask  tasks.o
    0x080072f2   0x080072f2   0x00000002   PAD
    0x080072f4   0x080072f4   0x0000004c   Code   RO         7697    i.prvInsertBlockIntoFreeList  heap_4.o
    0x08007340   0x08007340   0x0000003c   Code   RO         7011    i.prvInsertTimerInActiveList  timers.o
    0x0800737c   0x0800737c   0x0000001c   Code   RO         6245    i.prvIsQueueEmpty   queue.o
    0x08007398   0x08007398   0x000000f8   Code   RO         7012    i.prvProcessReceivedCommands  timers.o
    0x08007490   0x08007490   0x000000c0   Code   RO         7013    i.prvProcessTimerOrBlockTask  timers.o
    0x08007550   0x08007550   0x00000020   Code   RO         6650    i.prvResetNextTaskUnblockTime  tasks.o
    0x08007570   0x08007570   0x00000028   Code   RO         7014    i.prvSampleTimeNow  timers.o
    0x08007598   0x08007598   0x0000006c   Code   RO         7015    i.prvSwitchTimerLists  timers.o
    0x08007604   0x08007604   0x00000028   Code   RO         7752    i.prvTaskExitError  port.o
    0x0800762c   0x0800762c   0x00000024   Code   RO         7016    i.prvTimerTask      timers.o
    0x08007650   0x08007650   0x0000006a   Code   RO         6246    i.prvUnlockQueue    queue.o
    0x080076ba   0x080076ba   0x00000002   PAD
    0x080076bc   0x080076bc   0x000000dc   Code   RO         7698    i.pvPortMalloc      heap_4.o
    0x08007798   0x08007798   0x00000030   Code   RO         7753    i.pxPortInitialiseStack  port.o
    0x080077c8   0x080077c8   0x00000026   Code   RO         6201    i.uxListRemove      list.o
    0x080077ee   0x080077ee   0x00000002   PAD
    0x080077f0   0x080077f0   0x00000018   Code   RO         7256    i.vApplicationGetIdleTaskMemory  cmsis_os2.o
    0x08007808   0x08007808   0x00000018   Code   RO         7257    i.vApplicationGetTimerTaskMemory  cmsis_os2.o
    0x08007820   0x08007820   0x00000016   Code   RO         6202    i.vListInitialise   list.o
    0x08007836   0x08007836   0x00000006   Code   RO         6203    i.vListInitialiseItem  list.o
    0x0800783c   0x0800783c   0x00000030   Code   RO         6204    i.vListInsert       list.o
    0x0800786c   0x0800786c   0x00000018   Code   RO         6205    i.vListInsertEnd    list.o
    0x08007884   0x08007884   0x00000040   Code   RO         7755    i.vPortEnterCritical  port.o
    0x080078c4   0x080078c4   0x00000028   Code   RO         7756    i.vPortExitCritical  port.o
    0x080078ec   0x080078ec   0x00000064   Code   RO         7699    i.vPortFree         heap_4.o
    0x08007950   0x08007950   0x00000024   Code   RO         7757    i.vPortSetupTimerInterrupt  port.o
    0x08007974   0x08007974   0x00000054   Code   RO         7758    i.vPortValidateInterruptPriority  port.o
    0x080079c8   0x080079c8   0x00000028   Code   RO         6252    i.vQueueAddToRegistry  queue.o
    0x080079f0   0x080079f0   0x0000002e   Code   RO         6253    i.vQueueDelete      queue.o
    0x08007a1e   0x08007a1e   0x00000002   PAD
    0x08007a20   0x08007a20   0x00000028   Code   RO         6255    i.vQueueUnregisterQueue  queue.o
    0x08007a48   0x08007a48   0x00000044   Code   RO         6256    i.vQueueWaitForMessageRestricted  queue.o
    0x08007a8c   0x08007a8c   0x0000004c   Code   RO         6663    i.vTaskDelay        tasks.o
    0x08007ad8   0x08007ad8   0x00000010   Code   RO         6668    i.vTaskInternalSetTimeOutState  tasks.o
    0x08007ae8   0x08007ae8   0x0000000c   Code   RO         6669    i.vTaskMissedYield  tasks.o
    0x08007af4   0x08007af4   0x00000030   Code   RO         6671    i.vTaskPlaceOnEventList  tasks.o
    0x08007b24   0x08007b24   0x00000038   Code   RO         6672    i.vTaskPlaceOnEventListRestricted  tasks.o
    0x08007b5c   0x08007b5c   0x00000088   Code   RO         6680    i.vTaskStartScheduler  tasks.o
    0x08007be4   0x08007be4   0x00000010   Code   RO         6682    i.vTaskSuspendAll   tasks.o
    0x08007bf4   0x08007bf4   0x00000064   Code   RO         6683    i.vTaskSwitchContext  tasks.o
    0x08007c58   0x08007c58   0x0000001c   Code   RO         6087    i.xEventGroupCreate  event_groups.o
    0x08007c74   0x08007c74   0x0000002a   Code   RO         6088    i.xEventGroupCreateStatic  event_groups.o
    0x08007c9e   0x08007c9e   0x00000002   PAD
    0x08007ca0   0x08007ca0   0x000000f4   Code   RO         7759    i.xPortStartScheduler  port.o
    0x08007d94   0x08007d94   0x0000002c   Code   RO         7760    i.xPortSysTickHandler  port.o
    0x08007dc0   0x08007dc0   0x0000003a   Code   RO         6257    i.xQueueCreateCountingSemaphore  queue.o
    0x08007dfa   0x08007dfa   0x00000040   Code   RO         6258    i.xQueueCreateCountingSemaphoreStatic  queue.o
    0x08007e3a   0x08007e3a   0x00000042   Code   RO         6261    i.xQueueGenericCreate  queue.o
    0x08007e7c   0x08007e7c   0x00000066   Code   RO         6262    i.xQueueGenericCreateStatic  queue.o
    0x08007ee2   0x08007ee2   0x00000002   PAD
    0x08007ee4   0x08007ee4   0x00000094   Code   RO         6263    i.xQueueGenericReset  queue.o
    0x08007f78   0x08007f78   0x00000160   Code   RO         6264    i.xQueueGenericSend  queue.o
    0x080080d8   0x080080d8   0x000000be   Code   RO         6265    i.xQueueGenericSendFromISR  queue.o
    0x08008196   0x08008196   0x00000002   PAD
    0x08008198   0x08008198   0x0000013c   Code   RO         6274    i.xQueueReceive     queue.o
    0x080082d4   0x080082d4   0x00000078   Code   RO         6685    i.xTaskCheckForTimeOut  tasks.o
    0x0800834c   0x0800834c   0x0000005a   Code   RO         6686    i.xTaskCreate       tasks.o
    0x080083a6   0x080083a6   0x00000056   Code   RO         6687    i.xTaskCreateStatic  tasks.o
    0x080083fc   0x080083fc   0x0000001c   Code   RO         6691    i.xTaskGetSchedulerState  tasks.o
    0x08008418   0x08008418   0x0000000c   Code   RO         6692    i.xTaskGetTickCount  tasks.o
    0x08008424   0x08008424   0x000000c8   Code   RO         6694    i.xTaskIncrementTick  tasks.o
    0x080084ec   0x080084ec   0x0000007c   Code   RO         6697    i.xTaskPriorityDisinherit  tasks.o
    0x08008568   0x08008568   0x00000070   Code   RO         6699    i.xTaskRemoveFromEventList  tasks.o
    0x080085d8   0x080085d8   0x000000c4   Code   RO         6700    i.xTaskResumeAll    tasks.o
    0x0800869c   0x0800869c   0x00000060   Code   RO         7025    i.xTimerCreateTimerTask  timers.o
    0x080086fc   0x080086fc   0x00000068   Code   RO         7026    i.xTimerGenericCommand  timers.o
    0x08008764   0x08008764   0x0000000a   Code   RO         7955    x$fpl$fpinit        fz_wv.l(fpinit.o)
    0x0800876e   0x0800876e   0x00000002   PAD
    0x08008770   0x08008770   0x00000224   Data   RO           81    .constdata          main.o
    0x08008994   0x08008994   0x00000008   Data   RO         1791    .constdata          stm32h7xx_hal_dma.o
    0x0800899c   0x0800899c   0x0000005c   Data   RO         3644    .constdata          stm32h7xx_hal_fdcan.o
    0x080089f8   0x080089f8   0x00000018   Data   RO         5567    .constdata          stm32h7xx_hal_uart.o
    0x08008a10   0x08008a10   0x00000010   Data   RO         5933    .constdata          stm32h7xx_hal_uart_ex.o
    0x08008a20   0x08008a20   0x00000010   Data   RO         6038    .constdata          system_stm32h7xx.o
    0x08008a30   0x08008a30   0x00000183   Data   RO           82    .conststring        main.o
    0x08008bb3   0x08008bb3   0x00000001   PAD
    0x08008bb4   0x08008bb4   0x00000020   Data   RO         8013    Region$$Table       anon$$obj.o


    Execution Region RW_IRAM1 (Exec base: 0x20000000, Load base: 0x08008bd4, Size: 0x00000000, Max: 0x00020000, ABSOLUTE)

    **** No section assigned to this execution region ****


    Execution Region RW_IRAM2 (Exec base: 0x24000000, Load base: 0x08008bd4, Size: 0x000162d0, Max: 0x00080000, ABSOLUTE)

    Exec Addr    Load Addr    Size         Type   Attr      Idx    E Section Name        Object

    0x24000000   0x08008bd4   0x0000005c   Data   RW           83    .data               main.o
    0x2400005c   0x08008c30   0x00000004   Data   RW          576    .data               stm32h7xx_hal_msp.o
    0x24000060   0x08008c34   0x0000000c   Data   RW         2682    .data               stm32h7xx_hal.o
    0x2400006c   0x08008c40   0x00000008   Data   RW         6039    .data               system_stm32h7xx.o
    0x24000074   0x08008c48   0x0000003c   Data   RW         6703    .data               tasks.o
    0x240000b0   0x08008c84   0x00000014   Data   RW         7034    .data               timers.o
    0x240000c4   0x08008c98   0x00000004   Data   RW         7259    .data               cmsis_os2.o
    0x240000c8   0x08008c9c   0x00000020   Data   RW         7705    .data               heap_4.o
    0x240000e8   0x08008cbc   0x0000000c   Data   RW         7761    .data               port.o
    0x240000f4        -       0x0000058c   Zero   RW           38    .bss                main.o
    0x24000680        -       0x00000078   Zero   RW           39    .bss                main.o
    0x240006f8        -       0x00000078   Zero   RW           40    .bss                main.o
    0x24000770        -       0x00000078   Zero   RW           41    .bss                main.o
    0x240007e8        -       0x00000078   Zero   RW           42    .bss                main.o
    0x24000860        -       0x00000078   Zero   RW           43    .bss                main.o
    0x240008d8        -       0x00000078   Zero   RW           44    .bss                main.o
    0x24000950        -       0x00000078   Zero   RW           45    .bss                main.o
    0x240009c8        -       0x00000078   Zero   RW           46    .bss                main.o
    0x24000a40        -       0x00000078   Zero   RW           47    .bss                main.o
    0x24000ab8        -       0x00000078   Zero   RW           48    .bss                main.o
    0x24000b30        -       0x00000200   Zero   RW           49    .bss                main.o
    0x24000d30        -       0x0000005c   Zero   RW           50    .bss                main.o
    0x24000d8c        -       0x00002000   Zero   RW           51    .bss                main.o
    0x24002d8c        -       0x0000005c   Zero   RW           52    .bss                main.o
    0x24002de8        -       0x00002000   Zero   RW           53    .bss                main.o
    0x24004de8        -       0x0000005c   Zero   RW           54    .bss                main.o
    0x24004e44        -       0x00002000   Zero   RW           55    .bss                main.o
    0x24006e44        -       0x0000005c   Zero   RW           56    .bss                main.o
    0x24006ea0        -       0x00002000   Zero   RW           57    .bss                main.o
    0x24008ea0        -       0x0000005c   Zero   RW           58    .bss                main.o
    0x24008efc        -       0x00002000   Zero   RW           59    .bss                main.o
    0x2400aefc        -       0x0000005c   Zero   RW           60    .bss                main.o
    0x2400af58        -       0x00002000   Zero   RW           61    .bss                main.o
    0x2400cf58        -       0x0000005c   Zero   RW           62    .bss                main.o
    0x2400cfb4        -       0x00002000   Zero   RW           63    .bss                main.o
    0x2400efb4        -       0x0000005c   Zero   RW           64    .bss                main.o
    0x2400f010        -       0x00002000   Zero   RW           65    .bss                main.o
    0x24011010        -       0x0000005c   Zero   RW           66    .bss                main.o
    0x2401106c        -       0x00000050   Zero   RW           67    .bss                main.o
    0x240110bc        -       0x00000050   Zero   RW           68    .bss                main.o
    0x2401110c        -       0x00000050   Zero   RW           69    .bss                main.o
    0x2401115c        -       0x00000050   Zero   RW           70    .bss                main.o
    0x240111ac        -       0x00000050   Zero   RW           71    .bss                main.o
    0x240111fc        -       0x00000050   Zero   RW           72    .bss                main.o
    0x2401124c        -       0x00000020   Zero   RW           73    .bss                main.o
    0x2401126c        -       0x00000020   Zero   RW           74    .bss                main.o
    0x2401128c        -       0x00000020   Zero   RW           75    .bss                main.o
    0x240112ac        -       0x00000020   Zero   RW           76    .bss                main.o
    0x240112cc        -       0x00000020   Zero   RW           77    .bss                main.o
    0x240112ec        -       0x00000020   Zero   RW           78    .bss                main.o
    0x2401130c        -       0x00000020   Zero   RW           79    .bss                main.o
    0x2401132c        -       0x00000020   Zero   RW           80    .bss                main.o
    0x2401134c        -       0x0000004c   Zero   RW          645    .bss                stm32h7xx_hal_timebase_tim.o
    0x24011398        -       0x00000040   Zero   RW         6278    .bss                queue.o
    0x240113d8        -       0x000004c4   Zero   RW         6702    .bss                tasks.o
    0x2401189c        -       0x00000118   Zero   RW         7033    .bss                timers.o
    0x240119b4        -       0x000006b8   Zero   RW         7258    .bss                cmsis_os2.o
    0x2401206c        -       0x00003c00   Zero   RW         7704    .bss                heap_4.o
    0x24015c6c        -       0x00000060   Zero   RW         7885    .bss                c_w.l(libspace.o)
    0x24015ccc   0x08008cc8   0x00000004   PAD
    0x24015cd0        -       0x00000200   Zero   RW            2    HEAP                startup_stm32h743xx.o
    0x24015ed0        -       0x00000400   Zero   RW            1    STACK               startup_stm32h743xx.o


==============================================================================

Image component sizes


      Code (inc. data)   RO Data    RW Data    ZI Data      Debug   Object Name

       534         22          0          4       1720      73534   cmsis_os2.o
        70          0          0          0          0      22626   event_groups.o
       476         24          0         32      15360       4967   heap_4.o
       138          0          0          0          0       3654   list.o
      2564        232        935         92      70232    1440031   main.o
       790         84          0         12          0      11577   port.o
      1804         26          0          0         64      21891   queue.o
        64         26        664          0       1536        840   startup_stm32h743xx.o
       132         32          0         12          0      22061   stm32h7xx_hal.o
      1846        152          0          0          0      68500   stm32h7xx_hal_adc.o
       160         12          0          0          0      38806   stm32h7xx_hal_cortex.o
      4776        180          8          0          0       9771   stm32h7xx_hal_dma.o
      1036         18         92          0          0       4653   stm32h7xx_hal_fdcan.o
       566         50          0          0          0       2304   stm32h7xx_hal_gpio.o
        40         10          0          0          0       1163   stm32h7xx_hal_i2c_ex.o
      2016        156          0          4          0       6467   stm32h7xx_hal_msp.o
        84          6          0          0          0        785   stm32h7xx_hal_pwr_ex.o
      2558        110          0          0          0       7845   stm32h7xx_hal_rcc.o
      4776        172          0          0          0      10539   stm32h7xx_hal_rcc_ex.o
      1152         18          0          0          0       7227   stm32h7xx_hal_spi.o
       784         66          0          0          0       7640   stm32h7xx_hal_tim.o
         6          0          0          0          0       2300   stm32h7xx_hal_tim_ex.o
       140         20          0          0         76       1591   stm32h7xx_hal_timebase_tim.o
      2754        138         24          0          0      31156   stm32h7xx_hal_uart.o
       290          6         16          0          0       5494   stm32h7xx_hal_uart_ex.o
       204         96          0          0          0      10264   stm32h7xx_it.o
         0          0          0          0          0        416   stream_buffer.o
       220         40         16          8          0       1494   system_stm32h7xx.o
      2084        162          0         60       1220      26916   tasks.o
       972         84          0         20        280      32163   timers.o

    ----------------------------------------------------------------------
     33076       1942       1788        244      90488    1878675   Object Totals
         0          0         32          0          0          0   (incl. Generated)
        40          0          1          0          0          0   (incl. Padding)

    ----------------------------------------------------------------------

      Code (inc. data)   RO Data    RW Data    ZI Data      Debug   Library Member Name

         8          0          0          0          0         68   __main.o
         0          0          0          0          0          0   __rtentry.o
        12          0          0          0          0          0   __rtentry2.o
         6          0          0          0          0          0   __rtentry4.o
        52          8          0          0          0          0   __scatter.o
        26          0          0          0          0          0   __scatter_copy.o
        28          0          0          0          0          0   __scatter_zi.o
        16          0          0          0          0         68   aeabi_memset.o
        18          0          0          0          0         80   exit.o
         6          0          0          0          0        152   heapauxi.o
         0          0          0          0          0          0   indicate_semi.o
         2          0          0          0          0          0   libinit.o
         6          0          0          0          0          0   libinit2.o
         2          0          0          0          0          0   libshutdown.o
         2          0          0          0          0          0   libshutdown2.o
         8          4          0          0         96         68   libspace.o
       238          0          0          0          0        100   lludivv7m.o
        68          0          0          0          0         68   rt_memclr.o
        78          0          0          0          0         80   rt_memclr_w.o
       138          0          0          0          0         68   rt_memcpy_v6.o
       100          0          0          0          0         80   rt_memcpy_w.o
         2          0          0          0          0          0   rtexit.o
        10          0          0          0          0          0   rtexit2.o
        12          4          0          0          0         68   sys_exit.o
        74          0          0          0          0         80   sys_stackheap_outer.o
         2          0          0          0          0         68   use_no_semi.o
        10          0          0          0          0        116   fpinit.o

    ----------------------------------------------------------------------
       932         16          0          0        100       1164   Library Totals
         8          0          0          0          4          0   (incl. Padding)

    ----------------------------------------------------------------------

      Code (inc. data)   RO Data    RW Data    ZI Data      Debug   Library Name

       914         16          0          0         96       1048   c_w.l
        10          0          0          0          0        116   fz_wv.l

    ----------------------------------------------------------------------
       932         16          0          0        100       1164   Library Totals

    ----------------------------------------------------------------------

==============================================================================


      Code (inc. data)   RO Data    RW Data    ZI Data      Debug   

     34008       1958       1788        244      90588    1858771   Grand Totals
     34008       1958       1788        244      90588    1858771   ELF Image Totals
     34008       1958       1788        244          0          0   ROM Totals

==============================================================================

    Total RO  Size (Code + RO Data)                35796 (  34.96kB)
    Total RW  Size (RW Data + ZI Data)             90832 (  88.70kB)
    Total ROM Size (Code + RO Data + RW Data)      36040 (  35.20kB)

==============================================================================

